c:\st\stm32cubeide_1.10.1\stm32cubeide\plugins\com.st.stm32cube.ide.mcu.externaltools.gnu-tools-for-stm32.10.3-2021.10.win32_1.0.0.202111181127\tools\arm-none-eabi\include\c++\10.3.1\bits\stl_algobase.h:949:3:constexpr int std::__size_to_integer(int)	16	static
c:\st\stm32cubeide_1.10.1\stm32cubeide\plugins\com.st.stm32cube.ide.mcu.externaltools.gnu-tools-for-stm32.10.3-2021.10.win32_1.0.0.202111181127\tools\bin\../lib/gcc/arm-none-eabi/10.3.1/../../../../arm-none-eabi/include/c++/10.3.1/arm-none-eabi/thumb/v7e-m+fp/hard/bits/gthr-default.h:229:1:int __gthread_key_delete(__gthread_key_t)	16	static
c:\st\stm32cubeide_1.10.1\stm32cubeide\plugins\com.st.stm32cube.ide.mcu.externaltools.gnu-tools-for-stm32.10.3-2021.10.win32_1.0.0.202111181127\tools\arm-none-eabi\include\c++\10.3.1\bits\basic_string.h:6609:3:std::string std::__cxx11::to_string(int)	40	static
C:/Users/Dragos/STM32F4_DroneFlightController/Core/libs/HC05_lib/HC05.hpp:77:14:const char* PrintableSensor::toCharArray(int)	48	static
C:/Users/Dragos/STM32F4_DroneFlightController/Core/libs/Interfaces/Timeout.hpp:24:7:void Timeout::resetTimeoutCounter()	16	static
C:/Users/Dragos/STM32F4_DroneFlightController/Core/libs/Interfaces/Timeout.hpp:42:7:void Timeout::setTimeoutValue(uint8_t)	16	static
C:/Users/Dragos/STM32F4_DroneFlightController/Core/libs/Utils/MPC_Controller.hpp:31:2:MPC_Controller::MPC_Controller()	16	static
C:/Users/Dragos/STM32F4_DroneFlightController/Core/libs/Utils/MPC_Controller.hpp:42:12:float32_t MPC_Controller::predict(float32_t, float32_t)	40	static
C:/Users/Dragos/STM32F4_DroneFlightController/Core/libs/Interfaces/Timeout.hpp:17:7:constexpr Timeout::Timeout()	16	static
C:/Users/Dragos/STM32F4_DroneFlightController/Core/libs/HC05_lib/HC05.hpp:69:7:constexpr PrintableSensor::PrintableSensor()	16	static
C:/Users/Dragos/STM32F4_DroneFlightController/Core/libs/Interfaces/Interfaces.hpp:51:2:constexpr CallsCounter::CallsCounter()	16	static
../Core/libs/VL53L0X_lib/VL53L0X.cpp:10:1:VL53L0X::VL53L0X(UART_HandleTypeDef*, DMA_HandleTypeDef*, uint8_t)	24	static
../Core/libs/VL53L0X_lib/VL53L0X.cpp:25:6:void VL53L0X::begin()	16	static
../Core/libs/VL53L0X_lib/VL53L0X.cpp:30:6:void VL53L0X::update()	32	static
../Core/libs/VL53L0X_lib/VL53L0X.cpp:61:7:float VL53L0X::getAltitudeM()	16	static
../Core/libs/VL53L0X_lib/VL53L0X.cpp:66:7:float VL53L0X::getMPCout()	16	static
../Core/libs/VL53L0X_lib/VL53L0X.cpp:71:7:float VL53L0X::getAltitudeCM()	16	static
../Core/libs/VL53L0X_lib/VL53L0X.cpp:76:10:uint32_t VL53L0X::getAltitudeMM()	16	static
../Core/libs/VL53L0X_lib/VL53L0X.cpp:81:13:virtual const char* VL53L0X::getSensorValues_str(std::set<HC05::SENSOR_DATA_PARAMETER>&)	40	static
c:\st\stm32cubeide_1.10.1\stm32cubeide\plugins\com.st.stm32cube.ide.mcu.externaltools.gnu-tools-for-stm32.10.3-2021.10.win32_1.0.0.202111181127\tools\arm-none-eabi\include\c++\10.3.1\bits\charconv.h:47:5:constexpr unsigned int std::__detail::__to_chars_len(_Tp, int) [with _Tp = unsigned int]	32	static
c:\st\stm32cubeide_1.10.1\stm32cubeide\plugins\com.st.stm32cube.ide.mcu.externaltools.gnu-tools-for-stm32.10.3-2021.10.win32_1.0.0.202111181127\tools\arm-none-eabi\include\c++\10.3.1\bits\charconv.h:72:5:void std::__detail::__to_chars_10_impl(char*, unsigned int, _Tp) [with _Tp = unsigned int]	40	static
c:\st\stm32cubeide_1.10.1\stm32cubeide\plugins\com.st.stm32cube.ide.mcu.externaltools.gnu-tools-for-stm32.10.3-2021.10.win32_1.0.0.202111181127\tools\arm-none-eabi\include\c++\10.3.1\bits\stl_algobase.h:1089:5:_OI std::fill_n(_OI, _Size, const _Tp&) [with _OI = float*; _Size = int; _Tp = float]	40	static
c:\st\stm32cubeide_1.10.1\stm32cubeide\plugins\com.st.stm32cube.ide.mcu.externaltools.gnu-tools-for-stm32.10.3-2021.10.win32_1.0.0.202111181127\tools\arm-none-eabi\include\c++\10.3.1\bits\stl_set.h:794:7:std::set<_Key, _Compare, _Alloc>::iterator std::set<_Key, _Compare, _Alloc>::find(const key_type&) [with _Key = HC05::SENSOR_DATA_PARAMETER; _Compare = std::less<HC05::SENSOR_DATA_PARAMETER>; _Alloc = std::allocator<HC05::SENSOR_DATA_PARAMETER>]	24	static
c:\st\stm32cubeide_1.10.1\stm32cubeide\plugins\com.st.stm32cube.ide.mcu.externaltools.gnu-tools-for-stm32.10.3-2021.10.win32_1.0.0.202111181127\tools\arm-none-eabi\include\c++\10.3.1\bits\stl_set.h:353:7:std::set<_Key, _Compare, _Alloc>::iterator std::set<_Key, _Compare, _Alloc>::end() const [with _Key = HC05::SENSOR_DATA_PARAMETER; _Compare = std::less<HC05::SENSOR_DATA_PARAMETER>; _Alloc = std::allocator<HC05::SENSOR_DATA_PARAMETER>]	16	static
c:\st\stm32cubeide_1.10.1\stm32cubeide\plugins\com.st.stm32cube.ide.mcu.externaltools.gnu-tools-for-stm32.10.3-2021.10.win32_1.0.0.202111181127\tools\arm-none-eabi\include\c++\10.3.1\bits\stl_tree.h:401:7:bool std::operator!=(const _Self&, const _Self&)	16	static
c:\st\stm32cubeide_1.10.1\stm32cubeide\plugins\com.st.stm32cube.ide.mcu.externaltools.gnu-tools-for-stm32.10.3-2021.10.win32_1.0.0.202111181127\tools\bin\../lib/gcc/arm-none-eabi/10.3.1/../../../../arm-none-eabi/include/c++/10.3.1/bits/stl_iterator_base_types.h:238:5:constexpr typename std::iterator_traits< <template-parameter-1-1> >::iterator_category std::__iterator_category(const _Iter&) [with _Iter = float*]	16	static
c:\st\stm32cubeide_1.10.1\stm32cubeide\plugins\com.st.stm32cube.ide.mcu.externaltools.gnu-tools-for-stm32.10.3-2021.10.win32_1.0.0.202111181127\tools\arm-none-eabi\include\c++\10.3.1\bits\stl_algobase.h:1054:5:_OutputIterator std::__fill_n_a(_OutputIterator, _Size, const _Tp&, std::random_access_iterator_tag) [with _OutputIterator = float*; _Size = int; _Tp = float]	24	static
c:\st\stm32cubeide_1.10.1\stm32cubeide\plugins\com.st.stm32cube.ide.mcu.externaltools.gnu-tools-for-stm32.10.3-2021.10.win32_1.0.0.202111181127\tools\arm-none-eabi\include\c++\10.3.1\bits\stl_tree.h:2552:5:std::_Rb_tree<_Key, _Val, _KeyOfValue, _Compare, _Alloc>::iterator std::_Rb_tree<_Key, _Val, _KeyOfValue, _Compare, _Alloc>::find(const _Key&) [with _Key = HC05::SENSOR_DATA_PARAMETER; _Val = HC05::SENSOR_DATA_PARAMETER; _KeyOfValue = std::_Identity<HC05::SENSOR_DATA_PARAMETER>; _Compare = std::less<HC05::SENSOR_DATA_PARAMETER>; _Alloc = std::allocator<HC05::SENSOR_DATA_PARAMETER>]	32	static
c:\st\stm32cubeide_1.10.1\stm32cubeide\plugins\com.st.stm32cube.ide.mcu.externaltools.gnu-tools-for-stm32.10.3-2021.10.win32_1.0.0.202111181127\tools\arm-none-eabi\include\c++\10.3.1\bits\stl_tree.h:350:7:std::_Rb_tree_const_iterator<_Tp>::_Rb_tree_const_iterator(const iterator&) [with _Tp = HC05::SENSOR_DATA_PARAMETER]	16	static
c:\st\stm32cubeide_1.10.1\stm32cubeide\plugins\com.st.stm32cube.ide.mcu.externaltools.gnu-tools-for-stm32.10.3-2021.10.win32_1.0.0.202111181127\tools\arm-none-eabi\include\c++\10.3.1\bits\stl_tree.h:1016:7:std::_Rb_tree<_Key, _Val, _KeyOfValue, _Compare, _Alloc>::const_iterator std::_Rb_tree<_Key, _Val, _KeyOfValue, _Compare, _Alloc>::end() const [with _Key = HC05::SENSOR_DATA_PARAMETER; _Val = HC05::SENSOR_DATA_PARAMETER; _KeyOfValue = std::_Identity<HC05::SENSOR_DATA_PARAMETER>; _Compare = std::less<HC05::SENSOR_DATA_PARAMETER>; _Alloc = std::allocator<HC05::SENSOR_DATA_PARAMETER>]	24	static
c:\st\stm32cubeide_1.10.1\stm32cubeide\plugins\com.st.stm32cube.ide.mcu.externaltools.gnu-tools-for-stm32.10.3-2021.10.win32_1.0.0.202111181127\tools\arm-none-eabi\include\c++\10.3.1\bits\stl_algobase.h:913:5:void std::__fill_a(_FIte, _FIte, const _Tp&) [with _FIte = float*; _Tp = float]	24	static
c:\st\stm32cubeide_1.10.1\stm32cubeide\plugins\com.st.stm32cube.ide.mcu.externaltools.gnu-tools-for-stm32.10.3-2021.10.win32_1.0.0.202111181127\tools\arm-none-eabi\include\c++\10.3.1\bits\stl_tree.h:750:7:std::_Rb_tree_node<_Val>* std::_Rb_tree<_Key, _Val, _KeyOfValue, _Compare, _Alloc>::_M_begin() [with _Key = HC05::SENSOR_DATA_PARAMETER; _Val = HC05::SENSOR_DATA_PARAMETER; _KeyOfValue = std::_Identity<HC05::SENSOR_DATA_PARAMETER>; _Compare = std::less<HC05::SENSOR_DATA_PARAMETER>; _Alloc = std::allocator<HC05::SENSOR_DATA_PARAMETER>]	16	static
c:\st\stm32cubeide_1.10.1\stm32cubeide\plugins\com.st.stm32cube.ide.mcu.externaltools.gnu-tools-for-stm32.10.3-2021.10.win32_1.0.0.202111181127\tools\arm-none-eabi\include\c++\10.3.1\bits\stl_tree.h:761:7:std::_Rb_tree_node_base* std::_Rb_tree<_Key, _Val, _KeyOfValue, _Compare, _Alloc>::_M_end() [with _Key = HC05::SENSOR_DATA_PARAMETER; _Val = HC05::SENSOR_DATA_PARAMETER; _KeyOfValue = std::_Identity<HC05::SENSOR_DATA_PARAMETER>; _Compare = std::less<HC05::SENSOR_DATA_PARAMETER>; _Alloc = std::allocator<HC05::SENSOR_DATA_PARAMETER>]	16	static
c:\st\stm32cubeide_1.10.1\stm32cubeide\plugins\com.st.stm32cube.ide.mcu.externaltools.gnu-tools-for-stm32.10.3-2021.10.win32_1.0.0.202111181127\tools\arm-none-eabi\include\c++\10.3.1\bits\stl_tree.h:1932:5:std::_Rb_tree<_Key, _Val, _KeyOfValue, _Compare, _Alloc>::iterator std::_Rb_tree<_Key, _Val, _KeyOfValue, _Compare, _Alloc>::_M_lower_bound(std::_Rb_tree<_Key, _Val, _KeyOfValue, _Compare, _Alloc>::_Link_type, std::_Rb_tree<_Key, _Val, _KeyOfValue, _Compare, _Alloc>::_Base_ptr, const _Key&) [with _Key = HC05::SENSOR_DATA_PARAMETER; _Val = HC05::SENSOR_DATA_PARAMETER; _KeyOfValue = std::_Identity<HC05::SENSOR_DATA_PARAMETER>; _Compare = std::less<HC05::SENSOR_DATA_PARAMETER>; _Alloc = std::allocator<HC05::SENSOR_DATA_PARAMETER>]	40	static
c:\st\stm32cubeide_1.10.1\stm32cubeide\plugins\com.st.stm32cube.ide.mcu.externaltools.gnu-tools-for-stm32.10.3-2021.10.win32_1.0.0.202111181127\tools\arm-none-eabi\include\c++\10.3.1\bits\stl_tree.h:1012:7:std::_Rb_tree<_Key, _Val, _KeyOfValue, _Compare, _Alloc>::iterator std::_Rb_tree<_Key, _Val, _KeyOfValue, _Compare, _Alloc>::end() [with _Key = HC05::SENSOR_DATA_PARAMETER; _Val = HC05::SENSOR_DATA_PARAMETER; _KeyOfValue = std::_Identity<HC05::SENSOR_DATA_PARAMETER>; _Compare = std::less<HC05::SENSOR_DATA_PARAMETER>; _Alloc = std::allocator<HC05::SENSOR_DATA_PARAMETER>]	24	static
c:\st\stm32cubeide_1.10.1\stm32cubeide\plugins\com.st.stm32cube.ide.mcu.externaltools.gnu-tools-for-stm32.10.3-2021.10.win32_1.0.0.202111181127\tools\arm-none-eabi\include\c++\10.3.1\bits\stl_tree.h:315:7:bool std::operator==(const _Self&, const _Self&)	16	static
c:\st\stm32cubeide_1.10.1\stm32cubeide\plugins\com.st.stm32cube.ide.mcu.externaltools.gnu-tools-for-stm32.10.3-2021.10.win32_1.0.0.202111181127\tools\arm-none-eabi\include\c++\10.3.1\bits\stl_tree.h:807:7:static const _Key& std::_Rb_tree<_Key, _Val, _KeyOfValue, _Compare, _Alloc>::_S_key(std::_Rb_tree<_Key, _Val, _KeyOfValue, _Compare, _Alloc>::_Const_Base_ptr) [with _Key = HC05::SENSOR_DATA_PARAMETER; _Val = HC05::SENSOR_DATA_PARAMETER; _KeyOfValue = std::_Identity<HC05::SENSOR_DATA_PARAMETER>; _Compare = std::less<HC05::SENSOR_DATA_PARAMETER>; _Alloc = std::allocator<HC05::SENSOR_DATA_PARAMETER>]	16	static
c:\st\stm32cubeide_1.10.1\stm32cubeide\plugins\com.st.stm32cube.ide.mcu.externaltools.gnu-tools-for-stm32.10.3-2021.10.win32_1.0.0.202111181127\tools\arm-none-eabi\include\c++\10.3.1\bits\stl_function.h:385:7:constexpr bool std::less<_Tp>::operator()(const _Tp&, const _Tp&) const [with _Tp = HC05::SENSOR_DATA_PARAMETER]	24	static
c:\st\stm32cubeide_1.10.1\stm32cubeide\plugins\com.st.stm32cube.ide.mcu.externaltools.gnu-tools-for-stm32.10.3-2021.10.win32_1.0.0.202111181127\tools\arm-none-eabi\include\c++\10.3.1\bits\stl_tree.h:347:7:std::_Rb_tree_const_iterator<_Tp>::_Rb_tree_const_iterator(std::_Rb_tree_const_iterator<_Tp>::_Base_ptr) [with _Tp = HC05::SENSOR_DATA_PARAMETER]	16	static
c:\st\stm32cubeide_1.10.1\stm32cubeide\plugins\com.st.stm32cube.ide.mcu.externaltools.gnu-tools-for-stm32.10.3-2021.10.win32_1.0.0.202111181127\tools\arm-none-eabi\include\c++\10.3.1\bits\stl_algobase.h:868:5:typename __gnu_cxx::__enable_if<std::__is_scalar<_Tp>::__value, void>::__type std::__fill_a1(_ForwardIterator, _ForwardIterator, const _Tp&) [with _ForwardIterator = float*; _Tp = float]	32	static
c:\st\stm32cubeide_1.10.1\stm32cubeide\plugins\com.st.stm32cube.ide.mcu.externaltools.gnu-tools-for-stm32.10.3-2021.10.win32_1.0.0.202111181127\tools\arm-none-eabi\include\c++\10.3.1\bits\stl_tree.h:769:7:static const _Key& std::_Rb_tree<_Key, _Val, _KeyOfValue, _Compare, _Alloc>::_S_key(std::_Rb_tree<_Key, _Val, _KeyOfValue, _Compare, _Alloc>::_Const_Link_type) [with _Key = HC05::SENSOR_DATA_PARAMETER; _Val = HC05::SENSOR_DATA_PARAMETER; _KeyOfValue = std::_Identity<HC05::SENSOR_DATA_PARAMETER>; _Compare = std::less<HC05::SENSOR_DATA_PARAMETER>; _Alloc = std::allocator<HC05::SENSOR_DATA_PARAMETER>]	24	static
c:\st\stm32cubeide_1.10.1\stm32cubeide\plugins\com.st.stm32cube.ide.mcu.externaltools.gnu-tools-for-stm32.10.3-2021.10.win32_1.0.0.202111181127\tools\arm-none-eabi\include\c++\10.3.1\bits\stl_tree.h:791:7:static std::_Rb_tree_node<_Val>* std::_Rb_tree<_Key, _Val, _KeyOfValue, _Compare, _Alloc>::_S_left(std::_Rb_tree<_Key, _Val, _KeyOfValue, _Compare, _Alloc>::_Base_ptr) [with _Key = HC05::SENSOR_DATA_PARAMETER; _Val = HC05::SENSOR_DATA_PARAMETER; _KeyOfValue = std::_Identity<HC05::SENSOR_DATA_PARAMETER>; _Compare = std::less<HC05::SENSOR_DATA_PARAMETER>; _Alloc = std::allocator<HC05::SENSOR_DATA_PARAMETER>]	16	static
c:\st\stm32cubeide_1.10.1\stm32cubeide\plugins\com.st.stm32cube.ide.mcu.externaltools.gnu-tools-for-stm32.10.3-2021.10.win32_1.0.0.202111181127\tools\arm-none-eabi\include\c++\10.3.1\bits\stl_tree.h:799:7:static std::_Rb_tree_node<_Val>* std::_Rb_tree<_Key, _Val, _KeyOfValue, _Compare, _Alloc>::_S_right(std::_Rb_tree<_Key, _Val, _KeyOfValue, _Compare, _Alloc>::_Base_ptr) [with _Key = HC05::SENSOR_DATA_PARAMETER; _Val = HC05::SENSOR_DATA_PARAMETER; _KeyOfValue = std::_Identity<HC05::SENSOR_DATA_PARAMETER>; _Compare = std::less<HC05::SENSOR_DATA_PARAMETER>; _Alloc = std::allocator<HC05::SENSOR_DATA_PARAMETER>]	16	static
c:\st\stm32cubeide_1.10.1\stm32cubeide\plugins\com.st.stm32cube.ide.mcu.externaltools.gnu-tools-for-stm32.10.3-2021.10.win32_1.0.0.202111181127\tools\arm-none-eabi\include\c++\10.3.1\bits\stl_tree.h:273:7:std::_Rb_tree_iterator<_Tp>::_Rb_tree_iterator(std::_Rb_tree_iterator<_Tp>::_Base_ptr) [with _Tp = HC05::SENSOR_DATA_PARAMETER]	16	static
c:\st\stm32cubeide_1.10.1\stm32cubeide\plugins\com.st.stm32cube.ide.mcu.externaltools.gnu-tools-for-stm32.10.3-2021.10.win32_1.0.0.202111181127\tools\arm-none-eabi\include\c++\10.3.1\bits\stl_tree.h:238:7:const _Val* std::_Rb_tree_node<_Val>::_M_valptr() const [with _Val = HC05::SENSOR_DATA_PARAMETER]	16	static
c:\st\stm32cubeide_1.10.1\stm32cubeide\plugins\com.st.stm32cube.ide.mcu.externaltools.gnu-tools-for-stm32.10.3-2021.10.win32_1.0.0.202111181127\tools\arm-none-eabi\include\c++\10.3.1\bits\stl_function.h:1139:7:const _Tp& std::_Identity<_Tp>::operator()(const _Tp&) const [with _Tp = HC05::SENSOR_DATA_PARAMETER]	16	static
c:\st\stm32cubeide_1.10.1\stm32cubeide\plugins\com.st.stm32cube.ide.mcu.externaltools.gnu-tools-for-stm32.10.3-2021.10.win32_1.0.0.202111181127\tools\arm-none-eabi\include\c++\10.3.1\ext\aligned_buffer.h:76:7:const _Tp* __gnu_cxx::__aligned_membuf<_Tp>::_M_ptr() const [with _Tp = HC05::SENSOR_DATA_PARAMETER]	16	static
c:\st\stm32cubeide_1.10.1\stm32cubeide\plugins\com.st.stm32cube.ide.mcu.externaltools.gnu-tools-for-stm32.10.3-2021.10.win32_1.0.0.202111181127\tools\arm-none-eabi\include\c++\10.3.1\ext\aligned_buffer.h:68:7:const void* __gnu_cxx::__aligned_membuf<_Tp>::_M_addr() const [with _Tp = HC05::SENSOR_DATA_PARAMETER]	16	static
