C:/Users/DDarie/STM32F4_DroneFlightController/Core/libs/Interfaces/Timeout.hpp:42:7:void Timeout::setTimeoutValue(uint8_t)	16	static
C:/Users/DDarie/STM32F4_DroneFlightController/Core/libs/Interfaces/Timeout.hpp:17:7:constexpr Timeout::Timeout()	16	static
C:/Users/DDarie/STM32F4_DroneFlightController/Core/libs/Interfaces/Interfaces.hpp:51:2:constexpr CallsCounter::CallsCounter()	16	static
../Core/libs/FrSkyRX_lib/FrSkyRX.cpp:10:1:FrSkyRX::FrSkyRX(UART_HandleTypeDef*, DMA_HandleTypeDef*, Buzzer*, uint8_t)	24	static
../Core/libs/FrSkyRX_lib/FrSkyRX.cpp:20:6:void FrSkyRX::begin()	16	static
../Core/libs/FrSkyRX_lib/FrSkyRX.cpp:25:6:void FrSkyRX::update()	24	static
../Core/libs/FrSkyRX_lib/FrSkyRX.cpp:57:6:void FrSkyRX::processStateMachine()	16	static
../Core/libs/FrSkyRX_lib/FrSkyRX.cpp:107:14:FrSkyRXState FrSkyRX::getCurrentState() const	16	static
../Core/libs/FrSkyRX_lib/FrSkyRX.cpp:112:6:void FrSkyRX::updateValues()	16	static
../Core/libs/FrSkyRX_lib/FrSkyRX.cpp:162:6:bool FrSkyRX::isDisconnected() const	24	static
../Core/libs/FrSkyRX_lib/FrSkyRX.cpp:177:7:float FrSkyRX::getThrottle()	16	static
../Core/libs/FrSkyRX_lib/FrSkyRX.cpp:182:7:float FrSkyRX::getTargetRoll()	16	static
../Core/libs/FrSkyRX_lib/FrSkyRX.cpp:187:7:float FrSkyRX::getTargetPitch()	16	static
../Core/libs/FrSkyRX_lib/FrSkyRX.cpp:192:7:float FrSkyRX::getTargetYaw()	16	static
../Core/libs/FrSkyRX_lib/FrSkyRX.cpp:197:6:bool FrSkyRX::isRxOk()	16	static
../Core/libs/FrSkyRX_lib/FrSkyRX.cpp:205:10:uint8_t* FrSkyRX::getBuffer_ptr()	16	static
../Core/libs/FrSkyRX_lib/FrSkyRX.cpp:210:9:uint8_t FrSkyRX::getFrameLength()	16	static
