../Drivers/CMSIS/Include/core_cm4.h:1657:22:void __NVIC_SetPriorityGrouping(uint32_t)	24	static
C:/Users/DDarie/STM32F4_DroneFlightController/Core/libs/Interfaces/Interfaces.hpp:31:7:void CallsCounter::incrementInterruptCounter()	24	static
C:/Users/DDarie/STM32F4_DroneFlightController/Core/libs/Interfaces/Interfaces.hpp:36:7:void CallsCounter::incrementTaskCounter()	24	static
c:\st\stm32cubeide_1.10.1\stm32cubeide\plugins\com.st.stm32cube.ide.mcu.externaltools.gnu-tools-for-stm32.10.3-2021.10.win32_1.0.0.202111181127\tools\arm-none-eabi\include\c++\10.3.1\new:174:33:void* operator new(std::size_t, void*)	16	static
c:\st\stm32cubeide_1.10.1\stm32cubeide\plugins\com.st.stm32cube.ide.mcu.externaltools.gnu-tools-for-stm32.10.3-2021.10.win32_1.0.0.202111181127\tools\arm-none-eabi\include\c++\10.3.1\bits\stl_tree.h:173:5:std::_Rb_tree_header::_Rb_tree_header()	16	static
c:\st\stm32cubeide_1.10.1\stm32cubeide\plugins\com.st.stm32cube.ide.mcu.externaltools.gnu-tools-for-stm32.10.3-2021.10.win32_1.0.0.202111181127\tools\arm-none-eabi\include\c++\10.3.1\bits\stl_tree.h:206:5:void std::_Rb_tree_header::_M_reset()	16	static
c:\st\stm32cubeide_1.10.1\stm32cubeide\plugins\com.st.stm32cube.ide.mcu.externaltools.gnu-tools-for-stm32.10.3-2021.10.win32_1.0.0.202111181127\tools\bin\../lib/gcc/arm-none-eabi/10.3.1/../../../../arm-none-eabi/include/c++/10.3.1/arm-none-eabi/thumb/v7e-m+fp/hard/bits/gthr-default.h:229:1:int __gthread_key_delete(__gthread_key_t)	16	static
C:/Users/DDarie/STM32F4_DroneFlightController/Core/libs/Utils/utils_functions.hpp:22:18:int16_t drone::utils::functions::concatBytes(uint8_t, uint8_t)	16	static
C:/Users/DDarie/STM32F4_DroneFlightController/Core/libs/Interfaces/Timeout.hpp:29:7:void Timeout::incrementTimeoutCounter()	16	static
c:\st\stm32cubeide_1.10.1\stm32cubeide\plugins\com.st.stm32cube.ide.mcu.externaltools.gnu-tools-for-stm32.10.3-2021.10.win32_1.0.0.202111181127\tools\arm-none-eabi\include\c++\10.3.1\bits\stl_map.h:302:7:std::map<_Key, _Tp, _Compare, _Alloc>::~map() [with _Key = MemoryDescriptor; _Tp = std::pair<long unsigned int, MemoryDataType>; _Compare = std::less<MemoryDescriptor>; _Alloc = std::allocator<std::pair<const MemoryDescriptor, std::pair<long unsigned int, MemoryDataType> > >]	16	static
C:/Users/DDarie/STM32F4_DroneFlightController/Core/Src/Implementation/tasks/DynamicProcessTask.hpp:21:6:void DynamicsProcessTask(void*)	64	static
C:/Users/DDarie/STM32F4_DroneFlightController/Core/Src/Implementation/tasks/FaultsCheckTask.hpp:13:6:void FaultsCheckTask(void*)	32	static
C:/Users/DDarie/STM32F4_DroneFlightController/Core/Src/Implementation/tasks/SensorsDataReadTask.hpp:21:6:void sensorsDataReadTask(void*)	40	static
C:/Users/DDarie/STM32F4_DroneFlightController/Core/Src/Implementation/ISRs/ISRs.hpp:14:6:void HAL_UART_TxCpltCallback(UART_HandleTypeDef*)	24	static
C:/Users/DDarie/STM32F4_DroneFlightController/Core/Src/Implementation/ISRs/ISRs.hpp:26:6:void HAL_TIM_PeriodElapsedCallback(TIM_HandleTypeDef*)	16	static
C:/Users/DDarie/STM32F4_DroneFlightController/Core/Src/Implementation/ISRs/ISRs.hpp:38:17:void HAL_GPIO_EXTI_Callback(uint16_t)	40	static,ignoring_inline_asm
C:/Users/DDarie/STM32F4_DroneFlightController/Core/Src/Implementation/ISRs/ISRs.hpp:67:6:void HAL_UART_RxCpltCallback(UART_HandleTypeDef*)	40	static,ignoring_inline_asm
../Core/Src/main.cpp:63:5:int main()	48	static
../Core/Src/main.cpp:123:6:void SystemClock_Config()	88	static
../Core/Src/main.cpp:169:13:void MX_ADC1_Init()	24	static
../Core/Src/main.cpp:221:13:void MX_SDIO_SD_Init()	8	static
../Core/Src/main.cpp:257:13:void MX_SPI2_Init()	8	static
../Core/Src/main.cpp:295:13:void MX_TIM3_Init()	64	static
../Core/Src/main.cpp:366:13:void MX_TIM4_Init()	32	static
../Core/Src/main.cpp:411:13:void MX_UART4_Init()	8	static
../Core/Src/main.cpp:444:13:void MX_USART1_UART_Init()	8	static
../Core/Src/main.cpp:477:13:void MX_USART2_UART_Init()	8	static
../Core/Src/main.cpp:510:13:void MX_USART3_UART_Init()	8	static
../Core/Src/main.cpp:543:13:void MX_USART6_UART_Init()	8	static
../Core/Src/main.cpp:574:13:void MX_DMA_Init()	16	static
../Core/Src/main.cpp:614:13:void MX_GPIO_Init()	48	static
../Core/Src/main.cpp:678:6:void Error_Handler()	4	static,ignoring_inline_asm
c:\st\stm32cubeide_1.10.1\stm32cubeide\plugins\com.st.stm32cube.ide.mcu.externaltools.gnu-tools-for-stm32.10.3-2021.10.win32_1.0.0.202111181127\tools\arm-none-eabi\include\c++\10.3.1\bits\allocator.h:164:7:std::allocator< <template-parameter-1-1> >::allocator() [with _Tp = std::pair<const MemoryDescriptor, std::pair<long unsigned int, MemoryDataType> >]	16	static
c:\st\stm32cubeide_1.10.1\stm32cubeide\plugins\com.st.stm32cube.ide.mcu.externaltools.gnu-tools-for-stm32.10.3-2021.10.win32_1.0.0.202111181127\tools\arm-none-eabi\include\c++\10.3.1\bits\allocator.h:182:7:std::allocator< <template-parameter-1-1> >::~allocator() [with _Tp = std::pair<const MemoryDescriptor, std::pair<long unsigned int, MemoryDataType> >]	16	static
c:\st\stm32cubeide_1.10.1\stm32cubeide\plugins\com.st.stm32cube.ide.mcu.externaltools.gnu-tools-for-stm32.10.3-2021.10.win32_1.0.0.202111181127\tools\arm-none-eabi\include\c++\10.3.1\bits\stl_map.h:228:7:std::map<_Key, _Tp, _Compare, _Alloc>::map(std::initializer_list<std::pair<const _Key, _Tp> >, const _Compare&, const allocator_type&) [with _Key = MemoryDescriptor; _Tp = std::pair<long unsigned int, MemoryDataType>; _Compare = std::less<MemoryDescriptor>; _Alloc = std::allocator<std::pair<const MemoryDescriptor, std::pair<long unsigned int, MemoryDataType> > >]	40	static
c:\st\stm32cubeide_1.10.1\stm32cubeide\plugins\com.st.stm32cube.ide.mcu.externaltools.gnu-tools-for-stm32.10.3-2021.10.win32_1.0.0.202111181127\tools\arm-none-eabi\include\c++\10.3.1\bits\stl_tree.h:677:9:std::_Rb_tree<MemoryDescriptor, std::pair<const MemoryDescriptor, std::pair<long unsigned int, MemoryDataType> >, std::_Select1st<std::pair<const MemoryDescriptor, std::pair<long unsigned int, MemoryDataType> > >, std::less<MemoryDescriptor>, std::allocator<std::pair<const MemoryDescriptor, std::pair<long unsigned int, MemoryDataType> > > >::_Rb_tree_impl<std::less<MemoryDescriptor>, true>::~_Rb_tree_impl()	16	static
c:\st\stm32cubeide_1.10.1\stm32cubeide\plugins\com.st.stm32cube.ide.mcu.externaltools.gnu-tools-for-stm32.10.3-2021.10.win32_1.0.0.202111181127\tools\arm-none-eabi\include\c++\10.3.1\bits\stl_tree.h:992:7:std::_Rb_tree<_Key, _Val, _KeyOfValue, _Compare, _Alloc>::~_Rb_tree() [with _Key = MemoryDescriptor; _Val = std::pair<const MemoryDescriptor, std::pair<long unsigned int, MemoryDataType> >; _KeyOfValue = std::_Select1st<std::pair<const MemoryDescriptor, std::pair<long unsigned int, MemoryDataType> > >; _Compare = std::less<MemoryDescriptor>; _Alloc = std::allocator<std::pair<const MemoryDescriptor, std::pair<long unsigned int, MemoryDataType> > >]	16	static
c:\st\stm32cubeide_1.10.1\stm32cubeide\plugins\com.st.stm32cube.ide.mcu.externaltools.gnu-tools-for-stm32.10.3-2021.10.win32_1.0.0.202111181127\tools\arm-none-eabi\include\c++\10.3.1\ext\new_allocator.h:79:7:__gnu_cxx::new_allocator<_Tp>::new_allocator() [with _Tp = std::pair<const MemoryDescriptor, std::pair<long unsigned int, MemoryDataType> >]	16	static
c:\st\stm32cubeide_1.10.1\stm32cubeide\plugins\com.st.stm32cube.ide.mcu.externaltools.gnu-tools-for-stm32.10.3-2021.10.win32_1.0.0.202111181127\tools\arm-none-eabi\include\c++\10.3.1\ext\new_allocator.h:89:7:__gnu_cxx::new_allocator<_Tp>::~new_allocator() [with _Tp = std::pair<const MemoryDescriptor, std::pair<long unsigned int, MemoryDataType> >]	16	static
c:\st\stm32cubeide_1.10.1\stm32cubeide\plugins\com.st.stm32cube.ide.mcu.externaltools.gnu-tools-for-stm32.10.3-2021.10.win32_1.0.0.202111181127\tools\arm-none-eabi\include\c++\10.3.1\bits\allocator.h:167:7:std::allocator< <template-parameter-1-1> >::allocator(const std::allocator< <template-parameter-1-1> >&) [with _Tp = std::pair<const MemoryDescriptor, std::pair<long unsigned int, MemoryDataType> >]	16	static
c:\st\stm32cubeide_1.10.1\stm32cubeide\plugins\com.st.stm32cube.ide.mcu.externaltools.gnu-tools-for-stm32.10.3-2021.10.win32_1.0.0.202111181127\tools\arm-none-eabi\include\c++\10.3.1\bits\stl_tree.h:940:7:std::_Rb_tree<_Key, _Val, _KeyOfValue, _Compare, _Alloc>::_Rb_tree(const _Compare&, const allocator_type&) [with _Key = MemoryDescriptor; _Val = std::pair<const MemoryDescriptor, std::pair<long unsigned int, MemoryDataType> >; _KeyOfValue = std::_Select1st<std::pair<const MemoryDescriptor, std::pair<long unsigned int, MemoryDataType> > >; _Compare = std::less<MemoryDescriptor>; _Alloc = std::allocator<std::pair<const MemoryDescriptor, std::pair<long unsigned int, MemoryDataType> > >]	40	static
c:\st\stm32cubeide_1.10.1\stm32cubeide\plugins\com.st.stm32cube.ide.mcu.externaltools.gnu-tools-for-stm32.10.3-2021.10.win32_1.0.0.202111181127\tools\arm-none-eabi\include\c++\10.3.1\initializer_list:75:7:constexpr const _E* std::initializer_list<_E>::begin() const [with _E = std::pair<const MemoryDescriptor, std::pair<long unsigned int, MemoryDataType> >]	16	static
c:\st\stm32cubeide_1.10.1\stm32cubeide\plugins\com.st.stm32cube.ide.mcu.externaltools.gnu-tools-for-stm32.10.3-2021.10.win32_1.0.0.202111181127\tools\arm-none-eabi\include\c++\10.3.1\initializer_list:79:7:constexpr const _E* std::initializer_list<_E>::end() const [with _E = std::pair<const MemoryDescriptor, std::pair<long unsigned int, MemoryDataType> >]	24	static
c:\st\stm32cubeide_1.10.1\stm32cubeide\plugins\com.st.stm32cube.ide.mcu.externaltools.gnu-tools-for-stm32.10.3-2021.10.win32_1.0.0.202111181127\tools\arm-none-eabi\include\c++\10.3.1\bits\stl_tree.h:1107:2:std::__enable_if_t<std::is_same<_Val, typename std::iterator_traits<_InputIterator>::value_type>::value> std::_Rb_tree<_Key, _Val, _KeyOfValue, _Compare, _Alloc>::_M_insert_range_unique(_InputIterator, _InputIterator) [with _InputIterator = const std::pair<const MemoryDescriptor, std::pair<long unsigned int, MemoryDataType> >*; _Key = MemoryDescriptor; _Val = std::pair<const MemoryDescriptor, std::pair<long unsigned int, MemoryDataType> >; _KeyOfValue = std::_Select1st<std::pair<const MemoryDescriptor, std::pair<long unsigned int, MemoryDataType> > >; _Compare = std::less<MemoryDescriptor>; _Alloc = std::allocator<std::pair<const MemoryDescriptor, std::pair<long unsigned int, MemoryDataType> > >]	40	static
c:\st\stm32cubeide_1.10.1\stm32cubeide\plugins\com.st.stm32cube.ide.mcu.externaltools.gnu-tools-for-stm32.10.3-2021.10.win32_1.0.0.202111181127\tools\arm-none-eabi\include\c++\10.3.1\bits\allocator.h:182:7:std::allocator< <template-parameter-1-1> >::~allocator() [with _Tp = std::_Rb_tree_node<std::pair<const MemoryDescriptor, std::pair<long unsigned int, MemoryDataType> > >]	16	static
c:\st\stm32cubeide_1.10.1\stm32cubeide\plugins\com.st.stm32cube.ide.mcu.externaltools.gnu-tools-for-stm32.10.3-2021.10.win32_1.0.0.202111181127\tools\arm-none-eabi\include\c++\10.3.1\bits\stl_tree.h:1915:5:void std::_Rb_tree<_Key, _Val, _KeyOfValue, _Compare, _Alloc>::_M_erase(std::_Rb_tree<_Key, _Val, _KeyOfValue, _Compare, _Alloc>::_Link_type) [with _Key = MemoryDescriptor; _Val = std::pair<const MemoryDescriptor, std::pair<long unsigned int, MemoryDataType> >; _KeyOfValue = std::_Select1st<std::pair<const MemoryDescriptor, std::pair<long unsigned int, MemoryDataType> > >; _Compare = std::less<MemoryDescriptor>; _Alloc = std::allocator<std::pair<const MemoryDescriptor, std::pair<long unsigned int, MemoryDataType> > >]	24	static
c:\st\stm32cubeide_1.10.1\stm32cubeide\plugins\com.st.stm32cube.ide.mcu.externaltools.gnu-tools-for-stm32.10.3-2021.10.win32_1.0.0.202111181127\tools\arm-none-eabi\include\c++\10.3.1\bits\stl_tree.h:750:7:std::_Rb_tree_node<_Val>* std::_Rb_tree<_Key, _Val, _KeyOfValue, _Compare, _Alloc>::_M_begin() [with _Key = MemoryDescriptor; _Val = std::pair<const MemoryDescriptor, std::pair<long unsigned int, MemoryDataType> >; _KeyOfValue = std::_Select1st<std::pair<const MemoryDescriptor, std::pair<long unsigned int, MemoryDataType> > >; _Compare = std::less<MemoryDescriptor>; _Alloc = std::allocator<std::pair<const MemoryDescriptor, std::pair<long unsigned int, MemoryDataType> > >]	16	static
c:\st\stm32cubeide_1.10.1\stm32cubeide\plugins\com.st.stm32cube.ide.mcu.externaltools.gnu-tools-for-stm32.10.3-2021.10.win32_1.0.0.202111181127\tools\arm-none-eabi\include\c++\10.3.1\ext\new_allocator.h:82:7:__gnu_cxx::new_allocator<_Tp>::new_allocator(const __gnu_cxx::new_allocator<_Tp>&) [with _Tp = std::pair<const MemoryDescriptor, std::pair<long unsigned int, MemoryDataType> >]	16	static
c:\st\stm32cubeide_1.10.1\stm32cubeide\plugins\com.st.stm32cube.ide.mcu.externaltools.gnu-tools-for-stm32.10.3-2021.10.win32_1.0.0.202111181127\tools\arm-none-eabi\include\c++\10.3.1\bits\allocator.h:177:2:std::allocator< <template-parameter-1-1> >::allocator(const std::allocator<_Tp1>&) [with _Tp1 = std::pair<const MemoryDescriptor, std::pair<long unsigned int, MemoryDataType> >; _Tp = std::_Rb_tree_node<std::pair<const MemoryDescriptor, std::pair<long unsigned int, MemoryDataType> > >]	16	static
c:\st\stm32cubeide_1.10.1\stm32cubeide\plugins\com.st.stm32cube.ide.mcu.externaltools.gnu-tools-for-stm32.10.3-2021.10.win32_1.0.0.202111181127\tools\arm-none-eabi\include\c++\10.3.1\bits\stl_tree.h:716:4:std::_Rb_tree<_Key, _Val, _KeyOfValue, _Compare, _Alloc>::_Rb_tree_impl<_Key_compare, <anonymous> >::_Rb_tree_impl(const _Key_compare&, std::_Rb_tree<_Key, _Val, _KeyOfValue, _Compare, _Alloc>::_Node_allocator&&) [with _Key_compare = std::less<MemoryDescriptor>; bool <anonymous> = true; _Key = MemoryDescriptor; _Val = std::pair<const MemoryDescriptor, std::pair<long unsigned int, MemoryDataType> >; _KeyOfValue = std::_Select1st<std::pair<const MemoryDescriptor, std::pair<long unsigned int, MemoryDataType> > >; _Compare = std::less<MemoryDescriptor>; _Alloc = std::allocator<std::pair<const MemoryDescriptor, std::pair<long unsigned int, MemoryDataType> > >]	24	static
c:\st\stm32cubeide_1.10.1\stm32cubeide\plugins\com.st.stm32cube.ide.mcu.externaltools.gnu-tools-for-stm32.10.3-2021.10.win32_1.0.0.202111181127\tools\arm-none-eabi\include\c++\10.3.1\initializer_list:71:7:constexpr std::initializer_list<_E>::size_type std::initializer_list<_E>::size() const [with _E = std::pair<const MemoryDescriptor, std::pair<long unsigned int, MemoryDataType> >]	16	static
c:\st\stm32cubeide_1.10.1\stm32cubeide\plugins\com.st.stm32cube.ide.mcu.externaltools.gnu-tools-for-stm32.10.3-2021.10.win32_1.0.0.202111181127\tools\arm-none-eabi\include\c++\10.3.1\bits\stl_tree.h:542:2:std::_Rb_tree<_Key, _Val, _KeyOfValue, _Compare, _Alloc>::_Alloc_node::_Alloc_node(std::_Rb_tree<_Key, _Val, _KeyOfValue, _Compare, _Alloc>&) [with _Key = MemoryDescriptor; _Val = std::pair<const MemoryDescriptor, std::pair<long unsigned int, MemoryDataType> >; _KeyOfValue = std::_Select1st<std::pair<const MemoryDescriptor, std::pair<long unsigned int, MemoryDataType> > >; _Compare = std::less<MemoryDescriptor>; _Alloc = std::allocator<std::pair<const MemoryDescriptor, std::pair<long unsigned int, MemoryDataType> > >]	16	static
c:\st\stm32cubeide_1.10.1\stm32cubeide\plugins\com.st.stm32cube.ide.mcu.externaltools.gnu-tools-for-stm32.10.3-2021.10.win32_1.0.0.202111181127\tools\arm-none-eabi\include\c++\10.3.1\bits\stl_tree.h:1012:7:std::_Rb_tree<_Key, _Val, _KeyOfValue, _Compare, _Alloc>::iterator std::_Rb_tree<_Key, _Val, _KeyOfValue, _Compare, _Alloc>::end() [with _Key = MemoryDescriptor; _Val = std::pair<const MemoryDescriptor, std::pair<long unsigned int, MemoryDataType> >; _KeyOfValue = std::_Select1st<std::pair<const MemoryDescriptor, std::pair<long unsigned int, MemoryDataType> > >; _Compare = std::less<MemoryDescriptor>; _Alloc = std::allocator<std::pair<const MemoryDescriptor, std::pair<long unsigned int, MemoryDataType> > >]	24	static
c:\st\stm32cubeide_1.10.1\stm32cubeide\plugins\com.st.stm32cube.ide.mcu.externaltools.gnu-tools-for-stm32.10.3-2021.10.win32_1.0.0.202111181127\tools\arm-none-eabi\include\c++\10.3.1\bits\stl_tree.h:350:7:std::_Rb_tree_const_iterator<_Tp>::_Rb_tree_const_iterator(const iterator&) [with _Tp = std::pair<const MemoryDescriptor, std::pair<long unsigned int, MemoryDataType> >]	16	static
c:\st\stm32cubeide_1.10.1\stm32cubeide\plugins\com.st.stm32cube.ide.mcu.externaltools.gnu-tools-for-stm32.10.3-2021.10.win32_1.0.0.202111181127\tools\arm-none-eabi\include\c++\10.3.1\bits\stl_tree.h:2256:7:std::_Rb_tree<_Key, _Val, _KeyOfValue, _Compare, _Alloc>::iterator std::_Rb_tree<_Key, _Val, _KeyOfValue, _Compare, _Alloc>::_M_insert_unique_(std::_Rb_tree<_Key, _Val, _KeyOfValue, _Compare, _Alloc>::const_iterator, _Arg&&, _NodeGen&) [with _Arg = const std::pair<const MemoryDescriptor, std::pair<long unsigned int, MemoryDataType> >&; _NodeGen = std::_Rb_tree<MemoryDescriptor, std::pair<const MemoryDescriptor, std::pair<long unsigned int, MemoryDataType> >, std::_Select1st<std::pair<const MemoryDescriptor, std::pair<long unsigned int, MemoryDataType> > >, std::less<MemoryDescriptor>, std::allocator<std::pair<const MemoryDescriptor, std::pair<long unsigned int, MemoryDataType> > > >::_Alloc_node; _Key = MemoryDescriptor; _Val = std::pair<const MemoryDescriptor, std::pair<long unsigned int, MemoryDataType> >; _KeyOfValue = std::_Select1st<std::pair<const MemoryDescriptor, std::pair<long unsigned int, MemoryDataType> > >; _Compare = std::less<MemoryDescriptor>; _Alloc = std::allocator<std::pair<const MemoryDescriptor, std::pair<long unsigned int, MemoryDataType> > >]	56	static
c:\st\stm32cubeide_1.10.1\stm32cubeide\plugins\com.st.stm32cube.ide.mcu.externaltools.gnu-tools-for-stm32.10.3-2021.10.win32_1.0.0.202111181127\tools\arm-none-eabi\include\c++\10.3.1\ext\new_allocator.h:89:7:__gnu_cxx::new_allocator<_Tp>::~new_allocator() [with _Tp = std::_Rb_tree_node<std::pair<const MemoryDescriptor, std::pair<long unsigned int, MemoryDataType> > >]	16	static
c:\st\stm32cubeide_1.10.1\stm32cubeide\plugins\com.st.stm32cube.ide.mcu.externaltools.gnu-tools-for-stm32.10.3-2021.10.win32_1.0.0.202111181127\tools\arm-none-eabi\include\c++\10.3.1\bits\stl_tree.h:799:7:static std::_Rb_tree_node<_Val>* std::_Rb_tree<_Key, _Val, _KeyOfValue, _Compare, _Alloc>::_S_right(std::_Rb_tree<_Key, _Val, _KeyOfValue, _Compare, _Alloc>::_Base_ptr) [with _Key = MemoryDescriptor; _Val = std::pair<const MemoryDescriptor, std::pair<long unsigned int, MemoryDataType> >; _KeyOfValue = std::_Select1st<std::pair<const MemoryDescriptor, std::pair<long unsigned int, MemoryDataType> > >; _Compare = std::less<MemoryDescriptor>; _Alloc = std::allocator<std::pair<const MemoryDescriptor, std::pair<long unsigned int, MemoryDataType> > >]	16	static
c:\st\stm32cubeide_1.10.1\stm32cubeide\plugins\com.st.stm32cube.ide.mcu.externaltools.gnu-tools-for-stm32.10.3-2021.10.win32_1.0.0.202111181127\tools\arm-none-eabi\include\c++\10.3.1\bits\stl_tree.h:791:7:static std::_Rb_tree_node<_Val>* std::_Rb_tree<_Key, _Val, _KeyOfValue, _Compare, _Alloc>::_S_left(std::_Rb_tree<_Key, _Val, _KeyOfValue, _Compare, _Alloc>::_Base_ptr) [with _Key = MemoryDescriptor; _Val = std::pair<const MemoryDescriptor, std::pair<long unsigned int, MemoryDataType> >; _KeyOfValue = std::_Select1st<std::pair<const MemoryDescriptor, std::pair<long unsigned int, MemoryDataType> > >; _Compare = std::less<MemoryDescriptor>; _Alloc = std::allocator<std::pair<const MemoryDescriptor, std::pair<long unsigned int, MemoryDataType> > >]	16	static
c:\st\stm32cubeide_1.10.1\stm32cubeide\plugins\com.st.stm32cube.ide.mcu.externaltools.gnu-tools-for-stm32.10.3-2021.10.win32_1.0.0.202111181127\tools\arm-none-eabi\include\c++\10.3.1\bits\stl_tree.h:652:7:void std::_Rb_tree<_Key, _Val, _KeyOfValue, _Compare, _Alloc>::_M_drop_node(std::_Rb_tree<_Key, _Val, _KeyOfValue, _Compare, _Alloc>::_Link_type) [with _Key = MemoryDescriptor; _Val = std::pair<const MemoryDescriptor, std::pair<long unsigned int, MemoryDataType> >; _KeyOfValue = std::_Select1st<std::pair<const MemoryDescriptor, std::pair<long unsigned int, MemoryDataType> > >; _Compare = std::less<MemoryDescriptor>; _Alloc = std::allocator<std::pair<const MemoryDescriptor, std::pair<long unsigned int, MemoryDataType> > >]	16	static
c:\st\stm32cubeide_1.10.1\stm32cubeide\plugins\com.st.stm32cube.ide.mcu.externaltools.gnu-tools-for-stm32.10.3-2021.10.win32_1.0.0.202111181127\tools\arm-none-eabi\include\c++\10.3.1\ext\new_allocator.h:79:7:__gnu_cxx::new_allocator<_Tp>::new_allocator() [with _Tp = std::_Rb_tree_node<std::pair<const MemoryDescriptor, std::pair<long unsigned int, MemoryDataType> > >]	16	static
c:\st\stm32cubeide_1.10.1\stm32cubeide\plugins\com.st.stm32cube.ide.mcu.externaltools.gnu-tools-for-stm32.10.3-2021.10.win32_1.0.0.202111181127\tools\arm-none-eabi\include\c++\10.3.1\bits\move.h:101:5:constexpr typename std::remove_reference<_Tp>::type&& std::move(_Tp&&) [with _Tp = std::allocator<std::_Rb_tree_node<std::pair<const MemoryDescriptor, std::pair<long unsigned int, MemoryDataType> > > >&]	16	static
c:\st\stm32cubeide_1.10.1\stm32cubeide\plugins\com.st.stm32cube.ide.mcu.externaltools.gnu-tools-for-stm32.10.3-2021.10.win32_1.0.0.202111181127\tools\arm-none-eabi\include\c++\10.3.1\bits\allocator.h:167:7:std::allocator< <template-parameter-1-1> >::allocator(const std::allocator< <template-parameter-1-1> >&) [with _Tp = std::_Rb_tree_node<std::pair<const MemoryDescriptor, std::pair<long unsigned int, MemoryDataType> > >]	16	static
c:\st\stm32cubeide_1.10.1\stm32cubeide\plugins\com.st.stm32cube.ide.mcu.externaltools.gnu-tools-for-stm32.10.3-2021.10.win32_1.0.0.202111181127\tools\arm-none-eabi\include\c++\10.3.1\bits\stl_tree.h:152:7:std::_Rb_tree_key_compare<_Key_compare>::_Rb_tree_key_compare(const _Key_compare&) [with _Key_compare = std::less<MemoryDescriptor>]	16	static
c:\st\stm32cubeide_1.10.1\stm32cubeide\plugins\com.st.stm32cube.ide.mcu.externaltools.gnu-tools-for-stm32.10.3-2021.10.win32_1.0.0.202111181127\tools\arm-none-eabi\include\c++\10.3.1\bits\stl_tree.h:273:7:std::_Rb_tree_iterator<_Tp>::_Rb_tree_iterator(std::_Rb_tree_iterator<_Tp>::_Base_ptr) [with _Tp = std::pair<const MemoryDescriptor, std::pair<long unsigned int, MemoryDataType> >]	16	static
c:\st\stm32cubeide_1.10.1\stm32cubeide\plugins\com.st.stm32cube.ide.mcu.externaltools.gnu-tools-for-stm32.10.3-2021.10.win32_1.0.0.202111181127\tools\arm-none-eabi\include\c++\10.3.1\bits\stl_tree.h:2195:5:std::pair<std::_Rb_tree_node_base*, std::_Rb_tree_node_base*> std::_Rb_tree<_Key, _Val, _KeyOfValue, _Compare, _Alloc>::_M_get_insert_hint_unique_pos(std::_Rb_tree<_Key, _Val, _KeyOfValue, _Compare, _Alloc>::const_iterator, const key_type&) [with _Key = MemoryDescriptor; _Val = std::pair<const MemoryDescriptor, std::pair<long unsigned int, MemoryDataType> >; _KeyOfValue = std::_Select1st<std::pair<const MemoryDescriptor, std::pair<long unsigned int, MemoryDataType> > >; _Compare = std::less<MemoryDescriptor>; _Alloc = std::allocator<std::pair<const MemoryDescriptor, std::pair<long unsigned int, MemoryDataType> > >]	64	static
c:\st\stm32cubeide_1.10.1\stm32cubeide\plugins\com.st.stm32cube.ide.mcu.externaltools.gnu-tools-for-stm32.10.3-2021.10.win32_1.0.0.202111181127\tools\arm-none-eabi\include\c++\10.3.1\bits\stl_function.h:1155:7:const typename _Pair::first_type& std::_Select1st<_Pair>::operator()(const _Pair&) const [with _Pair = std::pair<const MemoryDescriptor, std::pair<long unsigned int, MemoryDataType> >]	16	static
c:\st\stm32cubeide_1.10.1\stm32cubeide\plugins\com.st.stm32cube.ide.mcu.externaltools.gnu-tools-for-stm32.10.3-2021.10.win32_1.0.0.202111181127\tools\arm-none-eabi\include\c++\10.3.1\bits\move.h:76:5:constexpr _Tp&& std::forward(typename std::remove_reference<_Tp>::type&) [with _Tp = const std::pair<const MemoryDescriptor, std::pair<long unsigned int, MemoryDataType> >&]	16	static
c:\st\stm32cubeide_1.10.1\stm32cubeide\plugins\com.st.stm32cube.ide.mcu.externaltools.gnu-tools-for-stm32.10.3-2021.10.win32_1.0.0.202111181127\tools\arm-none-eabi\include\c++\10.3.1\bits\stl_tree.h:1805:7:std::_Rb_tree<_Key, _Val, _KeyOfValue, _Compare, _Alloc>::iterator std::_Rb_tree<_Key, _Val, _KeyOfValue, _Compare, _Alloc>::_M_insert_(std::_Rb_tree<_Key, _Val, _KeyOfValue, _Compare, _Alloc>::_Base_ptr, std::_Rb_tree<_Key, _Val, _KeyOfValue, _Compare, _Alloc>::_Base_ptr, _Arg&&, _NodeGen&) [with _Arg = const std::pair<const MemoryDescriptor, std::pair<long unsigned int, MemoryDataType> >&; _NodeGen = std::_Rb_tree<MemoryDescriptor, std::pair<const MemoryDescriptor, std::pair<long unsigned int, MemoryDataType> >, std::_Select1st<std::pair<const MemoryDescriptor, std::pair<long unsigned int, MemoryDataType> > >, std::less<MemoryDescriptor>, std::allocator<std::pair<const MemoryDescriptor, std::pair<long unsigned int, MemoryDataType> > > >::_Alloc_node; _Key = MemoryDescriptor; _Val = std::pair<const MemoryDescriptor, std::pair<long unsigned int, MemoryDataType> >; _KeyOfValue = std::_Select1st<std::pair<const MemoryDescriptor, std::pair<long unsigned int, MemoryDataType> > >; _Compare = std::less<MemoryDescriptor>; _Alloc = std::allocator<std::pair<const MemoryDescriptor, std::pair<long unsigned int, MemoryDataType> > >]	48	static
c:\st\stm32cubeide_1.10.1\stm32cubeide\plugins\com.st.stm32cube.ide.mcu.externaltools.gnu-tools-for-stm32.10.3-2021.10.win32_1.0.0.202111181127\tools\arm-none-eabi\include\c++\10.3.1\bits\stl_tree.h:641:7:void std::_Rb_tree<_Key, _Val, _KeyOfValue, _Compare, _Alloc>::_M_destroy_node(std::_Rb_tree<_Key, _Val, _KeyOfValue, _Compare, _Alloc>::_Link_type) [with _Key = MemoryDescriptor; _Val = std::pair<const MemoryDescriptor, std::pair<long unsigned int, MemoryDataType> >; _KeyOfValue = std::_Select1st<std::pair<const MemoryDescriptor, std::pair<long unsigned int, MemoryDataType> > >; _Compare = std::less<MemoryDescriptor>; _Alloc = std::allocator<std::pair<const MemoryDescriptor, std::pair<long unsigned int, MemoryDataType> > >]	24	static
c:\st\stm32cubeide_1.10.1\stm32cubeide\plugins\com.st.stm32cube.ide.mcu.externaltools.gnu-tools-for-stm32.10.3-2021.10.win32_1.0.0.202111181127\tools\arm-none-eabi\include\c++\10.3.1\bits\stl_tree.h:587:7:void std::_Rb_tree<_Key, _Val, _KeyOfValue, _Compare, _Alloc>::_M_put_node(std::_Rb_tree<_Key, _Val, _KeyOfValue, _Compare, _Alloc>::_Link_type) [with _Key = MemoryDescriptor; _Val = std::pair<const MemoryDescriptor, std::pair<long unsigned int, MemoryDataType> >; _KeyOfValue = std::_Select1st<std::pair<const MemoryDescriptor, std::pair<long unsigned int, MemoryDataType> > >; _Compare = std::less<MemoryDescriptor>; _Alloc = std::allocator<std::pair<const MemoryDescriptor, std::pair<long unsigned int, MemoryDataType> > >]	16	static
c:\st\stm32cubeide_1.10.1\stm32cubeide\plugins\com.st.stm32cube.ide.mcu.externaltools.gnu-tools-for-stm32.10.3-2021.10.win32_1.0.0.202111181127\tools\arm-none-eabi\include\c++\10.3.1\ext\new_allocator.h:82:7:__gnu_cxx::new_allocator<_Tp>::new_allocator(const __gnu_cxx::new_allocator<_Tp>&) [with _Tp = std::_Rb_tree_node<std::pair<const MemoryDescriptor, std::pair<long unsigned int, MemoryDataType> > >]	16	static
c:\st\stm32cubeide_1.10.1\stm32cubeide\plugins\com.st.stm32cube.ide.mcu.externaltools.gnu-tools-for-stm32.10.3-2021.10.win32_1.0.0.202111181127\tools\arm-none-eabi\include\c++\10.3.1\bits\stl_tree.h:354:7:std::_Rb_tree_const_iterator<_Tp>::iterator std::_Rb_tree_const_iterator<_Tp>::_M_const_cast() const [with _Tp = std::pair<const MemoryDescriptor, std::pair<long unsigned int, MemoryDataType> >]	24	static
c:\st\stm32cubeide_1.10.1\stm32cubeide\plugins\com.st.stm32cube.ide.mcu.externaltools.gnu-tools-for-stm32.10.3-2021.10.win32_1.0.0.202111181127\tools\arm-none-eabi\include\c++\10.3.1\bits\stl_tree.h:761:7:std::_Rb_tree_node_base* std::_Rb_tree<_Key, _Val, _KeyOfValue, _Compare, _Alloc>::_M_end() [with _Key = MemoryDescriptor; _Val = std::pair<const MemoryDescriptor, std::pair<long unsigned int, MemoryDataType> >; _KeyOfValue = std::_Select1st<std::pair<const MemoryDescriptor, std::pair<long unsigned int, MemoryDataType> > >; _Compare = std::less<MemoryDescriptor>; _Alloc = std::allocator<std::pair<const MemoryDescriptor, std::pair<long unsigned int, MemoryDataType> > >]	16	static
c:\st\stm32cubeide_1.10.1\stm32cubeide\plugins\com.st.stm32cube.ide.mcu.externaltools.gnu-tools-for-stm32.10.3-2021.10.win32_1.0.0.202111181127\tools\arm-none-eabi\include\c++\10.3.1\bits\stl_tree.h:1040:7:std::_Rb_tree<_Key, _Val, _KeyOfValue, _Compare, _Alloc>::size_type std::_Rb_tree<_Key, _Val, _KeyOfValue, _Compare, _Alloc>::size() const [with _Key = MemoryDescriptor; _Val = std::pair<const MemoryDescriptor, std::pair<long unsigned int, MemoryDataType> >; _KeyOfValue = std::_Select1st<std::pair<const MemoryDescriptor, std::pair<long unsigned int, MemoryDataType> > >; _Compare = std::less<MemoryDescriptor>; _Alloc = std::allocator<std::pair<const MemoryDescriptor, std::pair<long unsigned int, MemoryDataType> > >]	16	static
c:\st\stm32cubeide_1.10.1\stm32cubeide\plugins\com.st.stm32cube.ide.mcu.externaltools.gnu-tools-for-stm32.10.3-2021.10.win32_1.0.0.202111181127\tools\arm-none-eabi\include\c++\10.3.1\bits\stl_tree.h:742:7:std::_Rb_tree_node_base*& std::_Rb_tree<_Key, _Val, _KeyOfValue, _Compare, _Alloc>::_M_rightmost() [with _Key = MemoryDescriptor; _Val = std::pair<const MemoryDescriptor, std::pair<long unsigned int, MemoryDataType> >; _KeyOfValue = std::_Select1st<std::pair<const MemoryDescriptor, std::pair<long unsigned int, MemoryDataType> > >; _Compare = std::less<MemoryDescriptor>; _Alloc = std::allocator<std::pair<const MemoryDescriptor, std::pair<long unsigned int, MemoryDataType> > >]	16	static
c:\st\stm32cubeide_1.10.1\stm32cubeide\plugins\com.st.stm32cube.ide.mcu.externaltools.gnu-tools-for-stm32.10.3-2021.10.win32_1.0.0.202111181127\tools\arm-none-eabi\include\c++\10.3.1\bits\stl_tree.h:807:7:static const _Key& std::_Rb_tree<_Key, _Val, _KeyOfValue, _Compare, _Alloc>::_S_key(std::_Rb_tree<_Key, _Val, _KeyOfValue, _Compare, _Alloc>::_Const_Base_ptr) [with _Key = MemoryDescriptor; _Val = std::pair<const MemoryDescriptor, std::pair<long unsigned int, MemoryDataType> >; _KeyOfValue = std::_Select1st<std::pair<const MemoryDescriptor, std::pair<long unsigned int, MemoryDataType> > >; _Compare = std::less<MemoryDescriptor>; _Alloc = std::allocator<std::pair<const MemoryDescriptor, std::pair<long unsigned int, MemoryDataType> > >]	16	static
c:\st\stm32cubeide_1.10.1\stm32cubeide\plugins\com.st.stm32cube.ide.mcu.externaltools.gnu-tools-for-stm32.10.3-2021.10.win32_1.0.0.202111181127\tools\arm-none-eabi\include\c++\10.3.1\bits\stl_function.h:385:7:constexpr bool std::less<_Tp>::operator()(const _Tp&, const _Tp&) const [with _Tp = MemoryDescriptor]	24	static
c:\st\stm32cubeide_1.10.1\stm32cubeide\plugins\com.st.stm32cube.ide.mcu.externaltools.gnu-tools-for-stm32.10.3-2021.10.win32_1.0.0.202111181127\tools\arm-none-eabi\include\c++\10.3.1\bits\stl_pair.h:336:18:constexpr std::pair<_T1, _T2>::pair(const _T1&, _U2&&) [with _U2 = std::_Rb_tree_node_base*&; typename std::enable_if<std::_PCC<true, _T1, _T2>::_CopyMovePair<true, _T1, _U2>(), bool>::type <anonymous> = true; _T1 = std::_Rb_tree_node_base*; _T2 = std::_Rb_tree_node_base*]	24	static
c:\st\stm32cubeide_1.10.1\stm32cubeide\plugins\com.st.stm32cube.ide.mcu.externaltools.gnu-tools-for-stm32.10.3-2021.10.win32_1.0.0.202111181127\tools\arm-none-eabi\include\c++\10.3.1\bits\stl_tree.h:2093:5:std::pair<std::_Rb_tree_node_base*, std::_Rb_tree_node_base*> std::_Rb_tree<_Key, _Val, _KeyOfValue, _Compare, _Alloc>::_M_get_insert_unique_pos(const key_type&) [with _Key = MemoryDescriptor; _Val = std::pair<const MemoryDescriptor, std::pair<long unsigned int, MemoryDataType> >; _KeyOfValue = std::_Select1st<std::pair<const MemoryDescriptor, std::pair<long unsigned int, MemoryDataType> > >; _Compare = std::less<MemoryDescriptor>; _Alloc = std::allocator<std::pair<const MemoryDescriptor, std::pair<long unsigned int, MemoryDataType> > >]	56	static
c:\st\stm32cubeide_1.10.1\stm32cubeide\plugins\com.st.stm32cube.ide.mcu.externaltools.gnu-tools-for-stm32.10.3-2021.10.win32_1.0.0.202111181127\tools\arm-none-eabi\include\c++\10.3.1\bits\stl_tree.h:734:7:std::_Rb_tree_node_base*& std::_Rb_tree<_Key, _Val, _KeyOfValue, _Compare, _Alloc>::_M_leftmost() [with _Key = MemoryDescriptor; _Val = std::pair<const MemoryDescriptor, std::pair<long unsigned int, MemoryDataType> >; _KeyOfValue = std::_Select1st<std::pair<const MemoryDescriptor, std::pair<long unsigned int, MemoryDataType> > >; _Compare = std::less<MemoryDescriptor>; _Alloc = std::allocator<std::pair<const MemoryDescriptor, std::pair<long unsigned int, MemoryDataType> > >]	16	static
c:\st\stm32cubeide_1.10.1\stm32cubeide\plugins\com.st.stm32cube.ide.mcu.externaltools.gnu-tools-for-stm32.10.3-2021.10.win32_1.0.0.202111181127\tools\arm-none-eabi\include\c++\10.3.1\bits\stl_pair.h:352:12:constexpr std::pair<_T1, _T2>::pair(_U1&&, _U2&&) [with _U1 = std::_Rb_tree_node_base*&; _U2 = std::_Rb_tree_node_base*&; typename std::enable_if<(std::_PCC<true, _T1, _T2>::_MoveConstructiblePair<_U1, _U2>() && std::_PCC<true, _T1, _T2>::_ImplicitlyMoveConvertiblePair<_U1, _U2>()), bool>::type <anonymous> = true; _T1 = std::_Rb_tree_node_base*; _T2 = std::_Rb_tree_node_base*]	24	static
c:\st\stm32cubeide_1.10.1\stm32cubeide\plugins\com.st.stm32cube.ide.mcu.externaltools.gnu-tools-for-stm32.10.3-2021.10.win32_1.0.0.202111181127\tools\arm-none-eabi\include\c++\10.3.1\bits\stl_tree.h:300:7:std::_Rb_tree_iterator<_Tp>::_Self& std::_Rb_tree_iterator<_Tp>::operator--() [with _Tp = std::pair<const MemoryDescriptor, std::pair<long unsigned int, MemoryDataType> >]	16	static
c:\st\stm32cubeide_1.10.1\stm32cubeide\plugins\com.st.stm32cube.ide.mcu.externaltools.gnu-tools-for-stm32.10.3-2021.10.win32_1.0.0.202111181127\tools\arm-none-eabi\include\c++\10.3.1\bits\stl_tree.h:285:7:std::_Rb_tree_iterator<_Tp>::_Self& std::_Rb_tree_iterator<_Tp>::operator++() [with _Tp = std::pair<const MemoryDescriptor, std::pair<long unsigned int, MemoryDataType> >]	16	static
c:\st\stm32cubeide_1.10.1\stm32cubeide\plugins\com.st.stm32cube.ide.mcu.externaltools.gnu-tools-for-stm32.10.3-2021.10.win32_1.0.0.202111181127\tools\arm-none-eabi\include\c++\10.3.1\bits\stl_pair.h:322:18:constexpr std::pair<_T1, _T2>::pair(_U1&&, const _T2&) [with _U1 = std::_Rb_tree_node_base*&; typename std::enable_if<std::_PCC<true, _T1, _T2>::_MoveCopyPair<true, _U1, _T2>(), bool>::type <anonymous> = true; _T1 = std::_Rb_tree_node_base*; _T2 = std::_Rb_tree_node_base*]	24	static
c:\st\stm32cubeide_1.10.1\stm32cubeide\plugins\com.st.stm32cube.ide.mcu.externaltools.gnu-tools-for-stm32.10.3-2021.10.win32_1.0.0.202111181127\tools\arm-none-eabi\include\c++\10.3.1\bits\stl_tree.h:550:4:std::_Rb_tree_node<_Val>* std::_Rb_tree<_Key, _Val, _KeyOfValue, _Compare, _Alloc>::_Alloc_node::operator()(_Arg&&) const [with _Arg = const std::pair<const MemoryDescriptor, std::pair<long unsigned int, MemoryDataType> >&; _Key = MemoryDescriptor; _Val = std::pair<const MemoryDescriptor, std::pair<long unsigned int, MemoryDataType> >; _KeyOfValue = std::_Select1st<std::pair<const MemoryDescriptor, std::pair<long unsigned int, MemoryDataType> > >; _Compare = std::less<MemoryDescriptor>; _Alloc = std::allocator<std::pair<const MemoryDescriptor, std::pair<long unsigned int, MemoryDataType> > >]	24	static
c:\st\stm32cubeide_1.10.1\stm32cubeide\plugins\com.st.stm32cube.ide.mcu.externaltools.gnu-tools-for-stm32.10.3-2021.10.win32_1.0.0.202111181127\tools\arm-none-eabi\include\c++\10.3.1\bits\stl_tree.h:570:7:std::_Rb_tree<_Key, _Val, _KeyOfValue, _Compare, _Alloc>::_Node_allocator& std::_Rb_tree<_Key, _Val, _KeyOfValue, _Compare, _Alloc>::_M_get_Node_allocator() [with _Key = MemoryDescriptor; _Val = std::pair<const MemoryDescriptor, std::pair<long unsigned int, MemoryDataType> >; _KeyOfValue = std::_Select1st<std::pair<const MemoryDescriptor, std::pair<long unsigned int, MemoryDataType> > >; _Compare = std::less<MemoryDescriptor>; _Alloc = std::allocator<std::pair<const MemoryDescriptor, std::pair<long unsigned int, MemoryDataType> > >]	16	static
c:\st\stm32cubeide_1.10.1\stm32cubeide\plugins\com.st.stm32cube.ide.mcu.externaltools.gnu-tools-for-stm32.10.3-2021.10.win32_1.0.0.202111181127\tools\arm-none-eabi\include\c++\10.3.1\bits\stl_tree.h:234:7:_Val* std::_Rb_tree_node<_Val>::_M_valptr() [with _Val = std::pair<const MemoryDescriptor, std::pair<long unsigned int, MemoryDataType> >]	16	static
c:\st\stm32cubeide_1.10.1\stm32cubeide\plugins\com.st.stm32cube.ide.mcu.externaltools.gnu-tools-for-stm32.10.3-2021.10.win32_1.0.0.202111181127\tools\arm-none-eabi\include\c++\10.3.1\bits\alloc_traits.h:527:2:static void std::allocator_traits<std::allocator<_Tp1> >::destroy(std::allocator_traits<std::allocator<_Tp1> >::allocator_type&, _Up*) [with _Up = std::pair<const MemoryDescriptor, std::pair<long unsigned int, MemoryDataType> >; _Tp = std::_Rb_tree_node<std::pair<const MemoryDescriptor, std::pair<long unsigned int, MemoryDataType> > >]	16	static
c:\st\stm32cubeide_1.10.1\stm32cubeide\plugins\com.st.stm32cube.ide.mcu.externaltools.gnu-tools-for-stm32.10.3-2021.10.win32_1.0.0.202111181127\tools\arm-none-eabi\include\c++\10.3.1\bits\alloc_traits.h:491:7:static void std::allocator_traits<std::allocator<_Tp1> >::deallocate(std::allocator_traits<std::allocator<_Tp1> >::allocator_type&, std::allocator_traits<std::allocator<_Tp1> >::pointer, std::allocator_traits<std::allocator<_Tp1> >::size_type) [with _Tp = std::_Rb_tree_node<std::pair<const MemoryDescriptor, std::pair<long unsigned int, MemoryDataType> > >]	24	static
c:\st\stm32cubeide_1.10.1\stm32cubeide\plugins\com.st.stm32cube.ide.mcu.externaltools.gnu-tools-for-stm32.10.3-2021.10.win32_1.0.0.202111181127\tools\arm-none-eabi\include\c++\10.3.1\bits\stl_tree.h:769:7:static const _Key& std::_Rb_tree<_Key, _Val, _KeyOfValue, _Compare, _Alloc>::_S_key(std::_Rb_tree<_Key, _Val, _KeyOfValue, _Compare, _Alloc>::_Const_Link_type) [with _Key = MemoryDescriptor; _Val = std::pair<const MemoryDescriptor, std::pair<long unsigned int, MemoryDataType> >; _KeyOfValue = std::_Select1st<std::pair<const MemoryDescriptor, std::pair<long unsigned int, MemoryDataType> > >; _Compare = std::less<MemoryDescriptor>; _Alloc = std::allocator<std::pair<const MemoryDescriptor, std::pair<long unsigned int, MemoryDataType> > >]	24	static
c:\st\stm32cubeide_1.10.1\stm32cubeide\plugins\com.st.stm32cube.ide.mcu.externaltools.gnu-tools-for-stm32.10.3-2021.10.win32_1.0.0.202111181127\tools\arm-none-eabi\include\c++\10.3.1\bits\move.h:76:5:constexpr _Tp&& std::forward(typename std::remove_reference<_Tp>::type&) [with _Tp = std::_Rb_tree_node_base*&]	16	static
c:\st\stm32cubeide_1.10.1\stm32cubeide\plugins\com.st.stm32cube.ide.mcu.externaltools.gnu-tools-for-stm32.10.3-2021.10.win32_1.0.0.202111181127\tools\arm-none-eabi\include\c++\10.3.1\bits\stl_tree.h:1004:7:std::_Rb_tree<_Key, _Val, _KeyOfValue, _Compare, _Alloc>::iterator std::_Rb_tree<_Key, _Val, _KeyOfValue, _Compare, _Alloc>::begin() [with _Key = MemoryDescriptor; _Val = std::pair<const MemoryDescriptor, std::pair<long unsigned int, MemoryDataType> >; _KeyOfValue = std::_Select1st<std::pair<const MemoryDescriptor, std::pair<long unsigned int, MemoryDataType> > >; _Compare = std::less<MemoryDescriptor>; _Alloc = std::allocator<std::pair<const MemoryDescriptor, std::pair<long unsigned int, MemoryDataType> > >]	24	static
c:\st\stm32cubeide_1.10.1\stm32cubeide\plugins\com.st.stm32cube.ide.mcu.externaltools.gnu-tools-for-stm32.10.3-2021.10.win32_1.0.0.202111181127\tools\arm-none-eabi\include\c++\10.3.1\bits\stl_tree.h:315:7:bool std::operator==(const _Self&, const _Self&)	16	static
c:\st\stm32cubeide_1.10.1\stm32cubeide\plugins\com.st.stm32cube.ide.mcu.externaltools.gnu-tools-for-stm32.10.3-2021.10.win32_1.0.0.202111181127\tools\arm-none-eabi\include\c++\10.3.1\bits\stl_pair.h:352:12:constexpr std::pair<_T1, _T2>::pair(_U1&&, _U2&&) [with _U1 = std::_Rb_tree_node<std::pair<const MemoryDescriptor, std::pair<long unsigned int, MemoryDataType> > >*&; _U2 = std::_Rb_tree_node_base*&; typename std::enable_if<(std::_PCC<true, _T1, _T2>::_MoveConstructiblePair<_U1, _U2>() && std::_PCC<true, _T1, _T2>::_ImplicitlyMoveConvertiblePair<_U1, _U2>()), bool>::type <anonymous> = true; _T1 = std::_Rb_tree_node_base*; _T2 = std::_Rb_tree_node_base*]	24	static
c:\st\stm32cubeide_1.10.1\stm32cubeide\plugins\com.st.stm32cube.ide.mcu.externaltools.gnu-tools-for-stm32.10.3-2021.10.win32_1.0.0.202111181127\tools\arm-none-eabi\include\c++\10.3.1\bits\stl_tree.h:632:2:) [with _Args = {const std::pair<const MemoryDescriptor, std::pair<long unsigned int, MemoryDataType> >&}; _Key = MemoryDescriptor; _Val = std::pair<const MemoryDescriptor, std::pair<long unsigned int, MemoryDataType> >; _KeyOfValue = std::_Select1st<std::pair<const MemoryDescriptor, std::pair<long unsigned int, MemoryDataType> > >; _Compare = std::less<MemoryDescriptor>; _Alloc = std::allocator<std::pair<const MemoryDescriptor, std::pair<long unsigned int, MemoryDataType> > >]	24	static
c:\st\stm32cubeide_1.10.1\stm32cubeide\plugins\com.st.stm32cube.ide.mcu.externaltools.gnu-tools-for-stm32.10.3-2021.10.win32_1.0.0.202111181127\tools\arm-none-eabi\include\c++\10.3.1\ext\aligned_buffer.h:72:7:_Tp* __gnu_cxx::__aligned_membuf<_Tp>::_M_ptr() [with _Tp = std::pair<const MemoryDescriptor, std::pair<long unsigned int, MemoryDataType> >]	16	static
c:\st\stm32cubeide_1.10.1\stm32cubeide\plugins\com.st.stm32cube.ide.mcu.externaltools.gnu-tools-for-stm32.10.3-2021.10.win32_1.0.0.202111181127\tools\arm-none-eabi\include\c++\10.3.1\ext\new_allocator.h:160:2:void __gnu_cxx::new_allocator<_Tp>::destroy(_Up*) [with _Up = std::pair<const MemoryDescriptor, std::pair<long unsigned int, MemoryDataType> >; _Tp = std::_Rb_tree_node<std::pair<const MemoryDescriptor, std::pair<long unsigned int, MemoryDataType> > >]	16	static
c:\st\stm32cubeide_1.10.1\stm32cubeide\plugins\com.st.stm32cube.ide.mcu.externaltools.gnu-tools-for-stm32.10.3-2021.10.win32_1.0.0.202111181127\tools\arm-none-eabi\include\c++\10.3.1\ext\new_allocator.h:126:7:void __gnu_cxx::new_allocator<_Tp>::deallocate(_Tp*, __gnu_cxx::new_allocator<_Tp>::size_type) [with _Tp = std::_Rb_tree_node<std::pair<const MemoryDescriptor, std::pair<long unsigned int, MemoryDataType> > >]	24	static
c:\st\stm32cubeide_1.10.1\stm32cubeide\plugins\com.st.stm32cube.ide.mcu.externaltools.gnu-tools-for-stm32.10.3-2021.10.win32_1.0.0.202111181127\tools\arm-none-eabi\include\c++\10.3.1\bits\stl_tree.h:238:7:const _Val* std::_Rb_tree_node<_Val>::_M_valptr() const [with _Val = std::pair<const MemoryDescriptor, std::pair<long unsigned int, MemoryDataType> >]	16	static
c:\st\stm32cubeide_1.10.1\stm32cubeide\plugins\com.st.stm32cube.ide.mcu.externaltools.gnu-tools-for-stm32.10.3-2021.10.win32_1.0.0.202111181127\tools\arm-none-eabi\include\c++\10.3.1\bits\move.h:76:5:constexpr _Tp&& std::forward(typename std::remove_reference<_Tp>::type&) [with _Tp = std::_Rb_tree_node<std::pair<const MemoryDescriptor, std::pair<long unsigned int, MemoryDataType> > >*&]	16	static
c:\st\stm32cubeide_1.10.1\stm32cubeide\plugins\com.st.stm32cube.ide.mcu.externaltools.gnu-tools-for-stm32.10.3-2021.10.win32_1.0.0.202111181127\tools\arm-none-eabi\include\c++\10.3.1\bits\stl_tree.h:583:7:std::_Rb_tree_node<_Val>* std::_Rb_tree<_Key, _Val, _KeyOfValue, _Compare, _Alloc>::_M_get_node() [with _Key = MemoryDescriptor; _Val = std::pair<const MemoryDescriptor, std::pair<long unsigned int, MemoryDataType> >; _KeyOfValue = std::_Select1st<std::pair<const MemoryDescriptor, std::pair<long unsigned int, MemoryDataType> > >; _Compare = std::less<MemoryDescriptor>; _Alloc = std::allocator<std::pair<const MemoryDescriptor, std::pair<long unsigned int, MemoryDataType> > >]	16	static
c:\st\stm32cubeide_1.10.1\stm32cubeide\plugins\com.st.stm32cube.ide.mcu.externaltools.gnu-tools-for-stm32.10.3-2021.10.win32_1.0.0.202111181127\tools\arm-none-eabi\include\c++\10.3.1\bits\stl_tree.h:613:2:) [with _Args = {const std::pair<const MemoryDescriptor, std::pair<long unsigned int, MemoryDataType> >&}; _Key = MemoryDescriptor; _Val = std::pair<const MemoryDescriptor, std::pair<long unsigned int, MemoryDataType> >; _KeyOfValue = std::_Select1st<std::pair<const MemoryDescriptor, std::pair<long unsigned int, MemoryDataType> > >; _Compare = std::less<MemoryDescriptor>; _Alloc = std::allocator<std::pair<const MemoryDescriptor, std::pair<long unsigned int, MemoryDataType> > >]	32	static
c:\st\stm32cubeide_1.10.1\stm32cubeide\plugins\com.st.stm32cube.ide.mcu.externaltools.gnu-tools-for-stm32.10.3-2021.10.win32_1.0.0.202111181127\tools\arm-none-eabi\include\c++\10.3.1\ext\aligned_buffer.h:64:7:void* __gnu_cxx::__aligned_membuf<_Tp>::_M_addr() [with _Tp = std::pair<const MemoryDescriptor, std::pair<long unsigned int, MemoryDataType> >]	16	static
c:\st\stm32cubeide_1.10.1\stm32cubeide\plugins\com.st.stm32cube.ide.mcu.externaltools.gnu-tools-for-stm32.10.3-2021.10.win32_1.0.0.202111181127\tools\arm-none-eabi\include\c++\10.3.1\ext\aligned_buffer.h:76:7:const _Tp* __gnu_cxx::__aligned_membuf<_Tp>::_M_ptr() const [with _Tp = std::pair<const MemoryDescriptor, std::pair<long unsigned int, MemoryDataType> >]	16	static
c:\st\stm32cubeide_1.10.1\stm32cubeide\plugins\com.st.stm32cube.ide.mcu.externaltools.gnu-tools-for-stm32.10.3-2021.10.win32_1.0.0.202111181127\tools\arm-none-eabi\include\c++\10.3.1\bits\alloc_traits.h:459:7:static _Tp* std::allocator_traits<std::allocator<_Tp1> >::allocate(std::allocator_traits<std::allocator<_Tp1> >::allocator_type&, std::allocator_traits<std::allocator<_Tp1> >::size_type) [with _Tp = std::_Rb_tree_node<std::pair<const MemoryDescriptor, std::pair<long unsigned int, MemoryDataType> > >]	16	static
c:\st\stm32cubeide_1.10.1\stm32cubeide\plugins\com.st.stm32cube.ide.mcu.externaltools.gnu-tools-for-stm32.10.3-2021.10.win32_1.0.0.202111181127\tools\arm-none-eabi\include\c++\10.3.1\bits\alloc_traits.h:507:2:) [with _Up = std::pair<const MemoryDescriptor, std::pair<long unsigned int, MemoryDataType> >; _Args = {const std::pair<const MemoryDescriptor, std::pair<long unsigned int, MemoryDataType> >&}; _Tp = std::_Rb_tree_node<std::pair<const MemoryDescriptor, std::pair<long unsigned int, MemoryDataType> > >]	24	static
c:\st\stm32cubeide_1.10.1\stm32cubeide\plugins\com.st.stm32cube.ide.mcu.externaltools.gnu-tools-for-stm32.10.3-2021.10.win32_1.0.0.202111181127\tools\arm-none-eabi\include\c++\10.3.1\ext\aligned_buffer.h:68:7:const void* __gnu_cxx::__aligned_membuf<_Tp>::_M_addr() const [with _Tp = std::pair<const MemoryDescriptor, std::pair<long unsigned int, MemoryDataType> >]	16	static
c:\st\stm32cubeide_1.10.1\stm32cubeide\plugins\com.st.stm32cube.ide.mcu.externaltools.gnu-tools-for-stm32.10.3-2021.10.win32_1.0.0.202111181127\tools\arm-none-eabi\include\c++\10.3.1\ext\new_allocator.h:103:7:_Tp* __gnu_cxx::new_allocator<_Tp>::allocate(__gnu_cxx::new_allocator<_Tp>::size_type, const void*) [with _Tp = std::_Rb_tree_node<std::pair<const MemoryDescriptor, std::pair<long unsigned int, MemoryDataType> > >]	24	static
c:\st\stm32cubeide_1.10.1\stm32cubeide\plugins\com.st.stm32cube.ide.mcu.externaltools.gnu-tools-for-stm32.10.3-2021.10.win32_1.0.0.202111181127\tools\arm-none-eabi\include\c++\10.3.1\ext\new_allocator.h:154:2:) [with _Up = std::pair<const MemoryDescriptor, std::pair<long unsigned int, MemoryDataType> >; _Args = {const std::pair<const MemoryDescriptor, std::pair<long unsigned int, MemoryDataType> >&}; _Tp = std::_Rb_tree_node<std::pair<const MemoryDescriptor, std::pair<long unsigned int, MemoryDataType> > >]	32	static
c:\st\stm32cubeide_1.10.1\stm32cubeide\plugins\com.st.stm32cube.ide.mcu.externaltools.gnu-tools-for-stm32.10.3-2021.10.win32_1.0.0.202111181127\tools\arm-none-eabi\include\c++\10.3.1\ext\new_allocator.h:191:7:constexpr __gnu_cxx::new_allocator<_Tp>::size_type __gnu_cxx::new_allocator<_Tp>::_M_max_size() const [with _Tp = std::_Rb_tree_node<std::pair<const MemoryDescriptor, std::pair<long unsigned int, MemoryDataType> > >]	16	static
../Core/Src/main.cpp:687:1:void __static_initialization_and_destruction_0(int, int)	88	static
../Core/Src/main.cpp:687:1:cpp)	8	static
../Core/Src/main.cpp:687:1:cpp)	8	static
