../Drivers/CMSIS/Include/core_cm4.h:1657:22:void __NVIC_SetPriorityGrouping(uint32_t)	24	static
c:\st\stm32cubeide_1.10.1\stm32cubeide\plugins\com.st.stm32cube.ide.mcu.externaltools.gnu-tools-for-stm32.10.3-2021.10.win32_1.0.0.202111181127\tools\bin\../lib/gcc/arm-none-eabi/10.3.1/../../../../arm-none-eabi/include/c++/10.3.1/arm-none-eabi/thumb/v7e-m+fp/hard/bits/gthr-default.h:229:1:int __gthread_key_delete(__gthread_key_t)	16	static
C:/Users/DDarie/STM32F4_DroneFlightController/Core/libs/Utils/utils_functions.hpp:22:18:int16_t drone::utils::functions::concatBytes(uint8_t, uint8_t)	16	static
C:/Users/DDarie/STM32F4_DroneFlightController/Core/libs/Interfaces/Timeout.hpp:29:7:void Timeout::incrementTimeoutCounter()	16	static
C:/Users/DDarie/STM32F4_DroneFlightController/Core/libs/Utils/PID_Control.hpp:27:2:PID_Control::PID_Control(float&, float&, float, float, float)	32	static
C:/Users/DDarie/STM32F4_DroneFlightController/Core/libs/BatteryManagement_lib/BatteryManagement.hpp:42:2:BatteryManagement::BatteryManagement(ADC_HandleTypeDef*, Buzzer*, uint16_t)	24	static
C:/Users/DDarie/STM32F4_DroneFlightController/Core/libs/Buzzer_lib/Buzzer.hpp:13:7:constexpr Buzzer::Buzzer()	16	static
../Core/Src/main.cpp:136:6:void HAL_UART_TxCpltCallback(UART_HandleTypeDef*)	16	static
../Core/Src/main.cpp:147:6:void HAL_TIM_PeriodElapsedCallback(TIM_HandleTypeDef*)	16	static
../Core/Src/main.cpp:159:17:void HAL_GPIO_EXTI_Callback(uint16_t)	32	static,ignoring_inline_asm
../Core/Src/main.cpp:186:6:void HAL_UART_RxCpltCallback(UART_HandleTypeDef*)	32	static,ignoring_inline_asm
../Core/Src/main.cpp:208:5:int main()	16	static
../Core/Src/main.cpp:261:6:void SensorsDataReadTask(void*)	40	static
../Core/Src/main.cpp:346:6:void FaultsCheckTask(void*)	24	static
../Core/Src/main.cpp:371:6:void DynamicsProcessTask(void*)	48	static
../Core/Src/main.cpp:442:6:void SystemClock_Config()	88	static
../Core/Src/main.cpp:488:13:void MX_ADC1_Init()	24	static
../Core/Src/main.cpp:540:13:void MX_SDIO_SD_Init()	8	static
../Core/Src/main.cpp:576:13:void MX_SPI2_Init()	8	static
../Core/Src/main.cpp:614:13:void MX_TIM3_Init()	64	static
../Core/Src/main.cpp:685:13:void MX_TIM4_Init()	32	static
../Core/Src/main.cpp:730:13:void MX_UART4_Init()	8	static
../Core/Src/main.cpp:763:13:void MX_USART1_UART_Init()	8	static
../Core/Src/main.cpp:796:13:void MX_USART2_UART_Init()	8	static
../Core/Src/main.cpp:829:13:void MX_USART3_UART_Init()	8	static
../Core/Src/main.cpp:862:13:void MX_USART6_UART_Init()	8	static
../Core/Src/main.cpp:893:13:void MX_DMA_Init()	16	static
../Core/Src/main.cpp:933:13:void MX_GPIO_Init()	48	static
../Core/Src/main.cpp:997:6:void Error_Handler()	4	static,ignoring_inline_asm
c:\st\stm32cubeide_1.10.1\stm32cubeide\plugins\com.st.stm32cube.ide.mcu.externaltools.gnu-tools-for-stm32.10.3-2021.10.win32_1.0.0.202111181127\tools\arm-none-eabi\include\c++\10.3.1\bits\stl_set.h:281:7:std::set<_Key, _Compare, _Alloc>::~set() [with _Key = HC05::SENSOR_DATA_PARAMETER; _Compare = std::less<HC05::SENSOR_DATA_PARAMETER>; _Alloc = std::allocator<HC05::SENSOR_DATA_PARAMETER>]	16	static
C:/Users/DDarie/STM32F4_DroneFlightController/Core/libs/HC05_lib/HC05.hpp:20:7:HC05::~HC05()	16	static
../Core/Src/main.cpp:1006:1:void __static_initialization_and_destruction_0(int, int)	24	static
c:\st\stm32cubeide_1.10.1\stm32cubeide\plugins\com.st.stm32cube.ide.mcu.externaltools.gnu-tools-for-stm32.10.3-2021.10.win32_1.0.0.202111181127\tools\arm-none-eabi\include\c++\10.3.1\bits\stl_tree.h:677:9:std::_Rb_tree<HC05::SENSOR_DATA_PARAMETER, HC05::SENSOR_DATA_PARAMETER, std::_Identity<HC05::SENSOR_DATA_PARAMETER>, std::less<HC05::SENSOR_DATA_PARAMETER>, std::allocator<HC05::SENSOR_DATA_PARAMETER> >::_Rb_tree_impl<std::less<HC05::SENSOR_DATA_PARAMETER>, true>::~_Rb_tree_impl()	16	static
c:\st\stm32cubeide_1.10.1\stm32cubeide\plugins\com.st.stm32cube.ide.mcu.externaltools.gnu-tools-for-stm32.10.3-2021.10.win32_1.0.0.202111181127\tools\arm-none-eabi\include\c++\10.3.1\bits\stl_tree.h:992:7:std::_Rb_tree<_Key, _Val, _KeyOfValue, _Compare, _Alloc>::~_Rb_tree() [with _Key = HC05::SENSOR_DATA_PARAMETER; _Val = HC05::SENSOR_DATA_PARAMETER; _KeyOfValue = std::_Identity<HC05::SENSOR_DATA_PARAMETER>; _Compare = std::less<HC05::SENSOR_DATA_PARAMETER>; _Alloc = std::allocator<HC05::SENSOR_DATA_PARAMETER>]	16	static
c:\st\stm32cubeide_1.10.1\stm32cubeide\plugins\com.st.stm32cube.ide.mcu.externaltools.gnu-tools-for-stm32.10.3-2021.10.win32_1.0.0.202111181127\tools\arm-none-eabi\include\c++\10.3.1\bits\stl_vector.h:678:7:std::vector<_Tp, _Alloc>::~vector() [with _Tp = PrintableSensor*; _Alloc = std::allocator<PrintableSensor*>]	24	static
c:\st\stm32cubeide_1.10.1\stm32cubeide\plugins\com.st.stm32cube.ide.mcu.externaltools.gnu-tools-for-stm32.10.3-2021.10.win32_1.0.0.202111181127\tools\arm-none-eabi\include\c++\10.3.1\bits\allocator.h:182:7:std::allocator< <template-parameter-1-1> >::~allocator() [with _Tp = std::_Rb_tree_node<HC05::SENSOR_DATA_PARAMETER>]	16	static
c:\st\stm32cubeide_1.10.1\stm32cubeide\plugins\com.st.stm32cube.ide.mcu.externaltools.gnu-tools-for-stm32.10.3-2021.10.win32_1.0.0.202111181127\tools\arm-none-eabi\include\c++\10.3.1\bits\stl_tree.h:1915:5:void std::_Rb_tree<_Key, _Val, _KeyOfValue, _Compare, _Alloc>::_M_erase(std::_Rb_tree<_Key, _Val, _KeyOfValue, _Compare, _Alloc>::_Link_type) [with _Key = HC05::SENSOR_DATA_PARAMETER; _Val = HC05::SENSOR_DATA_PARAMETER; _KeyOfValue = std::_Identity<HC05::SENSOR_DATA_PARAMETER>; _Compare = std::less<HC05::SENSOR_DATA_PARAMETER>; _Alloc = std::allocator<HC05::SENSOR_DATA_PARAMETER>]	24	static
c:\st\stm32cubeide_1.10.1\stm32cubeide\plugins\com.st.stm32cube.ide.mcu.externaltools.gnu-tools-for-stm32.10.3-2021.10.win32_1.0.0.202111181127\tools\arm-none-eabi\include\c++\10.3.1\bits\stl_tree.h:750:7:std::_Rb_tree_node<_Val>* std::_Rb_tree<_Key, _Val, _KeyOfValue, _Compare, _Alloc>::_M_begin() [with _Key = HC05::SENSOR_DATA_PARAMETER; _Val = HC05::SENSOR_DATA_PARAMETER; _KeyOfValue = std::_Identity<HC05::SENSOR_DATA_PARAMETER>; _Compare = std::less<HC05::SENSOR_DATA_PARAMETER>; _Alloc = std::allocator<HC05::SENSOR_DATA_PARAMETER>]	16	static
c:\st\stm32cubeide_1.10.1\stm32cubeide\plugins\com.st.stm32cube.ide.mcu.externaltools.gnu-tools-for-stm32.10.3-2021.10.win32_1.0.0.202111181127\tools\arm-none-eabi\include\c++\10.3.1\bits\stl_vector.h:128:14:std::_Vector_base<PrintableSensor*, std::allocator<PrintableSensor*> >::_Vector_impl::~_Vector_impl()	16	static
c:\st\stm32cubeide_1.10.1\stm32cubeide\plugins\com.st.stm32cube.ide.mcu.externaltools.gnu-tools-for-stm32.10.3-2021.10.win32_1.0.0.202111181127\tools\arm-none-eabi\include\c++\10.3.1\bits\stl_vector.h:333:7:std::_Vector_base<_Tp, _Alloc>::~_Vector_base() [with _Tp = PrintableSensor*; _Alloc = std::allocator<PrintableSensor*>]	16	static
c:\st\stm32cubeide_1.10.1\stm32cubeide\plugins\com.st.stm32cube.ide.mcu.externaltools.gnu-tools-for-stm32.10.3-2021.10.win32_1.0.0.202111181127\tools\arm-none-eabi\include\c++\10.3.1\bits\stl_vector.h:276:7:std::_Vector_base<_Tp, _Alloc>::_Tp_alloc_type& std::_Vector_base<_Tp, _Alloc>::_M_get_Tp_allocator() [with _Tp = PrintableSensor*; _Alloc = std::allocator<PrintableSensor*>]	16	static
c:\st\stm32cubeide_1.10.1\stm32cubeide\plugins\com.st.stm32cube.ide.mcu.externaltools.gnu-tools-for-stm32.10.3-2021.10.win32_1.0.0.202111181127\tools\arm-none-eabi\include\c++\10.3.1\bits\alloc_traits.h:735:5:void std::_Destroy(_ForwardIterator, _ForwardIterator, std::allocator<_T2>&) [with _ForwardIterator = PrintableSensor**; _Tp = PrintableSensor*]	24	static
c:\st\stm32cubeide_1.10.1\stm32cubeide\plugins\com.st.stm32cube.ide.mcu.externaltools.gnu-tools-for-stm32.10.3-2021.10.win32_1.0.0.202111181127\tools\arm-none-eabi\include\c++\10.3.1\ext\new_allocator.h:89:7:__gnu_cxx::new_allocator<_Tp>::~new_allocator() [with _Tp = std::_Rb_tree_node<HC05::SENSOR_DATA_PARAMETER>]	16	static
c:\st\stm32cubeide_1.10.1\stm32cubeide\plugins\com.st.stm32cube.ide.mcu.externaltools.gnu-tools-for-stm32.10.3-2021.10.win32_1.0.0.202111181127\tools\arm-none-eabi\include\c++\10.3.1\bits\stl_tree.h:799:7:static std::_Rb_tree_node<_Val>* std::_Rb_tree<_Key, _Val, _KeyOfValue, _Compare, _Alloc>::_S_right(std::_Rb_tree<_Key, _Val, _KeyOfValue, _Compare, _Alloc>::_Base_ptr) [with _Key = HC05::SENSOR_DATA_PARAMETER; _Val = HC05::SENSOR_DATA_PARAMETER; _KeyOfValue = std::_Identity<HC05::SENSOR_DATA_PARAMETER>; _Compare = std::less<HC05::SENSOR_DATA_PARAMETER>; _Alloc = std::allocator<HC05::SENSOR_DATA_PARAMETER>]	16	static
c:\st\stm32cubeide_1.10.1\stm32cubeide\plugins\com.st.stm32cube.ide.mcu.externaltools.gnu-tools-for-stm32.10.3-2021.10.win32_1.0.0.202111181127\tools\arm-none-eabi\include\c++\10.3.1\bits\stl_tree.h:791:7:static std::_Rb_tree_node<_Val>* std::_Rb_tree<_Key, _Val, _KeyOfValue, _Compare, _Alloc>::_S_left(std::_Rb_tree<_Key, _Val, _KeyOfValue, _Compare, _Alloc>::_Base_ptr) [with _Key = HC05::SENSOR_DATA_PARAMETER; _Val = HC05::SENSOR_DATA_PARAMETER; _KeyOfValue = std::_Identity<HC05::SENSOR_DATA_PARAMETER>; _Compare = std::less<HC05::SENSOR_DATA_PARAMETER>; _Alloc = std::allocator<HC05::SENSOR_DATA_PARAMETER>]	16	static
c:\st\stm32cubeide_1.10.1\stm32cubeide\plugins\com.st.stm32cube.ide.mcu.externaltools.gnu-tools-for-stm32.10.3-2021.10.win32_1.0.0.202111181127\tools\arm-none-eabi\include\c++\10.3.1\bits\stl_tree.h:652:7:void std::_Rb_tree<_Key, _Val, _KeyOfValue, _Compare, _Alloc>::_M_drop_node(std::_Rb_tree<_Key, _Val, _KeyOfValue, _Compare, _Alloc>::_Link_type) [with _Key = HC05::SENSOR_DATA_PARAMETER; _Val = HC05::SENSOR_DATA_PARAMETER; _KeyOfValue = std::_Identity<HC05::SENSOR_DATA_PARAMETER>; _Compare = std::less<HC05::SENSOR_DATA_PARAMETER>; _Alloc = std::allocator<HC05::SENSOR_DATA_PARAMETER>]	16	static
c:\st\stm32cubeide_1.10.1\stm32cubeide\plugins\com.st.stm32cube.ide.mcu.externaltools.gnu-tools-for-stm32.10.3-2021.10.win32_1.0.0.202111181127\tools\arm-none-eabi\include\c++\10.3.1\bits\allocator.h:182:7:std::allocator< <template-parameter-1-1> >::~allocator() [with _Tp = PrintableSensor*]	16	static
c:\st\stm32cubeide_1.10.1\stm32cubeide\plugins\com.st.stm32cube.ide.mcu.externaltools.gnu-tools-for-stm32.10.3-2021.10.win32_1.0.0.202111181127\tools\arm-none-eabi\include\c++\10.3.1\bits\stl_vector.h:350:7:void std::_Vector_base<_Tp, _Alloc>::_M_deallocate(std::_Vector_base<_Tp, _Alloc>::pointer, std::size_t) [with _Tp = PrintableSensor*; _Alloc = std::allocator<PrintableSensor*>]	24	static
c:\st\stm32cubeide_1.10.1\stm32cubeide\plugins\com.st.stm32cube.ide.mcu.externaltools.gnu-tools-for-stm32.10.3-2021.10.win32_1.0.0.202111181127\tools\arm-none-eabi\include\c++\10.3.1\bits\stl_construct.h:171:5:void std::_Destroy(_ForwardIterator, _ForwardIterator) [with _ForwardIterator = PrintableSensor**]	16	static
c:\st\stm32cubeide_1.10.1\stm32cubeide\plugins\com.st.stm32cube.ide.mcu.externaltools.gnu-tools-for-stm32.10.3-2021.10.win32_1.0.0.202111181127\tools\arm-none-eabi\include\c++\10.3.1\bits\stl_tree.h:641:7:void std::_Rb_tree<_Key, _Val, _KeyOfValue, _Compare, _Alloc>::_M_destroy_node(std::_Rb_tree<_Key, _Val, _KeyOfValue, _Compare, _Alloc>::_Link_type) [with _Key = HC05::SENSOR_DATA_PARAMETER; _Val = HC05::SENSOR_DATA_PARAMETER; _KeyOfValue = std::_Identity<HC05::SENSOR_DATA_PARAMETER>; _Compare = std::less<HC05::SENSOR_DATA_PARAMETER>; _Alloc = std::allocator<HC05::SENSOR_DATA_PARAMETER>]	24	static
c:\st\stm32cubeide_1.10.1\stm32cubeide\plugins\com.st.stm32cube.ide.mcu.externaltools.gnu-tools-for-stm32.10.3-2021.10.win32_1.0.0.202111181127\tools\arm-none-eabi\include\c++\10.3.1\bits\stl_tree.h:587:7:void std::_Rb_tree<_Key, _Val, _KeyOfValue, _Compare, _Alloc>::_M_put_node(std::_Rb_tree<_Key, _Val, _KeyOfValue, _Compare, _Alloc>::_Link_type) [with _Key = HC05::SENSOR_DATA_PARAMETER; _Val = HC05::SENSOR_DATA_PARAMETER; _KeyOfValue = std::_Identity<HC05::SENSOR_DATA_PARAMETER>; _Compare = std::less<HC05::SENSOR_DATA_PARAMETER>; _Alloc = std::allocator<HC05::SENSOR_DATA_PARAMETER>]	16	static
c:\st\stm32cubeide_1.10.1\stm32cubeide\plugins\com.st.stm32cube.ide.mcu.externaltools.gnu-tools-for-stm32.10.3-2021.10.win32_1.0.0.202111181127\tools\arm-none-eabi\include\c++\10.3.1\ext\new_allocator.h:89:7:__gnu_cxx::new_allocator<_Tp>::~new_allocator() [with _Tp = PrintableSensor*]	16	static
c:\st\stm32cubeide_1.10.1\stm32cubeide\plugins\com.st.stm32cube.ide.mcu.externaltools.gnu-tools-for-stm32.10.3-2021.10.win32_1.0.0.202111181127\tools\arm-none-eabi\include\c++\10.3.1\bits\alloc_traits.h:491:7:static void std::allocator_traits<std::allocator<_Tp1> >::deallocate(std::allocator_traits<std::allocator<_Tp1> >::allocator_type&, std::allocator_traits<std::allocator<_Tp1> >::pointer, std::allocator_traits<std::allocator<_Tp1> >::size_type) [with _Tp = PrintableSensor*]	24	static
c:\st\stm32cubeide_1.10.1\stm32cubeide\plugins\com.st.stm32cube.ide.mcu.externaltools.gnu-tools-for-stm32.10.3-2021.10.win32_1.0.0.202111181127\tools\arm-none-eabi\include\c++\10.3.1\bits\stl_construct.h:161:9:static void std::_Destroy_aux<true>::__destroy(_ForwardIterator, _ForwardIterator) [with _ForwardIterator = PrintableSensor**]	16	static
c:\st\stm32cubeide_1.10.1\stm32cubeide\plugins\com.st.stm32cube.ide.mcu.externaltools.gnu-tools-for-stm32.10.3-2021.10.win32_1.0.0.202111181127\tools\arm-none-eabi\include\c++\10.3.1\bits\stl_tree.h:570:7:std::_Rb_tree<_Key, _Val, _KeyOfValue, _Compare, _Alloc>::_Node_allocator& std::_Rb_tree<_Key, _Val, _KeyOfValue, _Compare, _Alloc>::_M_get_Node_allocator() [with _Key = HC05::SENSOR_DATA_PARAMETER; _Val = HC05::SENSOR_DATA_PARAMETER; _KeyOfValue = std::_Identity<HC05::SENSOR_DATA_PARAMETER>; _Compare = std::less<HC05::SENSOR_DATA_PARAMETER>; _Alloc = std::allocator<HC05::SENSOR_DATA_PARAMETER>]	16	static
c:\st\stm32cubeide_1.10.1\stm32cubeide\plugins\com.st.stm32cube.ide.mcu.externaltools.gnu-tools-for-stm32.10.3-2021.10.win32_1.0.0.202111181127\tools\arm-none-eabi\include\c++\10.3.1\bits\stl_tree.h:234:7:_Val* std::_Rb_tree_node<_Val>::_M_valptr() [with _Val = HC05::SENSOR_DATA_PARAMETER]	16	static
c:\st\stm32cubeide_1.10.1\stm32cubeide\plugins\com.st.stm32cube.ide.mcu.externaltools.gnu-tools-for-stm32.10.3-2021.10.win32_1.0.0.202111181127\tools\arm-none-eabi\include\c++\10.3.1\bits\alloc_traits.h:527:2:static void std::allocator_traits<std::allocator<_Tp1> >::destroy(std::allocator_traits<std::allocator<_Tp1> >::allocator_type&, _Up*) [with _Up = HC05::SENSOR_DATA_PARAMETER; _Tp = std::_Rb_tree_node<HC05::SENSOR_DATA_PARAMETER>]	16	static
c:\st\stm32cubeide_1.10.1\stm32cubeide\plugins\com.st.stm32cube.ide.mcu.externaltools.gnu-tools-for-stm32.10.3-2021.10.win32_1.0.0.202111181127\tools\arm-none-eabi\include\c++\10.3.1\bits\alloc_traits.h:491:7:static void std::allocator_traits<std::allocator<_Tp1> >::deallocate(std::allocator_traits<std::allocator<_Tp1> >::allocator_type&, std::allocator_traits<std::allocator<_Tp1> >::pointer, std::allocator_traits<std::allocator<_Tp1> >::size_type) [with _Tp = std::_Rb_tree_node<HC05::SENSOR_DATA_PARAMETER>]	24	static
c:\st\stm32cubeide_1.10.1\stm32cubeide\plugins\com.st.stm32cube.ide.mcu.externaltools.gnu-tools-for-stm32.10.3-2021.10.win32_1.0.0.202111181127\tools\arm-none-eabi\include\c++\10.3.1\ext\new_allocator.h:126:7:void __gnu_cxx::new_allocator<_Tp>::deallocate(_Tp*, __gnu_cxx::new_allocator<_Tp>::size_type) [with _Tp = PrintableSensor*]	24	static
c:\st\stm32cubeide_1.10.1\stm32cubeide\plugins\com.st.stm32cube.ide.mcu.externaltools.gnu-tools-for-stm32.10.3-2021.10.win32_1.0.0.202111181127\tools\arm-none-eabi\include\c++\10.3.1\ext\aligned_buffer.h:72:7:_Tp* __gnu_cxx::__aligned_membuf<_Tp>::_M_ptr() [with _Tp = HC05::SENSOR_DATA_PARAMETER]	16	static
c:\st\stm32cubeide_1.10.1\stm32cubeide\plugins\com.st.stm32cube.ide.mcu.externaltools.gnu-tools-for-stm32.10.3-2021.10.win32_1.0.0.202111181127\tools\arm-none-eabi\include\c++\10.3.1\ext\new_allocator.h:160:2:void __gnu_cxx::new_allocator<_Tp>::destroy(_Up*) [with _Up = HC05::SENSOR_DATA_PARAMETER; _Tp = std::_Rb_tree_node<HC05::SENSOR_DATA_PARAMETER>]	16	static
c:\st\stm32cubeide_1.10.1\stm32cubeide\plugins\com.st.stm32cube.ide.mcu.externaltools.gnu-tools-for-stm32.10.3-2021.10.win32_1.0.0.202111181127\tools\arm-none-eabi\include\c++\10.3.1\ext\new_allocator.h:126:7:void __gnu_cxx::new_allocator<_Tp>::deallocate(_Tp*, __gnu_cxx::new_allocator<_Tp>::size_type) [with _Tp = std::_Rb_tree_node<HC05::SENSOR_DATA_PARAMETER>]	24	static
c:\st\stm32cubeide_1.10.1\stm32cubeide\plugins\com.st.stm32cube.ide.mcu.externaltools.gnu-tools-for-stm32.10.3-2021.10.win32_1.0.0.202111181127\tools\arm-none-eabi\include\c++\10.3.1\ext\aligned_buffer.h:64:7:void* __gnu_cxx::__aligned_membuf<_Tp>::_M_addr() [with _Tp = HC05::SENSOR_DATA_PARAMETER]	16	static
../Core/Src/main.cpp:1006:1:cpp)	8	static
../Core/Src/main.cpp:1006:1:cpp)	8	static
