../Drivers/CMSIS/Include/core_cm4.h:1657:22:void __NVIC_SetPriorityGrouping(uint32_t)	24	static
c:\st\stm32cubeide_1.10.1\stm32cubeide\plugins\com.st.stm32cube.ide.mcu.externaltools.gnu-tools-for-stm32.10.3-2021.10.win32_1.0.0.202111181127\tools\bin\../lib/gcc/arm-none-eabi/10.3.1/../../../../arm-none-eabi/include/c++/10.3.1/arm-none-eabi/thumb/v7e-m+fp/hard/bits/gthr-default.h:229:1:int __gthread_key_delete(__gthread_key_t)	16	static
c:\st\stm32cubeide_1.10.1\stm32cubeide\plugins\com.st.stm32cube.ide.mcu.externaltools.gnu-tools-for-stm32.10.3-2021.10.win32_1.0.0.202111181127\tools\arm-none-eabi\include\c++\10.3.1\bits\basic_string.h:6647:3:std::string std::__cxx11::to_string(long long int)	56	static
C:/Users/Dragos/STM32F4_DroneFlightController/Core/libs/Interfaces/Interfaces.hpp:48:7:void CallsCounter::incrementInterruptCounter()	24	static
C:/Users/Dragos/STM32F4_DroneFlightController/Core/libs/Interfaces/Interfaces.hpp:53:7:void CallsCounter::incrementTaskCounter()	24	static
C:/Users/Dragos/STM32F4_DroneFlightController/Core/libs/Interfaces/Timeout.hpp:29:7:void Timeout::incrementTimeoutCounter()	16	static
C:/Users/Dragos/STM32F4_DroneFlightController/Core/libs/Utils/failsafe_functions.hpp:18:15:void drone::failsafe::slowlyLanding(FlightControllorImplementation&)	16	static
C:/Users/Dragos/STM32F4_DroneFlightController/Core/libs/Utils/failsafe_functions.hpp:34:15:void drone::failsafe::quickLanding(FlightControllorImplementation&)	16	static
C:/Users/Dragos/STM32F4_DroneFlightController/Core/Src/Implementation/tasks/DynamicProcessTask.hpp:24:6:void DynamicsProcessTask(void*)	80	static
C:/Users/Dragos/STM32F4_DroneFlightController/Core/Src/Implementation/tasks/FaultsCheckTask.hpp:13:6:bool isFailureFaultDetected(FlightControllorImplementation&)	24	static
C:/Users/Dragos/STM32F4_DroneFlightController/Core/Src/Implementation/tasks/FaultsCheckTask.hpp:22:6:bool isCriticalFaultDetected(FlightControllorImplementation&)	24	static
C:/Users/Dragos/STM32F4_DroneFlightController/Core/Src/Implementation/tasks/FaultsCheckTask.hpp:32:6:void FaultsCheckTask(void*)	32	static
C:/Users/Dragos/STM32F4_DroneFlightController/Core/Src/Implementation/tasks/SensorsDataReadTask.hpp:22:6:void sensorsDataReadTask(void*)	40	static
C:/Users/Dragos/STM32F4_DroneFlightController/Core/Src/Implementation/ISRs/ISRs.hpp:14:6:void HAL_UART_TxCpltCallback(UART_HandleTypeDef*)	24	static
C:/Users/Dragos/STM32F4_DroneFlightController/Core/Src/Implementation/ISRs/ISRs.hpp:27:6:void HAL_TIM_PeriodElapsedCallback(TIM_HandleTypeDef*)	16	static
C:/Users/Dragos/STM32F4_DroneFlightController/Core/Src/Implementation/ISRs/ISRs.hpp:39:17:void HAL_GPIO_EXTI_Callback(uint16_t)	40	static,ignoring_inline_asm
C:/Users/Dragos/STM32F4_DroneFlightController/Core/Src/Implementation/ISRs/ISRs.hpp:68:6:void HAL_UART_RxCpltCallback(UART_HandleTypeDef*)	40	static,ignoring_inline_asm
../Core/Src/main.cpp:68:5:int main()	88	static
../Core/Src/main.cpp:147:6:void SystemClock_Config()	88	static
../Core/Src/main.cpp:193:13:void MX_ADC1_Init()	24	static
../Core/Src/main.cpp:245:13:void MX_SDIO_SD_Init()	8	static
../Core/Src/main.cpp:281:13:void MX_SPI2_Init()	8	static
../Core/Src/main.cpp:319:13:void MX_TIM3_Init()	64	static
../Core/Src/main.cpp:390:13:void MX_TIM4_Init()	32	static
../Core/Src/main.cpp:435:13:void MX_UART4_Init()	8	static
../Core/Src/main.cpp:468:13:void MX_USART1_UART_Init()	8	static
../Core/Src/main.cpp:501:13:void MX_USART2_UART_Init()	8	static
../Core/Src/main.cpp:534:13:void MX_USART3_UART_Init()	8	static
../Core/Src/main.cpp:567:13:void MX_USART6_UART_Init()	8	static
../Core/Src/main.cpp:598:13:void MX_DMA_Init()	16	static
../Core/Src/main.cpp:641:13:void MX_GPIO_Init()	48	static
../Core/Src/main.cpp:705:6:void Error_Handler()	4	static,ignoring_inline_asm
c:\st\stm32cubeide_1.10.1\stm32cubeide\plugins\com.st.stm32cube.ide.mcu.externaltools.gnu-tools-for-stm32.10.3-2021.10.win32_1.0.0.202111181127\tools\arm-none-eabi\include\c++\10.3.1\bits\charconv.h:47:5:constexpr unsigned int std::__detail::__to_chars_len(_Tp, int) [with _Tp = long long unsigned int]	80	static
c:\st\stm32cubeide_1.10.1\stm32cubeide\plugins\com.st.stm32cube.ide.mcu.externaltools.gnu-tools-for-stm32.10.3-2021.10.win32_1.0.0.202111181127\tools\arm-none-eabi\include\c++\10.3.1\bits\charconv.h:72:5:void std::__detail::__to_chars_10_impl(char*, unsigned int, _Tp) [with _Tp = long long unsigned int]	80	static
