c:\st\stm32cubeide_1.10.1\stm32cubeide\plugins\com.st.stm32cube.ide.mcu.externaltools.gnu-tools-for-stm32.10.3-2021.10.win32_1.0.0.202111181127\tools\bin\../lib/gcc/arm-none-eabi/10.3.1/../../../../arm-none-eabi/include/c++/10.3.1/arm-none-eabi/thumb/v7e-m+fp/hard/bits/gthr-default.h:229:1:int __gthread_key_delete(__gthread_key_t)	16	static
C:/Users/Dragos/STM32F4_DroneFlightController/Core/libs/Utils/utils_functions.hpp:22:18:int16_t drone::utils::functions::concatBytes(uint8_t, uint8_t)	16	static
C:/Users/Dragos/STM32F4_DroneFlightController/Core/libs/Buzzer_lib/Buzzer.hpp:31:2:Buzzer::Buzzer()	16	static
C:/Users/Dragos/STM32F4_DroneFlightController/Core/libs/Utils/PID_Control.hpp:27:2:PID_Control::PID_Control(float&, float&, float, float, float)	32	static
C:/Users/Dragos/STM32F4_DroneFlightController/Core/libs/HC05_lib/HC05.hpp:69:7:constexpr PrintableSensor::PrintableSensor()	16	static
C:/Users/Dragos/STM32F4_DroneFlightController/Core/libs/BatteryManagement_lib/BatteryManagement.hpp:43:2:BatteryManagement::BatteryManagement(ADC_HandleTypeDef*, Buzzer*, uint16_t)	24	static
C:/Users/Dragos/STM32F4_DroneFlightController/Core/libs/nvm/FlashMemoryBlock.hpp:53:2:FlashMemoryBlock::FlashMemoryBlock(uint32_t)	16	static
C:/Users/Dragos/STM32F4_DroneFlightController/Core/libs/nvm/FlashMemoryBlock.hpp:87:7:void IOManagement::writeMemoryBlock(FlashMemoryBlock)	16	static
C:/Users/Dragos/STM32F4_DroneFlightController/Core/libs/nvm/FlashMemoryBlock.hpp:120:7:void IOManagement::resetMemoryBlock(FlashMemoryBlock&)	16	static
C:/Users/Dragos/STM32F4_DroneFlightController/Core/libs/nvm/FlashMemoryBlock.hpp:135:7:void IOManagement::updateMemoryBlock(FlashMemoryBlock&)	16	static
C:/Users/Dragos/STM32F4_DroneFlightController/Core/libs/nvm/FlashMemoryBlock.hpp:154:2:MemoryManagement::MemoryManagement(uint32_t)	104	static
../Core/Src/Implementation/FlightControllerImplementation.hpp:69:2:FlightControllorImplementation::FlightControllorImplementation(ADC_HandleTypeDef*, SPI_HandleTypeDef*, UART_HandleTypeDef*, UART_HandleTypeDef*, UART_HandleTypeDef*, UART_HandleTypeDef*, UART_HandleTypeDef*, DMA_HandleTypeDef*, DMA_HandleTypeDef*, DMA_HandleTypeDef*, DMA_HandleTypeDef*)	48	static
../Core/Src/Implementation/FlightControllerInstance.cpp:35:33:static FlightControllorImplementation* FlightControllorImplementation::getInstance()	4	static
C:/Users/Dragos/STM32F4_DroneFlightController/Core/libs/nvm/FlashMemoryBlock.hpp:19:2:memoryData<unionType>::memoryData(uint32_t&) [with unionType = intObj]	16	static
C:/Users/Dragos/STM32F4_DroneFlightController/Core/libs/nvm/FlashMemoryBlock.hpp:19:2:memoryData<unionType>::memoryData(uint32_t&) [with unionType = floatObj]	16	static
C:/Users/Dragos/STM32F4_DroneFlightController/Core/libs/nvm/FlashMemoryBlock.hpp:30:7:void memoryData<unionType>::updateToMemory() [with unionType = intObj]	16	static
C:/Users/Dragos/STM32F4_DroneFlightController/Core/libs/nvm/FlashMemoryBlock.hpp:30:7:void memoryData<unionType>::updateToMemory() [with unionType = floatObj]	16	static
C:/Users/Dragos/STM32F4_DroneFlightController/Core/libs/nvm/FlashMemoryBlock.hpp:35:7:memoryData<unionType>::Type memoryData<unionType>::getValue() [with unionType = intObj]	16	static
C:/Users/Dragos/STM32F4_DroneFlightController/Core/libs/nvm/FlashMemoryBlock.hpp:40:7:void memoryData<unionType>::setValue(memoryData<unionType>::Type) [with unionType = intObj]	16	static
C:/Users/Dragos/STM32F4_DroneFlightController/Core/libs/nvm/FlashMemoryBlock.hpp:40:7:void memoryData<unionType>::setValue(memoryData<unionType>::Type) [with unionType = floatObj]	16	static
C:/Users/Dragos/STM32F4_DroneFlightController/Core/libs/nvm/FlashMemoryBlock.hpp:25:7:void memoryData<unionType>::updateFromMemory() [with unionType = intObj]	16	static
C:/Users/Dragos/STM32F4_DroneFlightController/Core/libs/nvm/FlashMemoryBlock.hpp:25:7:void memoryData<unionType>::updateFromMemory() [with unionType = floatObj]	16	static
C:/Users/Dragos/STM32F4_DroneFlightController/Core/libs/nvm/nvmUtils.hpp:127:17:uint32_t writeMemoryAddress(uint32_t, Type) [with Type = intObj]	24	static
C:/Users/Dragos/STM32F4_DroneFlightController/Core/libs/nvm/nvmUtils.hpp:127:17:uint32_t writeMemoryAddress(uint32_t, Type) [with Type = floatObj]	24	static
C:/Users/Dragos/STM32F4_DroneFlightController/Core/libs/nvm/nvmUtils.hpp:121:13:Type readMemoryAddress(uint32_t) [with Type = int]	16	static
C:/Users/Dragos/STM32F4_DroneFlightController/Core/libs/nvm/nvmUtils.hpp:121:13:Type readMemoryAddress(uint32_t) [with Type = float]	16	static
../Core/Src/Implementation/FlightControllerInstance.cpp:38:1:void __static_initialization_and_destruction_0(int, int)	56	static
../Core/Src/Implementation/FlightControllerInstance.cpp:38:1:cpp)	8	static
