c:\st\stm32cubeide_1.10.1\stm32cubeide\plugins\com.st.stm32cube.ide.mcu.externaltools.gnu-tools-for-stm32.10.3-2021.10.win32_1.0.0.202111181127\tools\bin\../lib/gcc/arm-none-eabi/10.3.1/../../../../arm-none-eabi/include/c++/10.3.1/arm-none-eabi/thumb/v7e-m+fp/hard/bits/gthr-default.h:229:1:int __gthread_key_delete(__gthread_key_t)	16	static
C:/Users/DDarie/STM32F4_DroneFlightController/Core/libs/Utils/utils_functions.hpp:22:18:int16_t drone::utils::functions::concatBytes(uint8_t, uint8_t)	16	static
C:/Users/DDarie/STM32F4_DroneFlightController/Core/libs/BatteryManagement_lib/BatteryManagement.hpp:42:2:BatteryManagement::BatteryManagement(ADC_HandleTypeDef*, Buzzer*, uint16_t)	24	static
C:/Users/DDarie/STM32F4_DroneFlightController/Core/libs/Buzzer_lib/Buzzer.hpp:13:7:constexpr Buzzer::Buzzer()	16	static
../Core/Src/Implementation/FlightControllerImplementation.hpp:58:2:FlightControllorImplementation::FlightControllorImplementation(ADC_HandleTypeDef*, SPI_HandleTypeDef*, UART_HandleTypeDef*, UART_HandleTypeDef*, UART_HandleTypeDef*, UART_HandleTypeDef*, DMA_HandleTypeDef*, DMA_HandleTypeDef*, DMA_HandleTypeDef*)	32	static
../Core/Src/Implementation/FlightControllerInstance.cpp:31:33:static FlightControllorImplementation* FlightControllorImplementation::getInstance()	4	static
../Core/Src/Implementation/FlightControllerInstance.cpp:34:1:void __static_initialization_and_destruction_0(int, int)	48	static
../Core/Src/Implementation/FlightControllerInstance.cpp:34:1:cpp)	8	static
