c:\st\stm32cubeide_1.10.1\stm32cubeide\plugins\com.st.stm32cube.ide.mcu.externaltools.gnu-tools-for-stm32.10.3-2021.10.win32_1.0.0.202111181127\tools\arm-none-eabi\include\c++\10.3.1\new:174:33:void* operator new(std::size_t, void*)	16	static
c:\st\stm32cubeide_1.10.1\stm32cubeide\plugins\com.st.stm32cube.ide.mcu.externaltools.gnu-tools-for-stm32.10.3-2021.10.win32_1.0.0.202111181127\tools\arm-none-eabi\include\c++\10.3.1\bits\stl_tree.h:173:5:std::_Rb_tree_header::_Rb_tree_header()	16	static
c:\st\stm32cubeide_1.10.1\stm32cubeide\plugins\com.st.stm32cube.ide.mcu.externaltools.gnu-tools-for-stm32.10.3-2021.10.win32_1.0.0.202111181127\tools\arm-none-eabi\include\c++\10.3.1\bits\stl_tree.h:206:5:void std::_Rb_tree_header::_M_reset()	16	static
c:\st\stm32cubeide_1.10.1\stm32cubeide\plugins\com.st.stm32cube.ide.mcu.externaltools.gnu-tools-for-stm32.10.3-2021.10.win32_1.0.0.202111181127\tools\arm-none-eabi\include\c++\10.3.1\bits\move.h:76:5:constexpr _Tp&& std::forward(typename std::remove_reference<_Tp>::type&) [with _Tp = MemoryDescriptor]	16	static
c:\st\stm32cubeide_1.10.1\stm32cubeide\plugins\com.st.stm32cube.ide.mcu.externaltools.gnu-tools-for-stm32.10.3-2021.10.win32_1.0.0.202111181127\tools\arm-none-eabi\include\c++\10.3.1\bits\stl_map.h:302:7:std::map<_Key, _Tp, _Compare, _Alloc>::~map() [with _Key = MemoryDescriptor; _Tp = std::pair<long unsigned int, MemoryDataType>; _Compare = std::less<MemoryDescriptor>; _Alloc = std::allocator<std::pair<const MemoryDescriptor, std::pair<long unsigned int, MemoryDataType> > >]	16	static
../Core/libs/nvm/FlashReadWrite.cpp:13:17:uint32_t GetSector(uint32_t)	24	static
../Core/libs/nvm/FlashReadWrite.cpp:69:6:void nvm::Flash_Read_Data(uint32_t, uint32_t*, uint16_t)	24	static
../Core/libs/nvm/FlashReadWrite.cpp:81:7:float nvm::Flash_Read_NUM(uint32_t)	24	static
../Core/libs/nvm/FlashReadWrite.cpp:91:10:uint32_t nvm::write(MemoryDescriptor, int)	80	dynamic
../Core/libs/nvm/FlashReadWrite.cpp:110:10:uint32_t nvm::massEraseSector(uint32_t)	24	static
c:\st\stm32cubeide_1.10.1\stm32cubeide\plugins\com.st.stm32cube.ide.mcu.externaltools.gnu-tools-for-stm32.10.3-2021.10.win32_1.0.0.202111181127\tools\arm-none-eabi\include\c++\10.3.1\bits\allocator.h:164:7:std::allocator< <template-parameter-1-1> >::allocator() [with _Tp = std::pair<const MemoryDescriptor, std::pair<long unsigned int, MemoryDataType> >]	16	static
c:\st\stm32cubeide_1.10.1\stm32cubeide\plugins\com.st.stm32cube.ide.mcu.externaltools.gnu-tools-for-stm32.10.3-2021.10.win32_1.0.0.202111181127\tools\arm-none-eabi\include\c++\10.3.1\bits\allocator.h:182:7:std::allocator< <template-parameter-1-1> >::~allocator() [with _Tp = std::pair<const MemoryDescriptor, std::pair<long unsigned int, MemoryDataType> >]	16	static
c:\st\stm32cubeide_1.10.1\stm32cubeide\plugins\com.st.stm32cube.ide.mcu.externaltools.gnu-tools-for-stm32.10.3-2021.10.win32_1.0.0.202111181127\tools\arm-none-eabi\include\c++\10.3.1\bits\stl_map.h:228:7:std::map<_Key, _Tp, _Compare, _Alloc>::map(std::initializer_list<std::pair<const _Key, _Tp> >, const _Compare&, const allocator_type&) [with _Key = MemoryDescriptor; _Tp = std::pair<long unsigned int, MemoryDataType>; _Compare = std::less<MemoryDescriptor>; _Alloc = std::allocator<std::pair<const MemoryDescriptor, std::pair<long unsigned int, MemoryDataType> > >]	40	static
c:\st\stm32cubeide_1.10.1\stm32cubeide\plugins\com.st.stm32cube.ide.mcu.externaltools.gnu-tools-for-stm32.10.3-2021.10.win32_1.0.0.202111181127\tools\arm-none-eabi\include\c++\10.3.1\bits\stl_tree.h:677:9:std::_Rb_tree<MemoryDescriptor, std::pair<const MemoryDescriptor, std::pair<long unsigned int, MemoryDataType> >, std::_Select1st<std::pair<const MemoryDescriptor, std::pair<long unsigned int, MemoryDataType> > >, std::less<MemoryDescriptor>, std::allocator<std::pair<const MemoryDescriptor, std::pair<long unsigned int, MemoryDataType> > > >::_Rb_tree_impl<std::less<MemoryDescriptor>, true>::~_Rb_tree_impl()	16	static
c:\st\stm32cubeide_1.10.1\stm32cubeide\plugins\com.st.stm32cube.ide.mcu.externaltools.gnu-tools-for-stm32.10.3-2021.10.win32_1.0.0.202111181127\tools\arm-none-eabi\include\c++\10.3.1\bits\stl_tree.h:992:7:std::_Rb_tree<_Key, _Val, _KeyOfValue, _Compare, _Alloc>::~_Rb_tree() [with _Key = MemoryDescriptor; _Val = std::pair<const MemoryDescriptor, std::pair<long unsigned int, MemoryDataType> >; _KeyOfValue = std::_Select1st<std::pair<const MemoryDescriptor, std::pair<long unsigned int, MemoryDataType> > >; _Compare = std::less<MemoryDescriptor>; _Alloc = std::allocator<std::pair<const MemoryDescriptor, std::pair<long unsigned int, MemoryDataType> > >]	16	static
../Core/libs/nvm/FlashReadWrite.hpp:100:17:dataType bytes2DataType(const uint8_t*) [with dataType = int]	24	static
c:\st\stm32cubeide_1.10.1\stm32cubeide\plugins\com.st.stm32cube.ide.mcu.externaltools.gnu-tools-for-stm32.10.3-2021.10.win32_1.0.0.202111181127\tools\arm-none-eabi\include\c++\10.3.1\bits\stl_map.h:512:7:std::map<_Key, _Tp, _Compare, _Alloc>::mapped_type& std::map<_Key, _Tp, _Compare, _Alloc>::operator[](std::map<_Key, _Tp, _Compare, _Alloc>::key_type&&) [with _Key = MemoryDescriptor; _Tp = std::pair<long unsigned int, MemoryDataType>; _Compare = std::less<MemoryDescriptor>; _Alloc = std::allocator<std::pair<const MemoryDescriptor, std::pair<long unsigned int, MemoryDataType> > >]	56	static
../Core/libs/nvm/FlashReadWrite.hpp:82:13:void dataType2Bytes(uint8_t*, dataType) [with dataType = int]	24	static
c:\st\stm32cubeide_1.10.1\stm32cubeide\plugins\com.st.stm32cube.ide.mcu.externaltools.gnu-tools-for-stm32.10.3-2021.10.win32_1.0.0.202111181127\tools\arm-none-eabi\include\c++\10.3.1\ext\new_allocator.h:79:7:__gnu_cxx::new_allocator<_Tp>::new_allocator() [with _Tp = std::pair<const MemoryDescriptor, std::pair<long unsigned int, MemoryDataType> >]	16	static
c:\st\stm32cubeide_1.10.1\stm32cubeide\plugins\com.st.stm32cube.ide.mcu.externaltools.gnu-tools-for-stm32.10.3-2021.10.win32_1.0.0.202111181127\tools\arm-none-eabi\include\c++\10.3.1\ext\new_allocator.h:89:7:__gnu_cxx::new_allocator<_Tp>::~new_allocator() [with _Tp = std::pair<const MemoryDescriptor, std::pair<long unsigned int, MemoryDataType> >]	16	static
c:\st\stm32cubeide_1.10.1\stm32cubeide\plugins\com.st.stm32cube.ide.mcu.externaltools.gnu-tools-for-stm32.10.3-2021.10.win32_1.0.0.202111181127\tools\arm-none-eabi\include\c++\10.3.1\bits\allocator.h:167:7:std::allocator< <template-parameter-1-1> >::allocator(const std::allocator< <template-parameter-1-1> >&) [with _Tp = std::pair<const MemoryDescriptor, std::pair<long unsigned int, MemoryDataType> >]	16	static
c:\st\stm32cubeide_1.10.1\stm32cubeide\plugins\com.st.stm32cube.ide.mcu.externaltools.gnu-tools-for-stm32.10.3-2021.10.win32_1.0.0.202111181127\tools\arm-none-eabi\include\c++\10.3.1\bits\stl_tree.h:940:7:std::_Rb_tree<_Key, _Val, _KeyOfValue, _Compare, _Alloc>::_Rb_tree(const _Compare&, const allocator_type&) [with _Key = MemoryDescriptor; _Val = std::pair<const MemoryDescriptor, std::pair<long unsigned int, MemoryDataType> >; _KeyOfValue = std::_Select1st<std::pair<const MemoryDescriptor, std::pair<long unsigned int, MemoryDataType> > >; _Compare = std::less<MemoryDescriptor>; _Alloc = std::allocator<std::pair<const MemoryDescriptor, std::pair<long unsigned int, MemoryDataType> > >]	40	static
c:\st\stm32cubeide_1.10.1\stm32cubeide\plugins\com.st.stm32cube.ide.mcu.externaltools.gnu-tools-for-stm32.10.3-2021.10.win32_1.0.0.202111181127\tools\arm-none-eabi\include\c++\10.3.1\initializer_list:75:7:constexpr const _E* std::initializer_list<_E>::begin() const [with _E = std::pair<const MemoryDescriptor, std::pair<long unsigned int, MemoryDataType> >]	16	static
c:\st\stm32cubeide_1.10.1\stm32cubeide\plugins\com.st.stm32cube.ide.mcu.externaltools.gnu-tools-for-stm32.10.3-2021.10.win32_1.0.0.202111181127\tools\arm-none-eabi\include\c++\10.3.1\initializer_list:79:7:constexpr const _E* std::initializer_list<_E>::end() const [with _E = std::pair<const MemoryDescriptor, std::pair<long unsigned int, MemoryDataType> >]	24	static
c:\st\stm32cubeide_1.10.1\stm32cubeide\plugins\com.st.stm32cube.ide.mcu.externaltools.gnu-tools-for-stm32.10.3-2021.10.win32_1.0.0.202111181127\tools\arm-none-eabi\include\c++\10.3.1\bits\stl_tree.h:1107:2:std::__enable_if_t<std::is_same<_Val, typename std::iterator_traits<_Iter>::value_type>::value> std::_Rb_tree<_Key, _Val, _KeyOfValue, _Compare, _Alloc>::_M_insert_range_unique(_InputIterator, _InputIterator) [with _InputIterator = const std::pair<const MemoryDescriptor, std::pair<long unsigned int, MemoryDataType> >*; _Key = MemoryDescriptor; _Val = std::pair<const MemoryDescriptor, std::pair<long unsigned int, MemoryDataType> >; _KeyOfValue = std::_Select1st<std::pair<const MemoryDescriptor, std::pair<long unsigned int, MemoryDataType> > >; _Compare = std::less<MemoryDescriptor>; _Alloc = std::allocator<std::pair<const MemoryDescriptor, std::pair<long unsigned int, MemoryDataType> > >]	40	static
c:\st\stm32cubeide_1.10.1\stm32cubeide\plugins\com.st.stm32cube.ide.mcu.externaltools.gnu-tools-for-stm32.10.3-2021.10.win32_1.0.0.202111181127\tools\arm-none-eabi\include\c++\10.3.1\bits\allocator.h:182:7:std::allocator< <template-parameter-1-1> >::~allocator() [with _Tp = std::_Rb_tree_node<std::pair<const MemoryDescriptor, std::pair<long unsigned int, MemoryDataType> > >]	16	static
c:\st\stm32cubeide_1.10.1\stm32cubeide\plugins\com.st.stm32cube.ide.mcu.externaltools.gnu-tools-for-stm32.10.3-2021.10.win32_1.0.0.202111181127\tools\arm-none-eabi\include\c++\10.3.1\bits\stl_tree.h:1915:5:void std::_Rb_tree<_Key, _Val, _KeyOfValue, _Compare, _Alloc>::_M_erase(std::_Rb_tree<_Key, _Val, _KeyOfValue, _Compare, _Alloc>::_Link_type) [with _Key = MemoryDescriptor; _Val = std::pair<const MemoryDescriptor, std::pair<long unsigned int, MemoryDataType> >; _KeyOfValue = std::_Select1st<std::pair<const MemoryDescriptor, std::pair<long unsigned int, MemoryDataType> > >; _Compare = std::less<MemoryDescriptor>; _Alloc = std::allocator<std::pair<const MemoryDescriptor, std::pair<long unsigned int, MemoryDataType> > >]	24	static
c:\st\stm32cubeide_1.10.1\stm32cubeide\plugins\com.st.stm32cube.ide.mcu.externaltools.gnu-tools-for-stm32.10.3-2021.10.win32_1.0.0.202111181127\tools\arm-none-eabi\include\c++\10.3.1\bits\stl_tree.h:750:7:std::_Rb_tree_node<_Val>* std::_Rb_tree<_Key, _Val, _KeyOfValue, _Compare, _Alloc>::_M_begin() [with _Key = MemoryDescriptor; _Val = std::pair<const MemoryDescriptor, std::pair<long unsigned int, MemoryDataType> >; _KeyOfValue = std::_Select1st<std::pair<const MemoryDescriptor, std::pair<long unsigned int, MemoryDataType> > >; _Compare = std::less<MemoryDescriptor>; _Alloc = std::allocator<std::pair<const MemoryDescriptor, std::pair<long unsigned int, MemoryDataType> > >]	16	static
c:\st\stm32cubeide_1.10.1\stm32cubeide\plugins\com.st.stm32cube.ide.mcu.externaltools.gnu-tools-for-stm32.10.3-2021.10.win32_1.0.0.202111181127\tools\arm-none-eabi\include\c++\10.3.1\bits\stl_map.h:1258:7:std::map<_Key, _Tp, _Compare, _Alloc>::iterator std::map<_Key, _Tp, _Compare, _Alloc>::lower_bound(const key_type&) [with _Key = MemoryDescriptor; _Tp = std::pair<long unsigned int, MemoryDataType>; _Compare = std::less<MemoryDescriptor>; _Alloc = std::allocator<std::pair<const MemoryDescriptor, std::pair<long unsigned int, MemoryDataType> > >]	16	static
c:\st\stm32cubeide_1.10.1\stm32cubeide\plugins\com.st.stm32cube.ide.mcu.externaltools.gnu-tools-for-stm32.10.3-2021.10.win32_1.0.0.202111181127\tools\arm-none-eabi\include\c++\10.3.1\bits\stl_map.h:374:7:std::map<_Key, _Tp, _Compare, _Alloc>::iterator std::map<_Key, _Tp, _Compare, _Alloc>::end() [with _Key = MemoryDescriptor; _Tp = std::pair<long unsigned int, MemoryDataType>; _Compare = std::less<MemoryDescriptor>; _Alloc = std::allocator<std::pair<const MemoryDescriptor, std::pair<long unsigned int, MemoryDataType> > >]	16	static
c:\st\stm32cubeide_1.10.1\stm32cubeide\plugins\com.st.stm32cube.ide.mcu.externaltools.gnu-tools-for-stm32.10.3-2021.10.win32_1.0.0.202111181127\tools\arm-none-eabi\include\c++\10.3.1\bits\stl_tree.h:315:7:bool std::operator==(const _Self&, const _Self&)	16	static
c:\st\stm32cubeide_1.10.1\stm32cubeide\plugins\com.st.stm32cube.ide.mcu.externaltools.gnu-tools-for-stm32.10.3-2021.10.win32_1.0.0.202111181127\tools\arm-none-eabi\include\c++\10.3.1\bits\stl_map.h:1142:7:std::map<_Key, _Tp, _Compare, _Alloc>::key_compare std::map<_Key, _Tp, _Compare, _Alloc>::key_comp() const [with _Key = MemoryDescriptor; _Tp = std::pair<long unsigned int, MemoryDataType>; _Compare = std::less<MemoryDescriptor>; _Alloc = std::allocator<std::pair<const MemoryDescriptor, std::pair<long unsigned int, MemoryDataType> > >]	24	static
c:\st\stm32cubeide_1.10.1\stm32cubeide\plugins\com.st.stm32cube.ide.mcu.externaltools.gnu-tools-for-stm32.10.3-2021.10.win32_1.0.0.202111181127\tools\arm-none-eabi\include\c++\10.3.1\bits\stl_tree.h:277:7:_Tp& std::_Rb_tree_iterator<_Tp>::operator*() const [with _Tp = std::pair<const MemoryDescriptor, std::pair<long unsigned int, MemoryDataType> >]	16	static
c:\st\stm32cubeide_1.10.1\stm32cubeide\plugins\com.st.stm32cube.ide.mcu.externaltools.gnu-tools-for-stm32.10.3-2021.10.win32_1.0.0.202111181127\tools\arm-none-eabi\include\c++\10.3.1\bits\stl_function.h:385:7:constexpr bool std::less<_Tp>::operator()(const _Tp&, const _Tp&) const [with _Tp = MemoryDescriptor]	24	static
c:\st\stm32cubeide_1.10.1\stm32cubeide\plugins\com.st.stm32cube.ide.mcu.externaltools.gnu-tools-for-stm32.10.3-2021.10.win32_1.0.0.202111181127\tools\arm-none-eabi\include\c++\10.3.1\bits\move.h:101:5:constexpr typename std::remove_reference<_Tp>::type&& std::move(_Tp&&) [with _Tp = MemoryDescriptor&]	16	static
c:\st\stm32cubeide_1.10.1\stm32cubeide\plugins\com.st.stm32cube.ide.mcu.externaltools.gnu-tools-for-stm32.10.3-2021.10.win32_1.0.0.202111181127\tools\arm-none-eabi\include\c++\10.3.1\tuple:667:17:constexpr std::tuple<_Elements>::tuple(std::tuple<_Elements>&&) [with _Elements = {MemoryDescriptor&&}]	16	static
c:\st\stm32cubeide_1.10.1\stm32cubeide\plugins\com.st.stm32cube.ide.mcu.externaltools.gnu-tools-for-stm32.10.3-2021.10.win32_1.0.0.202111181127\tools\arm-none-eabi\include\c++\10.3.1\tuple:1490:5:) [with _Elements = {MemoryDescriptor}]	16	static
c:\st\stm32cubeide_1.10.1\stm32cubeide\plugins\com.st.stm32cube.ide.mcu.externaltools.gnu-tools-for-stm32.10.3-2021.10.win32_1.0.0.202111181127\tools\arm-none-eabi\include\c++\10.3.1\bits\stl_tree.h:350:7:std::_Rb_tree_const_iterator<_Tp>::_Rb_tree_const_iterator(const iterator&) [with _Tp = std::pair<const MemoryDescriptor, std::pair<long unsigned int, MemoryDataType> >]	16	static
c:\st\stm32cubeide_1.10.1\stm32cubeide\plugins\com.st.stm32cube.ide.mcu.externaltools.gnu-tools-for-stm32.10.3-2021.10.win32_1.0.0.202111181127\tools\arm-none-eabi\include\c++\10.3.1\bits\stl_tree.h:2460:7:) [with _Args = {const std::piecewise_construct_t&, std::tuple<MemoryDescriptor&&>, std::tuple<>}; _Key = MemoryDescriptor; _Val = std::pair<const MemoryDescriptor, std::pair<long unsigned int, MemoryDataType> >; _KeyOfValue = std::_Select1st<std::pair<const MemoryDescriptor, std::pair<long unsigned int, MemoryDataType> > >; _Compare = std::less<MemoryDescriptor>; _Alloc = std::allocator<std::pair<const MemoryDescriptor, std::pair<long unsigned int, MemoryDataType> > >]	48	static
c:\st\stm32cubeide_1.10.1\stm32cubeide\plugins\com.st.stm32cube.ide.mcu.externaltools.gnu-tools-for-stm32.10.3-2021.10.win32_1.0.0.202111181127\tools\arm-none-eabi\include\c++\10.3.1\ext\new_allocator.h:82:7:__gnu_cxx::new_allocator<_Tp>::new_allocator(const __gnu_cxx::new_allocator<_Tp>&) [with _Tp = std::pair<const MemoryDescriptor, std::pair<long unsigned int, MemoryDataType> >]	16	static
c:\st\stm32cubeide_1.10.1\stm32cubeide\plugins\com.st.stm32cube.ide.mcu.externaltools.gnu-tools-for-stm32.10.3-2021.10.win32_1.0.0.202111181127\tools\arm-none-eabi\include\c++\10.3.1\bits\allocator.h:177:2:std::allocator< <template-parameter-1-1> >::allocator(const std::allocator<_Tp1>&) [with _Tp1 = std::pair<const MemoryDescriptor, std::pair<long unsigned int, MemoryDataType> >; _Tp = std::_Rb_tree_node<std::pair<const MemoryDescriptor, std::pair<long unsigned int, MemoryDataType> > >]	16	static
c:\st\stm32cubeide_1.10.1\stm32cubeide\plugins\com.st.stm32cube.ide.mcu.externaltools.gnu-tools-for-stm32.10.3-2021.10.win32_1.0.0.202111181127\tools\arm-none-eabi\include\c++\10.3.1\bits\stl_tree.h:716:4:std::_Rb_tree<_Key, _Val, _KeyOfValue, _Compare, _Alloc>::_Rb_tree_impl<_Key_compare, <anonymous> >::_Rb_tree_impl(const _Key_compare&, std::_Rb_tree<_Key, _Val, _KeyOfValue, _Compare, _Alloc>::_Node_allocator&&) [with _Key_compare = std::less<MemoryDescriptor>; bool <anonymous> = true; _Key = MemoryDescriptor; _Val = std::pair<const MemoryDescriptor, std::pair<long unsigned int, MemoryDataType> >; _KeyOfValue = std::_Select1st<std::pair<const MemoryDescriptor, std::pair<long unsigned int, MemoryDataType> > >; _Compare = std::less<MemoryDescriptor>; _Alloc = std::allocator<std::pair<const MemoryDescriptor, std::pair<long unsigned int, MemoryDataType> > >]	24	static
c:\st\stm32cubeide_1.10.1\stm32cubeide\plugins\com.st.stm32cube.ide.mcu.externaltools.gnu-tools-for-stm32.10.3-2021.10.win32_1.0.0.202111181127\tools\arm-none-eabi\include\c++\10.3.1\initializer_list:71:7:constexpr std::initializer_list<_E>::size_type std::initializer_list<_E>::size() const [with _E = std::pair<const MemoryDescriptor, std::pair<long unsigned int, MemoryDataType> >]	16	static
c:\st\stm32cubeide_1.10.1\stm32cubeide\plugins\com.st.stm32cube.ide.mcu.externaltools.gnu-tools-for-stm32.10.3-2021.10.win32_1.0.0.202111181127\tools\arm-none-eabi\include\c++\10.3.1\bits\stl_tree.h:542:2:std::_Rb_tree<_Key, _Val, _KeyOfValue, _Compare, _Alloc>::_Alloc_node::_Alloc_node(std::_Rb_tree<_Key, _Val, _KeyOfValue, _Compare, _Alloc>&) [with _Key = MemoryDescriptor; _Val = std::pair<const MemoryDescriptor, std::pair<long unsigned int, MemoryDataType> >; _KeyOfValue = std::_Select1st<std::pair<const MemoryDescriptor, std::pair<long unsigned int, MemoryDataType> > >; _Compare = std::less<MemoryDescriptor>; _Alloc = std::allocator<std::pair<const MemoryDescriptor, std::pair<long unsigned int, MemoryDataType> > >]	16	static
c:\st\stm32cubeide_1.10.1\stm32cubeide\plugins\com.st.stm32cube.ide.mcu.externaltools.gnu-tools-for-stm32.10.3-2021.10.win32_1.0.0.202111181127\tools\arm-none-eabi\include\c++\10.3.1\bits\stl_tree.h:1012:7:std::_Rb_tree<_Key, _Val, _KeyOfValue, _Compare, _Alloc>::iterator std::_Rb_tree<_Key, _Val, _KeyOfValue, _Compare, _Alloc>::end() [with _Key = MemoryDescriptor; _Val = std::pair<const MemoryDescriptor, std::pair<long unsigned int, MemoryDataType> >; _KeyOfValue = std::_Select1st<std::pair<const MemoryDescriptor, std::pair<long unsigned int, MemoryDataType> > >; _Compare = std::less<MemoryDescriptor>; _Alloc = std::allocator<std::pair<const MemoryDescriptor, std::pair<long unsigned int, MemoryDataType> > >]	24	static
c:\st\stm32cubeide_1.10.1\stm32cubeide\plugins\com.st.stm32cube.ide.mcu.externaltools.gnu-tools-for-stm32.10.3-2021.10.win32_1.0.0.202111181127\tools\arm-none-eabi\include\c++\10.3.1\bits\stl_tree.h:2256:7:std::_Rb_tree<_Key, _Val, _KeyOfValue, _Compare, _Alloc>::iterator std::_Rb_tree<_Key, _Val, _KeyOfValue, _Compare, _Alloc>::_M_insert_unique_(std::_Rb_tree<_Key, _Val, _KeyOfValue, _Compare, _Alloc>::const_iterator, _Arg&&, _NodeGen&) [with _Arg = const std::pair<const MemoryDescriptor, std::pair<long unsigned int, MemoryDataType> >&; _NodeGen = std::_Rb_tree<MemoryDescriptor, std::pair<const MemoryDescriptor, std::pair<long unsigned int, MemoryDataType> >, std::_Select1st<std::pair<const MemoryDescriptor, std::pair<long unsigned int, MemoryDataType> > >, std::less<MemoryDescriptor>, std::allocator<std::pair<const MemoryDescriptor, std::pair<long unsigned int, MemoryDataType> > > >::_Alloc_node; _Key = MemoryDescriptor; _Val = std::pair<const MemoryDescriptor, std::pair<long unsigned int, MemoryDataType> >; _KeyOfValue = std::_Select1st<std::pair<const MemoryDescriptor, std::pair<long unsigned int, MemoryDataType> > >; _Compare = std::less<MemoryDescriptor>; _Alloc = std::allocator<std::pair<const MemoryDescriptor, std::pair<long unsigned int, MemoryDataType> > >]	56	static
c:\st\stm32cubeide_1.10.1\stm32cubeide\plugins\com.st.stm32cube.ide.mcu.externaltools.gnu-tools-for-stm32.10.3-2021.10.win32_1.0.0.202111181127\tools\arm-none-eabi\include\c++\10.3.1\ext\new_allocator.h:89:7:__gnu_cxx::new_allocator<_Tp>::~new_allocator() [with _Tp = std::_Rb_tree_node<std::pair<const MemoryDescriptor, std::pair<long unsigned int, MemoryDataType> > >]	16	static
c:\st\stm32cubeide_1.10.1\stm32cubeide\plugins\com.st.stm32cube.ide.mcu.externaltools.gnu-tools-for-stm32.10.3-2021.10.win32_1.0.0.202111181127\tools\arm-none-eabi\include\c++\10.3.1\bits\stl_tree.h:799:7:static std::_Rb_tree_node<_Val>* std::_Rb_tree<_Key, _Val, _KeyOfValue, _Compare, _Alloc>::_S_right(std::_Rb_tree<_Key, _Val, _KeyOfValue, _Compare, _Alloc>::_Base_ptr) [with _Key = MemoryDescriptor; _Val = std::pair<const MemoryDescriptor, std::pair<long unsigned int, MemoryDataType> >; _KeyOfValue = std::_Select1st<std::pair<const MemoryDescriptor, std::pair<long unsigned int, MemoryDataType> > >; _Compare = std::less<MemoryDescriptor>; _Alloc = std::allocator<std::pair<const MemoryDescriptor, std::pair<long unsigned int, MemoryDataType> > >]	16	static
c:\st\stm32cubeide_1.10.1\stm32cubeide\plugins\com.st.stm32cube.ide.mcu.externaltools.gnu-tools-for-stm32.10.3-2021.10.win32_1.0.0.202111181127\tools\arm-none-eabi\include\c++\10.3.1\bits\stl_tree.h:791:7:static std::_Rb_tree_node<_Val>* std::_Rb_tree<_Key, _Val, _KeyOfValue, _Compare, _Alloc>::_S_left(std::_Rb_tree<_Key, _Val, _KeyOfValue, _Compare, _Alloc>::_Base_ptr) [with _Key = MemoryDescriptor; _Val = std::pair<const MemoryDescriptor, std::pair<long unsigned int, MemoryDataType> >; _KeyOfValue = std::_Select1st<std::pair<const MemoryDescriptor, std::pair<long unsigned int, MemoryDataType> > >; _Compare = std::less<MemoryDescriptor>; _Alloc = std::allocator<std::pair<const MemoryDescriptor, std::pair<long unsigned int, MemoryDataType> > >]	16	static
c:\st\stm32cubeide_1.10.1\stm32cubeide\plugins\com.st.stm32cube.ide.mcu.externaltools.gnu-tools-for-stm32.10.3-2021.10.win32_1.0.0.202111181127\tools\arm-none-eabi\include\c++\10.3.1\bits\stl_tree.h:652:7:void std::_Rb_tree<_Key, _Val, _KeyOfValue, _Compare, _Alloc>::_M_drop_node(std::_Rb_tree<_Key, _Val, _KeyOfValue, _Compare, _Alloc>::_Link_type) [with _Key = MemoryDescriptor; _Val = std::pair<const MemoryDescriptor, std::pair<long unsigned int, MemoryDataType> >; _KeyOfValue = std::_Select1st<std::pair<const MemoryDescriptor, std::pair<long unsigned int, MemoryDataType> > >; _Compare = std::less<MemoryDescriptor>; _Alloc = std::allocator<std::pair<const MemoryDescriptor, std::pair<long unsigned int, MemoryDataType> > >]	16	static
c:\st\stm32cubeide_1.10.1\stm32cubeide\plugins\com.st.stm32cube.ide.mcu.externaltools.gnu-tools-for-stm32.10.3-2021.10.win32_1.0.0.202111181127\tools\arm-none-eabi\include\c++\10.3.1\bits\stl_tree.h:1278:7:std::_Rb_tree<_Key, _Val, _KeyOfValue, _Compare, _Alloc>::iterator std::_Rb_tree<_Key, _Val, _KeyOfValue, _Compare, _Alloc>::lower_bound(const key_type&) [with _Key = MemoryDescriptor; _Val = std::pair<const MemoryDescriptor, std::pair<long unsigned int, MemoryDataType> >; _KeyOfValue = std::_Select1st<std::pair<const MemoryDescriptor, std::pair<long unsigned int, MemoryDataType> > >; _Compare = std::less<MemoryDescriptor>; _Alloc = std::allocator<std::pair<const MemoryDescriptor, std::pair<long unsigned int, MemoryDataType> > >]	24	static
c:\st\stm32cubeide_1.10.1\stm32cubeide\plugins\com.st.stm32cube.ide.mcu.externaltools.gnu-tools-for-stm32.10.3-2021.10.win32_1.0.0.202111181127\tools\arm-none-eabi\include\c++\10.3.1\bits\stl_tree.h:1000:7:_Compare std::_Rb_tree<_Key, _Val, _KeyOfValue, _Compare, _Alloc>::key_comp() const [with _Key = MemoryDescriptor; _Val = std::pair<const MemoryDescriptor, std::pair<long unsigned int, MemoryDataType> >; _KeyOfValue = std::_Select1st<std::pair<const MemoryDescriptor, std::pair<long unsigned int, MemoryDataType> > >; _Compare = std::less<MemoryDescriptor>; _Alloc = std::allocator<std::pair<const MemoryDescriptor, std::pair<long unsigned int, MemoryDataType> > >]	16	static
c:\st\stm32cubeide_1.10.1\stm32cubeide\plugins\com.st.stm32cube.ide.mcu.externaltools.gnu-tools-for-stm32.10.3-2021.10.win32_1.0.0.202111181127\tools\arm-none-eabi\include\c++\10.3.1\bits\stl_tree.h:234:7:_Val* std::_Rb_tree_node<_Val>::_M_valptr() [with _Val = std::pair<const MemoryDescriptor, std::pair<long unsigned int, MemoryDataType> >]	16	static
c:\st\stm32cubeide_1.10.1\stm32cubeide\plugins\com.st.stm32cube.ide.mcu.externaltools.gnu-tools-for-stm32.10.3-2021.10.win32_1.0.0.202111181127\tools\arm-none-eabi\include\c++\10.3.1\tuple:653:2:>(), bool>::type <anonymous> = true; _Elements = {MemoryDescriptor&&}]	24	static
c:\st\stm32cubeide_1.10.1\stm32cubeide\plugins\com.st.stm32cube.ide.mcu.externaltools.gnu-tools-for-stm32.10.3-2021.10.win32_1.0.0.202111181127\tools\arm-none-eabi\include\c++\10.3.1\tuple:373:7:constexpr std::_Tuple_impl<_Idx, _Head>::_Tuple_impl(std::_Tuple_impl<_Idx, _Head>&&) [with unsigned int _Idx = 0; _Head = MemoryDescriptor&&]	24	static
c:\st\stm32cubeide_1.10.1\stm32cubeide\plugins\com.st.stm32cube.ide.mcu.externaltools.gnu-tools-for-stm32.10.3-2021.10.win32_1.0.0.202111181127\tools\arm-none-eabi\include\c++\10.3.1\bits\move.h:76:5:constexpr _Tp&& std::forward(typename std::remove_reference<_Tp>::type&) [with _Tp = const std::piecewise_construct_t&]	16	static
c:\st\stm32cubeide_1.10.1\stm32cubeide\plugins\com.st.stm32cube.ide.mcu.externaltools.gnu-tools-for-stm32.10.3-2021.10.win32_1.0.0.202111181127\tools\arm-none-eabi\include\c++\10.3.1\bits\move.h:76:5:constexpr _Tp&& std::forward(typename std::remove_reference<_Tp>::type&) [with _Tp = std::tuple<MemoryDescriptor&&>]	16	static
c:\st\stm32cubeide_1.10.1\stm32cubeide\plugins\com.st.stm32cube.ide.mcu.externaltools.gnu-tools-for-stm32.10.3-2021.10.win32_1.0.0.202111181127\tools\arm-none-eabi\include\c++\10.3.1\bits\move.h:76:5:constexpr _Tp&& std::forward(typename std::remove_reference<_Tp>::type&) [with _Tp = std::tuple<>]	16	static
c:\st\stm32cubeide_1.10.1\stm32cubeide\plugins\com.st.stm32cube.ide.mcu.externaltools.gnu-tools-for-stm32.10.3-2021.10.win32_1.0.0.202111181127\tools\arm-none-eabi\include\c++\10.3.1\bits\stl_tree.h:632:2:) [with _Args = {const std::piecewise_construct_t&, std::tuple<MemoryDescriptor&&>, std::tuple<>}; _Key = MemoryDescriptor; _Val = std::pair<const MemoryDescriptor, std::pair<long unsigned int, MemoryDataType> >; _KeyOfValue = std::_Select1st<std::pair<const MemoryDescriptor, std::pair<long unsigned int, MemoryDataType> > >; _Compare = std::less<MemoryDescriptor>; _Alloc = std::allocator<std::pair<const MemoryDescriptor, std::pair<long unsigned int, MemoryDataType> > >]	48	static
c:\st\stm32cubeide_1.10.1\stm32cubeide\plugins\com.st.stm32cube.ide.mcu.externaltools.gnu-tools-for-stm32.10.3-2021.10.win32_1.0.0.202111181127\tools\arm-none-eabi\include\c++\10.3.1\bits\stl_tree.h:2195:5:std::pair<std::_Rb_tree_node_base*, std::_Rb_tree_node_base*> std::_Rb_tree<_Key, _Val, _KeyOfValue, _Compare, _Alloc>::_M_get_insert_hint_unique_pos(std::_Rb_tree<_Key, _Val, _KeyOfValue, _Compare, _Alloc>::const_iterator, const key_type&) [with _Key = MemoryDescriptor; _Val = std::pair<const MemoryDescriptor, std::pair<long unsigned int, MemoryDataType> >; _KeyOfValue = std::_Select1st<std::pair<const MemoryDescriptor, std::pair<long unsigned int, MemoryDataType> > >; _Compare = std::less<MemoryDescriptor>; _Alloc = std::allocator<std::pair<const MemoryDescriptor, std::pair<long unsigned int, MemoryDataType> > >]	64	static
c:\st\stm32cubeide_1.10.1\stm32cubeide\plugins\com.st.stm32cube.ide.mcu.externaltools.gnu-tools-for-stm32.10.3-2021.10.win32_1.0.0.202111181127\tools\arm-none-eabi\include\c++\10.3.1\bits\stl_tree.h:769:7:static const _Key& std::_Rb_tree<_Key, _Val, _KeyOfValue, _Compare, _Alloc>::_S_key(std::_Rb_tree<_Key, _Val, _KeyOfValue, _Compare, _Alloc>::_Const_Link_type) [with _Key = MemoryDescriptor; _Val = std::pair<const MemoryDescriptor, std::pair<long unsigned int, MemoryDataType> >; _KeyOfValue = std::_Select1st<std::pair<const MemoryDescriptor, std::pair<long unsigned int, MemoryDataType> > >; _Compare = std::less<MemoryDescriptor>; _Alloc = std::allocator<std::pair<const MemoryDescriptor, std::pair<long unsigned int, MemoryDataType> > >]	24	static
c:\st\stm32cubeide_1.10.1\stm32cubeide\plugins\com.st.stm32cube.ide.mcu.externaltools.gnu-tools-for-stm32.10.3-2021.10.win32_1.0.0.202111181127\tools\arm-none-eabi\include\c++\10.3.1\bits\stl_tree.h:2362:5:std::_Rb_tree<_Key, _Val, _KeyOfValue, _Compare, _Alloc>::iterator std::_Rb_tree<_Key, _Val, _KeyOfValue, _Compare, _Alloc>::_M_insert_node(std::_Rb_tree<_Key, _Val, _KeyOfValue, _Compare, _Alloc>::_Base_ptr, std::_Rb_tree<_Key, _Val, _KeyOfValue, _Compare, _Alloc>::_Base_ptr, std::_Rb_tree<_Key, _Val, _KeyOfValue, _Compare, _Alloc>::_Link_type) [with _Key = MemoryDescriptor; _Val = std::pair<const MemoryDescriptor, std::pair<long unsigned int, MemoryDataType> >; _KeyOfValue = std::_Select1st<std::pair<const MemoryDescriptor, std::pair<long unsigned int, MemoryDataType> > >; _Compare = std::less<MemoryDescriptor>; _Alloc = std::allocator<std::pair<const MemoryDescriptor, std::pair<long unsigned int, MemoryDataType> > >]	40	static
c:\st\stm32cubeide_1.10.1\stm32cubeide\plugins\com.st.stm32cube.ide.mcu.externaltools.gnu-tools-for-stm32.10.3-2021.10.win32_1.0.0.202111181127\tools\arm-none-eabi\include\c++\10.3.1\bits\stl_tree.h:273:7:std::_Rb_tree_iterator<_Tp>::_Rb_tree_iterator(std::_Rb_tree_iterator<_Tp>::_Base_ptr) [with _Tp = std::pair<const MemoryDescriptor, std::pair<long unsigned int, MemoryDataType> >]	16	static
c:\st\stm32cubeide_1.10.1\stm32cubeide\plugins\com.st.stm32cube.ide.mcu.externaltools.gnu-tools-for-stm32.10.3-2021.10.win32_1.0.0.202111181127\tools\arm-none-eabi\include\c++\10.3.1\ext\new_allocator.h:79:7:__gnu_cxx::new_allocator<_Tp>::new_allocator() [with _Tp = std::_Rb_tree_node<std::pair<const MemoryDescriptor, std::pair<long unsigned int, MemoryDataType> > >]	16	static
c:\st\stm32cubeide_1.10.1\stm32cubeide\plugins\com.st.stm32cube.ide.mcu.externaltools.gnu-tools-for-stm32.10.3-2021.10.win32_1.0.0.202111181127\tools\arm-none-eabi\include\c++\10.3.1\bits\move.h:101:5:constexpr typename std::remove_reference<_Tp>::type&& std::move(_Tp&&) [with _Tp = std::allocator<std::_Rb_tree_node<std::pair<const MemoryDescriptor, std::pair<long unsigned int, MemoryDataType> > > >&]	16	static
c:\st\stm32cubeide_1.10.1\stm32cubeide\plugins\com.st.stm32cube.ide.mcu.externaltools.gnu-tools-for-stm32.10.3-2021.10.win32_1.0.0.202111181127\tools\arm-none-eabi\include\c++\10.3.1\bits\allocator.h:167:7:std::allocator< <template-parameter-1-1> >::allocator(const std::allocator< <template-parameter-1-1> >&) [with _Tp = std::_Rb_tree_node<std::pair<const MemoryDescriptor, std::pair<long unsigned int, MemoryDataType> > >]	16	static
c:\st\stm32cubeide_1.10.1\stm32cubeide\plugins\com.st.stm32cube.ide.mcu.externaltools.gnu-tools-for-stm32.10.3-2021.10.win32_1.0.0.202111181127\tools\arm-none-eabi\include\c++\10.3.1\bits\stl_tree.h:152:7:std::_Rb_tree_key_compare<_Key_compare>::_Rb_tree_key_compare(const _Key_compare&) [with _Key_compare = std::less<MemoryDescriptor>]	16	static
c:\st\stm32cubeide_1.10.1\stm32cubeide\plugins\com.st.stm32cube.ide.mcu.externaltools.gnu-tools-for-stm32.10.3-2021.10.win32_1.0.0.202111181127\tools\arm-none-eabi\include\c++\10.3.1\bits\stl_function.h:1155:7:const typename _Pair::first_type& std::_Select1st<_Pair>::operator()(const _Pair&) const [with _Pair = std::pair<const MemoryDescriptor, std::pair<long unsigned int, MemoryDataType> >]	16	static
c:\st\stm32cubeide_1.10.1\stm32cubeide\plugins\com.st.stm32cube.ide.mcu.externaltools.gnu-tools-for-stm32.10.3-2021.10.win32_1.0.0.202111181127\tools\arm-none-eabi\include\c++\10.3.1\bits\move.h:76:5:constexpr _Tp&& std::forward(typename std::remove_reference<_Tp>::type&) [with _Tp = const std::pair<const MemoryDescriptor, std::pair<long unsigned int, MemoryDataType> >&]	16	static
c:\st\stm32cubeide_1.10.1\stm32cubeide\plugins\com.st.stm32cube.ide.mcu.externaltools.gnu-tools-for-stm32.10.3-2021.10.win32_1.0.0.202111181127\tools\arm-none-eabi\include\c++\10.3.1\bits\stl_tree.h:1805:7:std::_Rb_tree<_Key, _Val, _KeyOfValue, _Compare, _Alloc>::iterator std::_Rb_tree<_Key, _Val, _KeyOfValue, _Compare, _Alloc>::_M_insert_(std::_Rb_tree<_Key, _Val, _KeyOfValue, _Compare, _Alloc>::_Base_ptr, std::_Rb_tree<_Key, _Val, _KeyOfValue, _Compare, _Alloc>::_Base_ptr, _Arg&&, _NodeGen&) [with _Arg = const std::pair<const MemoryDescriptor, std::pair<long unsigned int, MemoryDataType> >&; _NodeGen = std::_Rb_tree<MemoryDescriptor, std::pair<const MemoryDescriptor, std::pair<long unsigned int, MemoryDataType> >, std::_Select1st<std::pair<const MemoryDescriptor, std::pair<long unsigned int, MemoryDataType> > >, std::less<MemoryDescriptor>, std::allocator<std::pair<const MemoryDescriptor, std::pair<long unsigned int, MemoryDataType> > > >::_Alloc_node; _Key = MemoryDescriptor; _Val = std::pair<const MemoryDescriptor, std::pair<long unsigned int, MemoryDataType> >; _KeyOfValue = std::_Select1st<std::pair<const MemoryDescriptor, std::pair<long unsigned int, MemoryDataType> > >; _Compare = std::less<MemoryDescriptor>; _Alloc = std::allocator<std::pair<const MemoryDescriptor, std::pair<long unsigned int, MemoryDataType> > >]	48	static
c:\st\stm32cubeide_1.10.1\stm32cubeide\plugins\com.st.stm32cube.ide.mcu.externaltools.gnu-tools-for-stm32.10.3-2021.10.win32_1.0.0.202111181127\tools\arm-none-eabi\include\c++\10.3.1\bits\stl_tree.h:641:7:void std::_Rb_tree<_Key, _Val, _KeyOfValue, _Compare, _Alloc>::_M_destroy_node(std::_Rb_tree<_Key, _Val, _KeyOfValue, _Compare, _Alloc>::_Link_type) [with _Key = MemoryDescriptor; _Val = std::pair<const MemoryDescriptor, std::pair<long unsigned int, MemoryDataType> >; _KeyOfValue = std::_Select1st<std::pair<const MemoryDescriptor, std::pair<long unsigned int, MemoryDataType> > >; _Compare = std::less<MemoryDescriptor>; _Alloc = std::allocator<std::pair<const MemoryDescriptor, std::pair<long unsigned int, MemoryDataType> > >]	24	static
c:\st\stm32cubeide_1.10.1\stm32cubeide\plugins\com.st.stm32cube.ide.mcu.externaltools.gnu-tools-for-stm32.10.3-2021.10.win32_1.0.0.202111181127\tools\arm-none-eabi\include\c++\10.3.1\bits\stl_tree.h:587:7:void std::_Rb_tree<_Key, _Val, _KeyOfValue, _Compare, _Alloc>::_M_put_node(std::_Rb_tree<_Key, _Val, _KeyOfValue, _Compare, _Alloc>::_Link_type) [with _Key = MemoryDescriptor; _Val = std::pair<const MemoryDescriptor, std::pair<long unsigned int, MemoryDataType> >; _KeyOfValue = std::_Select1st<std::pair<const MemoryDescriptor, std::pair<long unsigned int, MemoryDataType> > >; _Compare = std::less<MemoryDescriptor>; _Alloc = std::allocator<std::pair<const MemoryDescriptor, std::pair<long unsigned int, MemoryDataType> > >]	16	static
c:\st\stm32cubeide_1.10.1\stm32cubeide\plugins\com.st.stm32cube.ide.mcu.externaltools.gnu-tools-for-stm32.10.3-2021.10.win32_1.0.0.202111181127\tools\arm-none-eabi\include\c++\10.3.1\bits\stl_tree.h:761:7:std::_Rb_tree_node_base* std::_Rb_tree<_Key, _Val, _KeyOfValue, _Compare, _Alloc>::_M_end() [with _Key = MemoryDescriptor; _Val = std::pair<const MemoryDescriptor, std::pair<long unsigned int, MemoryDataType> >; _KeyOfValue = std::_Select1st<std::pair<const MemoryDescriptor, std::pair<long unsigned int, MemoryDataType> > >; _Compare = std::less<MemoryDescriptor>; _Alloc = std::allocator<std::pair<const MemoryDescriptor, std::pair<long unsigned int, MemoryDataType> > >]	16	static
c:\st\stm32cubeide_1.10.1\stm32cubeide\plugins\com.st.stm32cube.ide.mcu.externaltools.gnu-tools-for-stm32.10.3-2021.10.win32_1.0.0.202111181127\tools\arm-none-eabi\include\c++\10.3.1\bits\stl_tree.h:1932:5:std::_Rb_tree<_Key, _Val, _KeyOfValue, _Compare, _Alloc>::iterator std::_Rb_tree<_Key, _Val, _KeyOfValue, _Compare, _Alloc>::_M_lower_bound(std::_Rb_tree<_Key, _Val, _KeyOfValue, _Compare, _Alloc>::_Link_type, std::_Rb_tree<_Key, _Val, _KeyOfValue, _Compare, _Alloc>::_Base_ptr, const _Key&) [with _Key = MemoryDescriptor; _Val = std::pair<const MemoryDescriptor, std::pair<long unsigned int, MemoryDataType> >; _KeyOfValue = std::_Select1st<std::pair<const MemoryDescriptor, std::pair<long unsigned int, MemoryDataType> > >; _Compare = std::less<MemoryDescriptor>; _Alloc = std::allocator<std::pair<const MemoryDescriptor, std::pair<long unsigned int, MemoryDataType> > >]	40	static
c:\st\stm32cubeide_1.10.1\stm32cubeide\plugins\com.st.stm32cube.ide.mcu.externaltools.gnu-tools-for-stm32.10.3-2021.10.win32_1.0.0.202111181127\tools\arm-none-eabi\include\c++\10.3.1\ext\aligned_buffer.h:72:7:_Tp* __gnu_cxx::__aligned_membuf<_Tp>::_M_ptr() [with _Tp = std::pair<const MemoryDescriptor, std::pair<long unsigned int, MemoryDataType> >]	16	static
c:\st\stm32cubeide_1.10.1\stm32cubeide\plugins\com.st.stm32cube.ide.mcu.externaltools.gnu-tools-for-stm32.10.3-2021.10.win32_1.0.0.202111181127\tools\arm-none-eabi\include\c++\10.3.1\tuple:363:19:constexpr std::_Tuple_impl<_Idx, _Head>::_Tuple_impl(_UHead&&) [with _UHead = MemoryDescriptor; unsigned int _Idx = 0; _Head = MemoryDescriptor&&]	24	static
c:\st\stm32cubeide_1.10.1\stm32cubeide\plugins\com.st.stm32cube.ide.mcu.externaltools.gnu-tools-for-stm32.10.3-2021.10.win32_1.0.0.202111181127\tools\arm-none-eabi\include\c++\10.3.1\tuple:349:7:static constexpr _Head& std::_Tuple_impl<_Idx, _Head>::_M_head(std::_Tuple_impl<_Idx, _Head>&) [with unsigned int _Idx = 0; _Head = MemoryDescriptor&&]	16	static
c:\st\stm32cubeide_1.10.1\stm32cubeide\plugins\com.st.stm32cube.ide.mcu.externaltools.gnu-tools-for-stm32.10.3-2021.10.win32_1.0.0.202111181127\tools\arm-none-eabi\include\c++\10.3.1\bits\move.h:76:5:constexpr _Tp&& std::forward(typename std::remove_reference<_Tp>::type&) [with _Tp = MemoryDescriptor&&]	16	static
c:\st\stm32cubeide_1.10.1\stm32cubeide\plugins\com.st.stm32cube.ide.mcu.externaltools.gnu-tools-for-stm32.10.3-2021.10.win32_1.0.0.202111181127\tools\arm-none-eabi\include\c++\10.3.1\tuple:136:19:constexpr std::_Head_base<_Idx, _Head, false>::_Head_base(_UHead&&) [with _UHead = MemoryDescriptor; unsigned int _Idx = 0; _Head = MemoryDescriptor&&]	16	static
c:\st\stm32cubeide_1.10.1\stm32cubeide\plugins\com.st.stm32cube.ide.mcu.externaltools.gnu-tools-for-stm32.10.3-2021.10.win32_1.0.0.202111181127\tools\arm-none-eabi\include\c++\10.3.1\bits\stl_tree.h:583:7:std::_Rb_tree_node<_Val>* std::_Rb_tree<_Key, _Val, _KeyOfValue, _Compare, _Alloc>::_M_get_node() [with _Key = MemoryDescriptor; _Val = std::pair<const MemoryDescriptor, std::pair<long unsigned int, MemoryDataType> >; _KeyOfValue = std::_Select1st<std::pair<const MemoryDescriptor, std::pair<long unsigned int, MemoryDataType> > >; _Compare = std::less<MemoryDescriptor>; _Alloc = std::allocator<std::pair<const MemoryDescriptor, std::pair<long unsigned int, MemoryDataType> > >]	16	static
c:\st\stm32cubeide_1.10.1\stm32cubeide\plugins\com.st.stm32cube.ide.mcu.externaltools.gnu-tools-for-stm32.10.3-2021.10.win32_1.0.0.202111181127\tools\arm-none-eabi\include\c++\10.3.1\bits\stl_tree.h:613:2:) [with _Args = {const std::piecewise_construct_t&, std::tuple<MemoryDescriptor&&>, std::tuple<>}; _Key = MemoryDescriptor; _Val = std::pair<const MemoryDescriptor, std::pair<long unsigned int, MemoryDataType> >; _KeyOfValue = std::_Select1st<std::pair<const MemoryDescriptor, std::pair<long unsigned int, MemoryDataType> > >; _Compare = std::less<MemoryDescriptor>; _Alloc = std::allocator<std::pair<const MemoryDescriptor, std::pair<long unsigned int, MemoryDataType> > >]	48	static
c:\st\stm32cubeide_1.10.1\stm32cubeide\plugins\com.st.stm32cube.ide.mcu.externaltools.gnu-tools-for-stm32.10.3-2021.10.win32_1.0.0.202111181127\tools\arm-none-eabi\include\c++\10.3.1\bits\stl_tree.h:354:7:std::_Rb_tree_const_iterator<_Tp>::iterator std::_Rb_tree_const_iterator<_Tp>::_M_const_cast() const [with _Tp = std::pair<const MemoryDescriptor, std::pair<long unsigned int, MemoryDataType> >]	24	static
c:\st\stm32cubeide_1.10.1\stm32cubeide\plugins\com.st.stm32cube.ide.mcu.externaltools.gnu-tools-for-stm32.10.3-2021.10.win32_1.0.0.202111181127\tools\arm-none-eabi\include\c++\10.3.1\bits\stl_tree.h:1040:7:std::_Rb_tree<_Key, _Val, _KeyOfValue, _Compare, _Alloc>::size_type std::_Rb_tree<_Key, _Val, _KeyOfValue, _Compare, _Alloc>::size() const [with _Key = MemoryDescriptor; _Val = std::pair<const MemoryDescriptor, std::pair<long unsigned int, MemoryDataType> >; _KeyOfValue = std::_Select1st<std::pair<const MemoryDescriptor, std::pair<long unsigned int, MemoryDataType> > >; _Compare = std::less<MemoryDescriptor>; _Alloc = std::allocator<std::pair<const MemoryDescriptor, std::pair<long unsigned int, MemoryDataType> > >]	16	static
c:\st\stm32cubeide_1.10.1\stm32cubeide\plugins\com.st.stm32cube.ide.mcu.externaltools.gnu-tools-for-stm32.10.3-2021.10.win32_1.0.0.202111181127\tools\arm-none-eabi\include\c++\10.3.1\bits\stl_tree.h:742:7:std::_Rb_tree_node_base*& std::_Rb_tree<_Key, _Val, _KeyOfValue, _Compare, _Alloc>::_M_rightmost() [with _Key = MemoryDescriptor; _Val = std::pair<const MemoryDescriptor, std::pair<long unsigned int, MemoryDataType> >; _KeyOfValue = std::_Select1st<std::pair<const MemoryDescriptor, std::pair<long unsigned int, MemoryDataType> > >; _Compare = std::less<MemoryDescriptor>; _Alloc = std::allocator<std::pair<const MemoryDescriptor, std::pair<long unsigned int, MemoryDataType> > >]	16	static
c:\st\stm32cubeide_1.10.1\stm32cubeide\plugins\com.st.stm32cube.ide.mcu.externaltools.gnu-tools-for-stm32.10.3-2021.10.win32_1.0.0.202111181127\tools\arm-none-eabi\include\c++\10.3.1\bits\stl_tree.h:807:7:static const _Key& std::_Rb_tree<_Key, _Val, _KeyOfValue, _Compare, _Alloc>::_S_key(std::_Rb_tree<_Key, _Val, _KeyOfValue, _Compare, _Alloc>::_Const_Base_ptr) [with _Key = MemoryDescriptor; _Val = std::pair<const MemoryDescriptor, std::pair<long unsigned int, MemoryDataType> >; _KeyOfValue = std::_Select1st<std::pair<const MemoryDescriptor, std::pair<long unsigned int, MemoryDataType> > >; _Compare = std::less<MemoryDescriptor>; _Alloc = std::allocator<std::pair<const MemoryDescriptor, std::pair<long unsigned int, MemoryDataType> > >]	16	static
c:\st\stm32cubeide_1.10.1\stm32cubeide\plugins\com.st.stm32cube.ide.mcu.externaltools.gnu-tools-for-stm32.10.3-2021.10.win32_1.0.0.202111181127\tools\arm-none-eabi\include\c++\10.3.1\bits\stl_pair.h:336:18:constexpr std::pair<_T1, _T2>::pair(const _T1&, _U2&&) [with _U2 = std::_Rb_tree_node_base*&; typename std::enable_if<std::_PCC<true, _T1, _T2>::_CopyMovePair<true, _T1, _U2>(), bool>::type <anonymous> = true; _T1 = std::_Rb_tree_node_base*; _T2 = std::_Rb_tree_node_base*]	24	static
c:\st\stm32cubeide_1.10.1\stm32cubeide\plugins\com.st.stm32cube.ide.mcu.externaltools.gnu-tools-for-stm32.10.3-2021.10.win32_1.0.0.202111181127\tools\arm-none-eabi\include\c++\10.3.1\bits\stl_tree.h:2093:5:std::pair<std::_Rb_tree_node_base*, std::_Rb_tree_node_base*> std::_Rb_tree<_Key, _Val, _KeyOfValue, _Compare, _Alloc>::_M_get_insert_unique_pos(const key_type&) [with _Key = MemoryDescriptor; _Val = std::pair<const MemoryDescriptor, std::pair<long unsigned int, MemoryDataType> >; _KeyOfValue = std::_Select1st<std::pair<const MemoryDescriptor, std::pair<long unsigned int, MemoryDataType> > >; _Compare = std::less<MemoryDescriptor>; _Alloc = std::allocator<std::pair<const MemoryDescriptor, std::pair<long unsigned int, MemoryDataType> > >]	56	static
c:\st\stm32cubeide_1.10.1\stm32cubeide\plugins\com.st.stm32cube.ide.mcu.externaltools.gnu-tools-for-stm32.10.3-2021.10.win32_1.0.0.202111181127\tools\arm-none-eabi\include\c++\10.3.1\bits\stl_tree.h:734:7:std::_Rb_tree_node_base*& std::_Rb_tree<_Key, _Val, _KeyOfValue, _Compare, _Alloc>::_M_leftmost() [with _Key = MemoryDescriptor; _Val = std::pair<const MemoryDescriptor, std::pair<long unsigned int, MemoryDataType> >; _KeyOfValue = std::_Select1st<std::pair<const MemoryDescriptor, std::pair<long unsigned int, MemoryDataType> > >; _Compare = std::less<MemoryDescriptor>; _Alloc = std::allocator<std::pair<const MemoryDescriptor, std::pair<long unsigned int, MemoryDataType> > >]	16	static
c:\st\stm32cubeide_1.10.1\stm32cubeide\plugins\com.st.stm32cube.ide.mcu.externaltools.gnu-tools-for-stm32.10.3-2021.10.win32_1.0.0.202111181127\tools\arm-none-eabi\include\c++\10.3.1\bits\stl_pair.h:352:12:constexpr std::pair<_T1, _T2>::pair(_U1&&, _U2&&) [with _U1 = std::_Rb_tree_node_base*&; _U2 = std::_Rb_tree_node_base*&; typename std::enable_if<(std::_PCC<true, _T1, _T2>::_MoveConstructiblePair<_U1, _U2>() && std::_PCC<true, _T1, _T2>::_ImplicitlyMoveConvertiblePair<_U1, _U2>()), bool>::type <anonymous> = true; _T1 = std::_Rb_tree_node_base*; _T2 = std::_Rb_tree_node_base*]	24	static
c:\st\stm32cubeide_1.10.1\stm32cubeide\plugins\com.st.stm32cube.ide.mcu.externaltools.gnu-tools-for-stm32.10.3-2021.10.win32_1.0.0.202111181127\tools\arm-none-eabi\include\c++\10.3.1\bits\stl_tree.h:300:7:std::_Rb_tree_iterator<_Tp>::_Self& std::_Rb_tree_iterator<_Tp>::operator--() [with _Tp = std::pair<const MemoryDescriptor, std::pair<long unsigned int, MemoryDataType> >]	16	static
c:\st\stm32cubeide_1.10.1\stm32cubeide\plugins\com.st.stm32cube.ide.mcu.externaltools.gnu-tools-for-stm32.10.3-2021.10.win32_1.0.0.202111181127\tools\arm-none-eabi\include\c++\10.3.1\bits\stl_tree.h:285:7:std::_Rb_tree_iterator<_Tp>::_Self& std::_Rb_tree_iterator<_Tp>::operator++() [with _Tp = std::pair<const MemoryDescriptor, std::pair<long unsigned int, MemoryDataType> >]	16	static
c:\st\stm32cubeide_1.10.1\stm32cubeide\plugins\com.st.stm32cube.ide.mcu.externaltools.gnu-tools-for-stm32.10.3-2021.10.win32_1.0.0.202111181127\tools\arm-none-eabi\include\c++\10.3.1\bits\stl_pair.h:322:18:constexpr std::pair<_T1, _T2>::pair(_U1&&, const _T2&) [with _U1 = std::_Rb_tree_node_base*&; typename std::enable_if<std::_PCC<true, _T1, _T2>::_MoveCopyPair<true, _U1, _T2>(), bool>::type <anonymous> = true; _T1 = std::_Rb_tree_node_base*; _T2 = std::_Rb_tree_node_base*]	24	static
c:\st\stm32cubeide_1.10.1\stm32cubeide\plugins\com.st.stm32cube.ide.mcu.externaltools.gnu-tools-for-stm32.10.3-2021.10.win32_1.0.0.202111181127\tools\arm-none-eabi\include\c++\10.3.1\bits\stl_tree.h:238:7:const _Val* std::_Rb_tree_node<_Val>::_M_valptr() const [with _Val = std::pair<const MemoryDescriptor, std::pair<long unsigned int, MemoryDataType> >]	16	static
c:\st\stm32cubeide_1.10.1\stm32cubeide\plugins\com.st.stm32cube.ide.mcu.externaltools.gnu-tools-for-stm32.10.3-2021.10.win32_1.0.0.202111181127\tools\arm-none-eabi\include\c++\10.3.1\ext\new_allocator.h:82:7:__gnu_cxx::new_allocator<_Tp>::new_allocator(const __gnu_cxx::new_allocator<_Tp>&) [with _Tp = std::_Rb_tree_node<std::pair<const MemoryDescriptor, std::pair<long unsigned int, MemoryDataType> > >]	16	static
c:\st\stm32cubeide_1.10.1\stm32cubeide\plugins\com.st.stm32cube.ide.mcu.externaltools.gnu-tools-for-stm32.10.3-2021.10.win32_1.0.0.202111181127\tools\arm-none-eabi\include\c++\10.3.1\bits\stl_tree.h:550:4:std::_Rb_tree_node<_Val>* std::_Rb_tree<_Key, _Val, _KeyOfValue, _Compare, _Alloc>::_Alloc_node::operator()(_Arg&&) const [with _Arg = const std::pair<const MemoryDescriptor, std::pair<long unsigned int, MemoryDataType> >&; _Key = MemoryDescriptor; _Val = std::pair<const MemoryDescriptor, std::pair<long unsigned int, MemoryDataType> >; _KeyOfValue = std::_Select1st<std::pair<const MemoryDescriptor, std::pair<long unsigned int, MemoryDataType> > >; _Compare = std::less<MemoryDescriptor>; _Alloc = std::allocator<std::pair<const MemoryDescriptor, std::pair<long unsigned int, MemoryDataType> > >]	24	static
c:\st\stm32cubeide_1.10.1\stm32cubeide\plugins\com.st.stm32cube.ide.mcu.externaltools.gnu-tools-for-stm32.10.3-2021.10.win32_1.0.0.202111181127\tools\arm-none-eabi\include\c++\10.3.1\bits\stl_tree.h:570:7:std::_Rb_tree<_Key, _Val, _KeyOfValue, _Compare, _Alloc>::_Node_allocator& std::_Rb_tree<_Key, _Val, _KeyOfValue, _Compare, _Alloc>::_M_get_Node_allocator() [with _Key = MemoryDescriptor; _Val = std::pair<const MemoryDescriptor, std::pair<long unsigned int, MemoryDataType> >; _KeyOfValue = std::_Select1st<std::pair<const MemoryDescriptor, std::pair<long unsigned int, MemoryDataType> > >; _Compare = std::less<MemoryDescriptor>; _Alloc = std::allocator<std::pair<const MemoryDescriptor, std::pair<long unsigned int, MemoryDataType> > >]	16	static
c:\st\stm32cubeide_1.10.1\stm32cubeide\plugins\com.st.stm32cube.ide.mcu.externaltools.gnu-tools-for-stm32.10.3-2021.10.win32_1.0.0.202111181127\tools\arm-none-eabi\include\c++\10.3.1\bits\alloc_traits.h:527:2:static void std::allocator_traits<std::allocator<_Tp1> >::destroy(std::allocator_traits<std::allocator<_Tp1> >::allocator_type&, _Up*) [with _Up = std::pair<const MemoryDescriptor, std::pair<long unsigned int, MemoryDataType> >; _Tp = std::_Rb_tree_node<std::pair<const MemoryDescriptor, std::pair<long unsigned int, MemoryDataType> > >]	16	static
c:\st\stm32cubeide_1.10.1\stm32cubeide\plugins\com.st.stm32cube.ide.mcu.externaltools.gnu-tools-for-stm32.10.3-2021.10.win32_1.0.0.202111181127\tools\arm-none-eabi\include\c++\10.3.1\bits\alloc_traits.h:491:7:static void std::allocator_traits<std::allocator<_Tp1> >::deallocate(std::allocator_traits<std::allocator<_Tp1> >::allocator_type&, std::allocator_traits<std::allocator<_Tp1> >::pointer, std::allocator_traits<std::allocator<_Tp1> >::size_type) [with _Tp = std::_Rb_tree_node<std::pair<const MemoryDescriptor, std::pair<long unsigned int, MemoryDataType> > >]	24	static
c:\st\stm32cubeide_1.10.1\stm32cubeide\plugins\com.st.stm32cube.ide.mcu.externaltools.gnu-tools-for-stm32.10.3-2021.10.win32_1.0.0.202111181127\tools\arm-none-eabi\include\c++\10.3.1\ext\aligned_buffer.h:64:7:void* __gnu_cxx::__aligned_membuf<_Tp>::_M_addr() [with _Tp = std::pair<const MemoryDescriptor, std::pair<long unsigned int, MemoryDataType> >]	16	static
c:\st\stm32cubeide_1.10.1\stm32cubeide\plugins\com.st.stm32cube.ide.mcu.externaltools.gnu-tools-for-stm32.10.3-2021.10.win32_1.0.0.202111181127\tools\arm-none-eabi\include\c++\10.3.1\tuple:166:7:static constexpr _Head& std::_Head_base<_Idx, _Head, false>::_M_head(std::_Head_base<_Idx, _Head, false>&) [with unsigned int _Idx = 0; _Head = MemoryDescriptor&&]	16	static
c:\st\stm32cubeide_1.10.1\stm32cubeide\plugins\com.st.stm32cube.ide.mcu.externaltools.gnu-tools-for-stm32.10.3-2021.10.win32_1.0.0.202111181127\tools\arm-none-eabi\include\c++\10.3.1\bits\alloc_traits.h:459:7:static _Tp* std::allocator_traits<std::allocator<_Tp1> >::allocate(std::allocator_traits<std::allocator<_Tp1> >::allocator_type&, std::allocator_traits<std::allocator<_Tp1> >::size_type) [with _Tp = std::_Rb_tree_node<std::pair<const MemoryDescriptor, std::pair<long unsigned int, MemoryDataType> > >]	16	static
c:\st\stm32cubeide_1.10.1\stm32cubeide\plugins\com.st.stm32cube.ide.mcu.externaltools.gnu-tools-for-stm32.10.3-2021.10.win32_1.0.0.202111181127\tools\arm-none-eabi\include\c++\10.3.1\bits\alloc_traits.h:507:2:) [with _Up = std::pair<const MemoryDescriptor, std::pair<long unsigned int, MemoryDataType> >; _Args = {const std::piecewise_construct_t&, std::tuple<MemoryDescriptor&&>, std::tuple<>}; _Tp = std::_Rb_tree_node<std::pair<const MemoryDescriptor, std::pair<long unsigned int, MemoryDataType> > >]	40	static
c:\st\stm32cubeide_1.10.1\stm32cubeide\plugins\com.st.stm32cube.ide.mcu.externaltools.gnu-tools-for-stm32.10.3-2021.10.win32_1.0.0.202111181127\tools\arm-none-eabi\include\c++\10.3.1\bits\move.h:76:5:constexpr _Tp&& std::forward(typename std::remove_reference<_Tp>::type&) [with _Tp = std::_Rb_tree_node_base*&]	16	static
c:\st\stm32cubeide_1.10.1\stm32cubeide\plugins\com.st.stm32cube.ide.mcu.externaltools.gnu-tools-for-stm32.10.3-2021.10.win32_1.0.0.202111181127\tools\arm-none-eabi\include\c++\10.3.1\bits\stl_tree.h:1004:7:std::_Rb_tree<_Key, _Val, _KeyOfValue, _Compare, _Alloc>::iterator std::_Rb_tree<_Key, _Val, _KeyOfValue, _Compare, _Alloc>::begin() [with _Key = MemoryDescriptor; _Val = std::pair<const MemoryDescriptor, std::pair<long unsigned int, MemoryDataType> >; _KeyOfValue = std::_Select1st<std::pair<const MemoryDescriptor, std::pair<long unsigned int, MemoryDataType> > >; _Compare = std::less<MemoryDescriptor>; _Alloc = std::allocator<std::pair<const MemoryDescriptor, std::pair<long unsigned int, MemoryDataType> > >]	24	static
c:\st\stm32cubeide_1.10.1\stm32cubeide\plugins\com.st.stm32cube.ide.mcu.externaltools.gnu-tools-for-stm32.10.3-2021.10.win32_1.0.0.202111181127\tools\arm-none-eabi\include\c++\10.3.1\bits\stl_pair.h:352:12:constexpr std::pair<_T1, _T2>::pair(_U1&&, _U2&&) [with _U1 = std::_Rb_tree_node<std::pair<const MemoryDescriptor, std::pair<long unsigned int, MemoryDataType> > >*&; _U2 = std::_Rb_tree_node_base*&; typename std::enable_if<(std::_PCC<true, _T1, _T2>::_MoveConstructiblePair<_U1, _U2>() && std::_PCC<true, _T1, _T2>::_ImplicitlyMoveConvertiblePair<_U1, _U2>()), bool>::type <anonymous> = true; _T1 = std::_Rb_tree_node_base*; _T2 = std::_Rb_tree_node_base*]	24	static
c:\st\stm32cubeide_1.10.1\stm32cubeide\plugins\com.st.stm32cube.ide.mcu.externaltools.gnu-tools-for-stm32.10.3-2021.10.win32_1.0.0.202111181127\tools\arm-none-eabi\include\c++\10.3.1\ext\aligned_buffer.h:76:7:const _Tp* __gnu_cxx::__aligned_membuf<_Tp>::_M_ptr() const [with _Tp = std::pair<const MemoryDescriptor, std::pair<long unsigned int, MemoryDataType> >]	16	static
c:\st\stm32cubeide_1.10.1\stm32cubeide\plugins\com.st.stm32cube.ide.mcu.externaltools.gnu-tools-for-stm32.10.3-2021.10.win32_1.0.0.202111181127\tools\arm-none-eabi\include\c++\10.3.1\bits\stl_tree.h:632:2:) [with _Args = {const std::pair<const MemoryDescriptor, std::pair<long unsigned int, MemoryDataType> >&}; _Key = MemoryDescriptor; _Val = std::pair<const MemoryDescriptor, std::pair<long unsigned int, MemoryDataType> >; _KeyOfValue = std::_Select1st<std::pair<const MemoryDescriptor, std::pair<long unsigned int, MemoryDataType> > >; _Compare = std::less<MemoryDescriptor>; _Alloc = std::allocator<std::pair<const MemoryDescriptor, std::pair<long unsigned int, MemoryDataType> > >]	24	static
c:\st\stm32cubeide_1.10.1\stm32cubeide\plugins\com.st.stm32cube.ide.mcu.externaltools.gnu-tools-for-stm32.10.3-2021.10.win32_1.0.0.202111181127\tools\arm-none-eabi\include\c++\10.3.1\ext\new_allocator.h:160:2:void __gnu_cxx::new_allocator<_Tp>::destroy(_Up*) [with _Up = std::pair<const MemoryDescriptor, std::pair<long unsigned int, MemoryDataType> >; _Tp = std::_Rb_tree_node<std::pair<const MemoryDescriptor, std::pair<long unsigned int, MemoryDataType> > >]	16	static
c:\st\stm32cubeide_1.10.1\stm32cubeide\plugins\com.st.stm32cube.ide.mcu.externaltools.gnu-tools-for-stm32.10.3-2021.10.win32_1.0.0.202111181127\tools\arm-none-eabi\include\c++\10.3.1\ext\new_allocator.h:126:7:void __gnu_cxx::new_allocator<_Tp>::deallocate(_Tp*, __gnu_cxx::new_allocator<_Tp>::size_type) [with _Tp = std::_Rb_tree_node<std::pair<const MemoryDescriptor, std::pair<long unsigned int, MemoryDataType> > >]	24	static
c:\st\stm32cubeide_1.10.1\stm32cubeide\plugins\com.st.stm32cube.ide.mcu.externaltools.gnu-tools-for-stm32.10.3-2021.10.win32_1.0.0.202111181127\tools\arm-none-eabi\include\c++\10.3.1\ext\new_allocator.h:103:7:_Tp* __gnu_cxx::new_allocator<_Tp>::allocate(__gnu_cxx::new_allocator<_Tp>::size_type, const void*) [with _Tp = std::_Rb_tree_node<std::pair<const MemoryDescriptor, std::pair<long unsigned int, MemoryDataType> > >]	24	static
c:\st\stm32cubeide_1.10.1\stm32cubeide\plugins\com.st.stm32cube.ide.mcu.externaltools.gnu-tools-for-stm32.10.3-2021.10.win32_1.0.0.202111181127\tools\arm-none-eabi\include\c++\10.3.1\ext\new_allocator.h:154:2:) [with _Up = std::pair<const MemoryDescriptor, std::pair<long unsigned int, MemoryDataType> >; _Args = {const std::piecewise_construct_t&, std::tuple<MemoryDescriptor&&>, std::tuple<>}; _Tp = std::_Rb_tree_node<std::pair<const MemoryDescriptor, std::pair<long unsigned int, MemoryDataType> > >]	48	static
c:\st\stm32cubeide_1.10.1\stm32cubeide\plugins\com.st.stm32cube.ide.mcu.externaltools.gnu-tools-for-stm32.10.3-2021.10.win32_1.0.0.202111181127\tools\arm-none-eabi\include\c++\10.3.1\bits\move.h:76:5:constexpr _Tp&& std::forward(typename std::remove_reference<_Tp>::type&) [with _Tp = std::_Rb_tree_node<std::pair<const MemoryDescriptor, std::pair<long unsigned int, MemoryDataType> > >*&]	16	static
c:\st\stm32cubeide_1.10.1\stm32cubeide\plugins\com.st.stm32cube.ide.mcu.externaltools.gnu-tools-for-stm32.10.3-2021.10.win32_1.0.0.202111181127\tools\arm-none-eabi\include\c++\10.3.1\ext\aligned_buffer.h:68:7:const void* __gnu_cxx::__aligned_membuf<_Tp>::_M_addr() const [with _Tp = std::pair<const MemoryDescriptor, std::pair<long unsigned int, MemoryDataType> >]	16	static
c:\st\stm32cubeide_1.10.1\stm32cubeide\plugins\com.st.stm32cube.ide.mcu.externaltools.gnu-tools-for-stm32.10.3-2021.10.win32_1.0.0.202111181127\tools\arm-none-eabi\include\c++\10.3.1\bits\stl_tree.h:613:2:) [with _Args = {const std::pair<const MemoryDescriptor, std::pair<long unsigned int, MemoryDataType> >&}; _Key = MemoryDescriptor; _Val = std::pair<const MemoryDescriptor, std::pair<long unsigned int, MemoryDataType> >; _KeyOfValue = std::_Select1st<std::pair<const MemoryDescriptor, std::pair<long unsigned int, MemoryDataType> > >; _Compare = std::less<MemoryDescriptor>; _Alloc = std::allocator<std::pair<const MemoryDescriptor, std::pair<long unsigned int, MemoryDataType> > >]	32	static
c:\st\stm32cubeide_1.10.1\stm32cubeide\plugins\com.st.stm32cube.ide.mcu.externaltools.gnu-tools-for-stm32.10.3-2021.10.win32_1.0.0.202111181127\tools\arm-none-eabi\include\c++\10.3.1\ext\new_allocator.h:191:7:constexpr __gnu_cxx::new_allocator<_Tp>::size_type __gnu_cxx::new_allocator<_Tp>::_M_max_size() const [with _Tp = std::_Rb_tree_node<std::pair<const MemoryDescriptor, std::pair<long unsigned int, MemoryDataType> > >]	16	static
c:\st\stm32cubeide_1.10.1\stm32cubeide\plugins\com.st.stm32cube.ide.mcu.externaltools.gnu-tools-for-stm32.10.3-2021.10.win32_1.0.0.202111181127\tools\arm-none-eabi\include\c++\10.3.1\tuple:1677:7:>) [with _Args1 = {MemoryDescriptor&&}; _Args2 = {}; _T1 = const MemoryDescriptor; _T2 = std::pair<long unsigned int, MemoryDataType>]	40	static
c:\st\stm32cubeide_1.10.1\stm32cubeide\plugins\com.st.stm32cube.ide.mcu.externaltools.gnu-tools-for-stm32.10.3-2021.10.win32_1.0.0.202111181127\tools\arm-none-eabi\include\c++\10.3.1\bits\alloc_traits.h:507:2:) [with _Up = std::pair<const MemoryDescriptor, std::pair<long unsigned int, MemoryDataType> >; _Args = {const std::pair<const MemoryDescriptor, std::pair<long unsigned int, MemoryDataType> >&}; _Tp = std::_Rb_tree_node<std::pair<const MemoryDescriptor, std::pair<long unsigned int, MemoryDataType> > >]	24	static
c:\st\stm32cubeide_1.10.1\stm32cubeide\plugins\com.st.stm32cube.ide.mcu.externaltools.gnu-tools-for-stm32.10.3-2021.10.win32_1.0.0.202111181127\tools\arm-none-eabi\include\c++\10.3.1\tuple:1689:7:_Indexes2 = {}; _T1 = const MemoryDescriptor; _T2 = std::pair<long unsigned int, MemoryDataType>]	24	static
c:\st\stm32cubeide_1.10.1\stm32cubeide\plugins\com.st.stm32cube.ide.mcu.externaltools.gnu-tools-for-stm32.10.3-2021.10.win32_1.0.0.202111181127\tools\arm-none-eabi\include\c++\10.3.1\ext\new_allocator.h:154:2:) [with _Up = std::pair<const MemoryDescriptor, std::pair<long unsigned int, MemoryDataType> >; _Args = {const std::pair<const MemoryDescriptor, std::pair<long unsigned int, MemoryDataType> >&}; _Tp = std::_Rb_tree_node<std::pair<const MemoryDescriptor, std::pair<long unsigned int, MemoryDataType> > >]	32	static
c:\st\stm32cubeide_1.10.1\stm32cubeide\plugins\com.st.stm32cube.ide.mcu.externaltools.gnu-tools-for-stm32.10.3-2021.10.win32_1.0.0.202111181127\tools\arm-none-eabi\include\c++\10.3.1\tuple:1298:5:>&) [with unsigned int __i = 0; _Elements = {MemoryDescriptor&&}]	16	static
c:\st\stm32cubeide_1.10.1\stm32cubeide\plugins\com.st.stm32cube.ide.mcu.externaltools.gnu-tools-for-stm32.10.3-2021.10.win32_1.0.0.202111181127\tools\arm-none-eabi\include\c++\10.3.1\bits\stl_pair.h:232:26:constexpr std::pair<_T1, _T2>::pair() [with _U1 = long unsigned int; _U2 = MemoryDataType; typename std::enable_if<std::__and_<std::__is_implicitly_default_constructible<_U1>, std::__is_implicitly_default_constructible<_U2> >::value, bool>::type <anonymous> = true; _T1 = long unsigned int; _T2 = MemoryDataType]	16	static
c:\st\stm32cubeide_1.10.1\stm32cubeide\plugins\com.st.stm32cube.ide.mcu.externaltools.gnu-tools-for-stm32.10.3-2021.10.win32_1.0.0.202111181127\tools\arm-none-eabi\include\c++\10.3.1\tuple:1287:5:>&) [with unsigned int __i = 0; _Head = MemoryDescriptor&&; _Tail = {}]	16	static
../Core/libs/nvm/FlashReadWrite.cpp:132:1:void __static_initialization_and_destruction_0(int, int)	88	static
../Core/libs/nvm/FlashReadWrite.cpp:132:1:cpp)	8	static
../Core/libs/nvm/FlashReadWrite.cpp:132:1:cpp)	8	static
