C:/Users/DDarie/STM32CubeIDE/workspace_1.10.1/flightController_v3/Core/libs/HC05_lib/HC05.h:75:14:const char* PrintableSensor::toCharArray(int)	16	static
C:/Users/DDarie/STM32CubeIDE/workspace_1.10.1/flightController_v3/Core/libs/Interfaces/Interfaces.hpp:14:7:constexpr SPI_Conn::SPI_Conn()	16	static
C:/Users/DDarie/STM32CubeIDE/workspace_1.10.1/flightController_v3/Core/libs/HC05_lib/HC05.h:67:7:constexpr PrintableSensor::PrintableSensor()	16	static
../Core/libs/LIS3MDLTR_lib/LIS3MDLTR.cpp:10:1:LIS3MDLTR::LIS3MDLTR(SPI_HandleTypeDef*)	16	static
../Core/libs/LIS3MDLTR_lib/LIS3MDLTR.cpp:15:9:uint8_t LIS3MDLTR::whoAmI()	16	static
../Core/libs/LIS3MDLTR_lib/LIS3MDLTR.cpp:20:6:void LIS3MDLTR::update()	24	static
../Core/libs/LIS3MDLTR_lib/LIS3MDLTR.cpp:37:13:virtual const char* LIS3MDLTR::getSensorValues_str(std::set<HC05::SENSOR_DATA_PARAMETER>&)	64	static
../Core/libs/LIS3MDLTR_lib/LIS3MDLTR.cpp:63:6:bool LIS3MDLTR::defaultInit()	24	static
../Core/libs/LIS3MDLTR_lib/LIS3MDLTR.cpp:107:6:bool LIS3MDLTR::initAndCheck(uint8_t, uint8_t, uint8_t, bool)	24	static
../Core/libs/LIS3MDLTR_lib/LIS3MDLTR.cpp:120:6:virtual void LIS3MDLTR::SPI_write(uint8_t, uint8_t)	16	static
../Core/libs/LIS3MDLTR_lib/LIS3MDLTR.cpp:129:9:virtual uint8_t LIS3MDLTR::SPI_read(uint8_t)	16	static
../Core/libs/LIS3MDLTR_lib/LIS3MDLTR.cpp:140:9:int16_t LIS3MDLTR::getX()	16	static
../Core/libs/LIS3MDLTR_lib/LIS3MDLTR.cpp:145:9:int16_t LIS3MDLTR::getY()	16	static
../Core/libs/LIS3MDLTR_lib/LIS3MDLTR.cpp:150:9:int16_t LIS3MDLTR::getZ()	16	static
../Core/libs/LIS3MDLTR_lib/LIS3MDLTR.cpp:155:9:int16_t LIS3MDLTR::getTEMP()	16	static
c:\st\stm32cubeide_1.10.1\stm32cubeide\plugins\com.st.stm32cube.ide.mcu.externaltools.gnu-tools-for-stm32.10.3-2021.10.win32_1.0.0.202111181127\tools\arm-none-eabi\include\c++\10.3.1\bits\stl_set.h:794:7:std::set<_Key, _Compare, _Alloc>::iterator std::set<_Key, _Compare, _Alloc>::find(const key_type&) [with _Key = HC05::SENSOR_DATA_PARAMETER; _Compare = std::less<HC05::SENSOR_DATA_PARAMETER>; _Alloc = std::allocator<HC05::SENSOR_DATA_PARAMETER>]	24	static
c:\st\stm32cubeide_1.10.1\stm32cubeide\plugins\com.st.stm32cube.ide.mcu.externaltools.gnu-tools-for-stm32.10.3-2021.10.win32_1.0.0.202111181127\tools\arm-none-eabi\include\c++\10.3.1\bits\stl_set.h:353:7:std::set<_Key, _Compare, _Alloc>::iterator std::set<_Key, _Compare, _Alloc>::end() const [with _Key = HC05::SENSOR_DATA_PARAMETER; _Compare = std::less<HC05::SENSOR_DATA_PARAMETER>; _Alloc = std::allocator<HC05::SENSOR_DATA_PARAMETER>]	16	static
c:\st\stm32cubeide_1.10.1\stm32cubeide\plugins\com.st.stm32cube.ide.mcu.externaltools.gnu-tools-for-stm32.10.3-2021.10.win32_1.0.0.202111181127\tools\arm-none-eabi\include\c++\10.3.1\bits\stl_tree.h:401:7:bool std::operator!=(const _Self&, const _Self&)	16	static
c:\st\stm32cubeide_1.10.1\stm32cubeide\plugins\com.st.stm32cube.ide.mcu.externaltools.gnu-tools-for-stm32.10.3-2021.10.win32_1.0.0.202111181127\tools\arm-none-eabi\include\c++\10.3.1\bits\stl_tree.h:2552:5:std::_Rb_tree<_Key, _Val, _KeyOfValue, _Compare, _Alloc>::iterator std::_Rb_tree<_Key, _Val, _KeyOfValue, _Compare, _Alloc>::find(const _Key&) [with _Key = HC05::SENSOR_DATA_PARAMETER; _Val = HC05::SENSOR_DATA_PARAMETER; _KeyOfValue = std::_Identity<HC05::SENSOR_DATA_PARAMETER>; _Compare = std::less<HC05::SENSOR_DATA_PARAMETER>; _Alloc = std::allocator<HC05::SENSOR_DATA_PARAMETER>]	32	static
c:\st\stm32cubeide_1.10.1\stm32cubeide\plugins\com.st.stm32cube.ide.mcu.externaltools.gnu-tools-for-stm32.10.3-2021.10.win32_1.0.0.202111181127\tools\arm-none-eabi\include\c++\10.3.1\bits\stl_tree.h:350:7:std::_Rb_tree_const_iterator<_Tp>::_Rb_tree_const_iterator(const iterator&) [with _Tp = HC05::SENSOR_DATA_PARAMETER]	16	static
c:\st\stm32cubeide_1.10.1\stm32cubeide\plugins\com.st.stm32cube.ide.mcu.externaltools.gnu-tools-for-stm32.10.3-2021.10.win32_1.0.0.202111181127\tools\arm-none-eabi\include\c++\10.3.1\bits\stl_tree.h:1016:7:std::_Rb_tree<_Key, _Val, _KeyOfValue, _Compare, _Alloc>::const_iterator std::_Rb_tree<_Key, _Val, _KeyOfValue, _Compare, _Alloc>::end() const [with _Key = HC05::SENSOR_DATA_PARAMETER; _Val = HC05::SENSOR_DATA_PARAMETER; _KeyOfValue = std::_Identity<HC05::SENSOR_DATA_PARAMETER>; _Compare = std::less<HC05::SENSOR_DATA_PARAMETER>; _Alloc = std::allocator<HC05::SENSOR_DATA_PARAMETER>]	24	static
c:\st\stm32cubeide_1.10.1\stm32cubeide\plugins\com.st.stm32cube.ide.mcu.externaltools.gnu-tools-for-stm32.10.3-2021.10.win32_1.0.0.202111181127\tools\arm-none-eabi\include\c++\10.3.1\bits\stl_tree.h:750:7:std::_Rb_tree_node<_Val>* std::_Rb_tree<_Key, _Val, _KeyOfValue, _Compare, _Alloc>::_M_begin() [with _Key = HC05::SENSOR_DATA_PARAMETER; _Val = HC05::SENSOR_DATA_PARAMETER; _KeyOfValue = std::_Identity<HC05::SENSOR_DATA_PARAMETER>; _Compare = std::less<HC05::SENSOR_DATA_PARAMETER>; _Alloc = std::allocator<HC05::SENSOR_DATA_PARAMETER>]	16	static
c:\st\stm32cubeide_1.10.1\stm32cubeide\plugins\com.st.stm32cube.ide.mcu.externaltools.gnu-tools-for-stm32.10.3-2021.10.win32_1.0.0.202111181127\tools\arm-none-eabi\include\c++\10.3.1\bits\stl_tree.h:761:7:std::_Rb_tree_node_base* std::_Rb_tree<_Key, _Val, _KeyOfValue, _Compare, _Alloc>::_M_end() [with _Key = HC05::SENSOR_DATA_PARAMETER; _Val = HC05::SENSOR_DATA_PARAMETER; _KeyOfValue = std::_Identity<HC05::SENSOR_DATA_PARAMETER>; _Compare = std::less<HC05::SENSOR_DATA_PARAMETER>; _Alloc = std::allocator<HC05::SENSOR_DATA_PARAMETER>]	16	static
c:\st\stm32cubeide_1.10.1\stm32cubeide\plugins\com.st.stm32cube.ide.mcu.externaltools.gnu-tools-for-stm32.10.3-2021.10.win32_1.0.0.202111181127\tools\arm-none-eabi\include\c++\10.3.1\bits\stl_tree.h:1932:5:std::_Rb_tree<_Key, _Val, _KeyOfValue, _Compare, _Alloc>::iterator std::_Rb_tree<_Key, _Val, _KeyOfValue, _Compare, _Alloc>::_M_lower_bound(std::_Rb_tree<_Key, _Val, _KeyOfValue, _Compare, _Alloc>::_Link_type, std::_Rb_tree<_Key, _Val, _KeyOfValue, _Compare, _Alloc>::_Base_ptr, const _Key&) [with _Key = HC05::SENSOR_DATA_PARAMETER; _Val = HC05::SENSOR_DATA_PARAMETER; _KeyOfValue = std::_Identity<HC05::SENSOR_DATA_PARAMETER>; _Compare = std::less<HC05::SENSOR_DATA_PARAMETER>; _Alloc = std::allocator<HC05::SENSOR_DATA_PARAMETER>]	40	static
c:\st\stm32cubeide_1.10.1\stm32cubeide\plugins\com.st.stm32cube.ide.mcu.externaltools.gnu-tools-for-stm32.10.3-2021.10.win32_1.0.0.202111181127\tools\arm-none-eabi\include\c++\10.3.1\bits\stl_tree.h:1012:7:std::_Rb_tree<_Key, _Val, _KeyOfValue, _Compare, _Alloc>::iterator std::_Rb_tree<_Key, _Val, _KeyOfValue, _Compare, _Alloc>::end() [with _Key = HC05::SENSOR_DATA_PARAMETER; _Val = HC05::SENSOR_DATA_PARAMETER; _KeyOfValue = std::_Identity<HC05::SENSOR_DATA_PARAMETER>; _Compare = std::less<HC05::SENSOR_DATA_PARAMETER>; _Alloc = std::allocator<HC05::SENSOR_DATA_PARAMETER>]	24	static
c:\st\stm32cubeide_1.10.1\stm32cubeide\plugins\com.st.stm32cube.ide.mcu.externaltools.gnu-tools-for-stm32.10.3-2021.10.win32_1.0.0.202111181127\tools\arm-none-eabi\include\c++\10.3.1\bits\stl_tree.h:315:7:bool std::operator==(const _Self&, const _Self&)	16	static
c:\st\stm32cubeide_1.10.1\stm32cubeide\plugins\com.st.stm32cube.ide.mcu.externaltools.gnu-tools-for-stm32.10.3-2021.10.win32_1.0.0.202111181127\tools\arm-none-eabi\include\c++\10.3.1\bits\stl_tree.h:807:7:static const _Key& std::_Rb_tree<_Key, _Val, _KeyOfValue, _Compare, _Alloc>::_S_key(std::_Rb_tree<_Key, _Val, _KeyOfValue, _Compare, _Alloc>::_Const_Base_ptr) [with _Key = HC05::SENSOR_DATA_PARAMETER; _Val = HC05::SENSOR_DATA_PARAMETER; _KeyOfValue = std::_Identity<HC05::SENSOR_DATA_PARAMETER>; _Compare = std::less<HC05::SENSOR_DATA_PARAMETER>; _Alloc = std::allocator<HC05::SENSOR_DATA_PARAMETER>]	16	static
c:\st\stm32cubeide_1.10.1\stm32cubeide\plugins\com.st.stm32cube.ide.mcu.externaltools.gnu-tools-for-stm32.10.3-2021.10.win32_1.0.0.202111181127\tools\arm-none-eabi\include\c++\10.3.1\bits\stl_function.h:385:7:constexpr bool std::less<_Tp>::operator()(const _Tp&, const _Tp&) const [with _Tp = HC05::SENSOR_DATA_PARAMETER]	24	static
c:\st\stm32cubeide_1.10.1\stm32cubeide\plugins\com.st.stm32cube.ide.mcu.externaltools.gnu-tools-for-stm32.10.3-2021.10.win32_1.0.0.202111181127\tools\arm-none-eabi\include\c++\10.3.1\bits\stl_tree.h:347:7:std::_Rb_tree_const_iterator<_Tp>::_Rb_tree_const_iterator(std::_Rb_tree_const_iterator<_Tp>::_Base_ptr) [with _Tp = HC05::SENSOR_DATA_PARAMETER]	16	static
c:\st\stm32cubeide_1.10.1\stm32cubeide\plugins\com.st.stm32cube.ide.mcu.externaltools.gnu-tools-for-stm32.10.3-2021.10.win32_1.0.0.202111181127\tools\arm-none-eabi\include\c++\10.3.1\bits\stl_tree.h:769:7:static const _Key& std::_Rb_tree<_Key, _Val, _KeyOfValue, _Compare, _Alloc>::_S_key(std::_Rb_tree<_Key, _Val, _KeyOfValue, _Compare, _Alloc>::_Const_Link_type) [with _Key = HC05::SENSOR_DATA_PARAMETER; _Val = HC05::SENSOR_DATA_PARAMETER; _KeyOfValue = std::_Identity<HC05::SENSOR_DATA_PARAMETER>; _Compare = std::less<HC05::SENSOR_DATA_PARAMETER>; _Alloc = std::allocator<HC05::SENSOR_DATA_PARAMETER>]	24	static
c:\st\stm32cubeide_1.10.1\stm32cubeide\plugins\com.st.stm32cube.ide.mcu.externaltools.gnu-tools-for-stm32.10.3-2021.10.win32_1.0.0.202111181127\tools\arm-none-eabi\include\c++\10.3.1\bits\stl_tree.h:791:7:static std::_Rb_tree_node<_Val>* std::_Rb_tree<_Key, _Val, _KeyOfValue, _Compare, _Alloc>::_S_left(std::_Rb_tree<_Key, _Val, _KeyOfValue, _Compare, _Alloc>::_Base_ptr) [with _Key = HC05::SENSOR_DATA_PARAMETER; _Val = HC05::SENSOR_DATA_PARAMETER; _KeyOfValue = std::_Identity<HC05::SENSOR_DATA_PARAMETER>; _Compare = std::less<HC05::SENSOR_DATA_PARAMETER>; _Alloc = std::allocator<HC05::SENSOR_DATA_PARAMETER>]	16	static
c:\st\stm32cubeide_1.10.1\stm32cubeide\plugins\com.st.stm32cube.ide.mcu.externaltools.gnu-tools-for-stm32.10.3-2021.10.win32_1.0.0.202111181127\tools\arm-none-eabi\include\c++\10.3.1\bits\stl_tree.h:799:7:static std::_Rb_tree_node<_Val>* std::_Rb_tree<_Key, _Val, _KeyOfValue, _Compare, _Alloc>::_S_right(std::_Rb_tree<_Key, _Val, _KeyOfValue, _Compare, _Alloc>::_Base_ptr) [with _Key = HC05::SENSOR_DATA_PARAMETER; _Val = HC05::SENSOR_DATA_PARAMETER; _KeyOfValue = std::_Identity<HC05::SENSOR_DATA_PARAMETER>; _Compare = std::less<HC05::SENSOR_DATA_PARAMETER>; _Alloc = std::allocator<HC05::SENSOR_DATA_PARAMETER>]	16	static
c:\st\stm32cubeide_1.10.1\stm32cubeide\plugins\com.st.stm32cube.ide.mcu.externaltools.gnu-tools-for-stm32.10.3-2021.10.win32_1.0.0.202111181127\tools\arm-none-eabi\include\c++\10.3.1\bits\stl_tree.h:273:7:std::_Rb_tree_iterator<_Tp>::_Rb_tree_iterator(std::_Rb_tree_iterator<_Tp>::_Base_ptr) [with _Tp = HC05::SENSOR_DATA_PARAMETER]	16	static
c:\st\stm32cubeide_1.10.1\stm32cubeide\plugins\com.st.stm32cube.ide.mcu.externaltools.gnu-tools-for-stm32.10.3-2021.10.win32_1.0.0.202111181127\tools\arm-none-eabi\include\c++\10.3.1\bits\stl_tree.h:238:7:const _Val* std::_Rb_tree_node<_Val>::_M_valptr() const [with _Val = HC05::SENSOR_DATA_PARAMETER]	16	static
c:\st\stm32cubeide_1.10.1\stm32cubeide\plugins\com.st.stm32cube.ide.mcu.externaltools.gnu-tools-for-stm32.10.3-2021.10.win32_1.0.0.202111181127\tools\arm-none-eabi\include\c++\10.3.1\bits\stl_function.h:1139:7:const _Tp& std::_Identity<_Tp>::operator()(const _Tp&) const [with _Tp = HC05::SENSOR_DATA_PARAMETER]	16	static
c:\st\stm32cubeide_1.10.1\stm32cubeide\plugins\com.st.stm32cube.ide.mcu.externaltools.gnu-tools-for-stm32.10.3-2021.10.win32_1.0.0.202111181127\tools\arm-none-eabi\include\c++\10.3.1\ext\aligned_buffer.h:76:7:const _Tp* __gnu_cxx::__aligned_membuf<_Tp>::_M_ptr() const [with _Tp = HC05::SENSOR_DATA_PARAMETER]	16	static
c:\st\stm32cubeide_1.10.1\stm32cubeide\plugins\com.st.stm32cube.ide.mcu.externaltools.gnu-tools-for-stm32.10.3-2021.10.win32_1.0.0.202111181127\tools\arm-none-eabi\include\c++\10.3.1\ext\aligned_buffer.h:68:7:const void* __gnu_cxx::__aligned_membuf<_Tp>::_M_addr() const [with _Tp = HC05::SENSOR_DATA_PARAMETER]	16	static
